******************************************************************************
                  TI ARM Linker PC v20.2.7                     
******************************************************************************
>> Linked Wed Mar 26 00:39:14 2025

OUTPUT FILE NAME:   <uart_echo.out>
ENTRY POINT SYMBOL: "_c_int00_noargs"  address: 00000965


MEMORY CONFIGURATION

         name            origin    length      used     unused   attr    fill
----------------------  --------  ---------  --------  --------  ----  --------
  FLASH                 00000000   00040000  00000bbc  0003f444  R  X
  SRAM                  20000000   00008000  00000101  00007eff  RW X


SEGMENT ALLOCATION MAP

run origin  load origin   length   init length attrs members
----------  ----------- ---------- ----------- ----- -------
00000000    00000000    00000bc0   00000bc0    r-x
  00000000    00000000    0000026c   0000026c    r-- .intvecs
  0000026c    0000026c    00000828   00000828    r-x .text
  00000a94    00000a94    00000110   00000110    r-- .const
  00000ba8    00000ba8    00000018   00000018    r-- .cinit
20000000    20000000    00000101   00000000    rw-
  20000000    20000000    00000100   00000000    rw- .stack
  20000100    20000100    00000001   00000000    rw- .data


SECTION ALLOCATION MAP

 output                                  attributes/
section   page    origin      length       input sections
--------  ----  ----------  ----------   ----------------
.intvecs   0    00000000    0000026c     
                  00000000    0000026c     startup_ccs.obj (.intvecs)

.text      0    0000026c    00000828     
                  0000026c    0000016c     gpio.obj (.text:GPIOPadConfigSet)
                  000003d8    00000118     sysctl.obj (.text:SysCtlClockGet)
                  000004f0    000000f4     sysctl.obj (.text:SysCtlClockSet)
                  000005e4    000000b8     slave_receive_int.obj (.text:main)
                  0000069c    0000009c     rtsv7M4_T_le_v4SPD16_eabi.lib : memcpy_t2.asm.obj (.text)
                  00000738    00000068     interrupt.obj (.text:IntEnable)
                  000007a0    00000068     rtsv7M4_T_le_v4SPD16_eabi.lib : copy_decompress_lzss.c.obj (.text:decompress:lzss:__TI_decompress_lzss)
                  00000808    0000004c     gpio.obj (.text:GPIOPinConfigure)
                  00000854    0000004c     i2c.obj (.text:I2CMasterInitExpClk)
                  000008a0    0000004c     slave_receive_int.obj (.text:InitConsole)
                  000008ec    00000044     rtsv7M4_T_le_v4SPD16_eabi.lib : autoinit.c.obj (.text:__TI_auto_init_nobinit_nopinit:__TI_auto_init_nobinit_nopinit)
                  00000930    00000034     sysctl.obj (.text:SysCtlPeripheralEnable)
                  00000964    00000034     rtsv7M4_T_le_v4SPD16_eabi.lib : boot_cortex_m.c.obj (.text:_c_int00_noargs:_c_int00_noargs)
                  00000998    0000002c     gpio.obj (.text:GPIODirModeSet)
                  000009c4    00000016     gpio.obj (.text:GPIOPinTypeI2C)
                  000009da    00000016     gpio.obj (.text:GPIOPinTypeI2CSCL)
                  000009f0    00000016     gpio.obj (.text:GPIOPinTypeUART)
                  00000a06    00000010     i2c.obj (.text:I2CSlaveEnable)
                  00000a16    00000010     interrupt.obj (.text:IntMasterEnable)
                  00000a26    0000000e     i2c.obj (.text:I2CSlaveInit)
                  00000a34    0000000e     rtsv7M4_T_le_v4SPD16_eabi.lib : copy_decompress_none.c.obj (.text:decompress:none:__TI_decompress_none)
                  00000a42    0000000c     cpu.obj (.text:CPUcpsie)
                  00000a4e    0000000c     i2c.obj (.text:I2CSlaveIntEnableEx)
                  00000a5a    0000000a     i2c.obj (.text:I2CMasterEnable)
                  00000a64    00000008     i2c.obj (.text:I2CMasterSlaveAddrSet)
                  00000a6c    00000006     startup_ccs.obj (.text:ResetISR)
                  00000a72    00000006     sysctl.obj (.text:SysCtlDelay)
                  00000a78    00000006     uart.obj (.text:UARTClockSourceSet)
                  00000a7e    00000004     i2c.obj (.text:I2CMasterControl)
                  00000a82    00000004     i2c.obj (.text:I2CMasterDataPut)
                  00000a86    00000004     rtsv7M4_T_le_v4SPD16_eabi.lib : pre_init.c.obj (.text:_system_pre_init)
                  00000a8a    00000004                                   : exit.c.obj (.text:abort:abort)
                  00000a8e    00000002     startup_ccs.obj (.text:FaultISR)
                  00000a90    00000002     startup_ccs.obj (.text:IntDefaultHandler)
                  00000a92    00000002     startup_ccs.obj (.text:NmiSR)

.const     0    00000a94    00000110     
                  00000a94    00000090     gpio.obj (.const:g_pui32GPIOBaseAddrs)
                  00000b24    0000006c     sysctl.obj (.const:g_pui32Xtals)
                  00000b90    00000014     interrupt.obj (.const:g_pui32EnRegs)

.cinit     0    00000ba8    00000018     
                  00000ba8    00000008     (__TI_handler_table)
                  00000bb0    00000005     (.cinit..data.load) [load image, compression = lzss]
                  00000bb5    00000003     --HOLE-- [fill = 0]
                  00000bb8    00000008     (__TI_cinit_table)

.init_array 
*          0    00000000    00000000     UNINITIALIZED

.data      0    20000100    00000001     UNINITIALIZED
                  20000100    00000001     slave_receive_int.obj (.data)

.stack     0    20000000    00000100     UNINITIALIZED
                  20000000    00000004     rtsv7M4_T_le_v4SPD16_eabi.lib : boot_cortex_m.c.obj (.stack)
                  20000004    000000fc     --HOLE--

__llvm_prf_cnts 
*          0    20000000    00000000     UNINITIALIZED

.binit     0    00000000    00000000     

MODULE SUMMARY

       Module                       code   ro data   rw data
       ------                       ----   -------   -------
    .\
       gpio.obj                     550    144       0      
       sysctl.obj                   582    108       0      
       startup_ccs.obj              12     620       0      
       slave_receive_int.obj        260    0         1      
       i2c.obj                      144    0         0      
       interrupt.obj                120    20        0      
       cpu.obj                      12     0         0      
       uart.obj                     6      0         0      
    +--+----------------------------+------+---------+---------+
       Total:                       1686   892       1      
                                                            
    C:\ti\ccs1230\ccs\tools\compiler\ti-cgt-arm_20.2.7.LTS\lib\rtsv7M4_T_le_v4SPD16_eabi.lib
       memcpy_t2.asm.obj            156    0         0      
       copy_decompress_lzss.c.obj   104    0         0      
       autoinit.c.obj               68     0         0      
       boot_cortex_m.c.obj          52     0         0      
       copy_decompress_none.c.obj   14     0         0      
       exit.c.obj                   4      0         0      
       pre_init.c.obj               4      0         0      
    +--+----------------------------+------+---------+---------+
       Total:                       402    0         0      
                                                            
       Stack:                       0      0         256    
       Linker Generated:            0      21        0      
    +--+----------------------------+------+---------+---------+
       Grand Total:                 2088   913       257    


LINKER GENERATED COPY TABLES

__TI_cinit_table @ 00000bb8 records: 1, size/record: 8, table size: 8
	.data: load addr=00000bb0, load size=00000005 bytes, run addr=20000100, run size=00000001 bytes, compression=lzss


LINKER GENERATED HANDLER TABLE

__TI_handler_table @ 00000ba8 records: 2, size/record: 4, table size: 8
	index: 0, handler: __TI_decompress_lzss
	index: 1, handler: __TI_decompress_none


GLOBAL SYMBOLS: SORTED ALPHABETICALLY BY Name 

address   name                          
-------   ----                          
00000a8b  C$$EXIT                       
00000a43  CPUcpsie                      
00000999  GPIODirModeSet                
0000026d  GPIOPadConfigSet              
00000809  GPIOPinConfigure              
000009c5  GPIOPinTypeI2C                
000009db  GPIOPinTypeI2CSCL             
000009f1  GPIOPinTypeUART               
00000a7f  I2CMasterControl              
00000a83  I2CMasterDataPut              
00000a5b  I2CMasterEnable               
00000855  I2CMasterInitExpClk           
00000a65  I2CMasterSlaveAddrSet         
00000a07  I2CSlaveEnable                
00000a27  I2CSlaveInit                  
00000a4f  I2CSlaveIntEnableEx           
000008a1  InitConsole                   
00000739  IntEnable                     
00000a17  IntMasterEnable               
00000a6d  ResetISR                      
000003d9  SysCtlClockGet                
000004f1  SysCtlClockSet                
00000a73  SysCtlDelay                   
00000931  SysCtlPeripheralEnable        
00000a79  UARTClockSourceSet            
UNDEFED   UARTIntHandler                
UNDEFED   UARTStdioConfig               
20000100  __STACK_END                   
00000100  __STACK_SIZE                  
20000100  __STACK_TOP                   
00000bb8  __TI_CINIT_Base               
00000bc0  __TI_CINIT_Limit              
00000ba8  __TI_Handler_Table_Base       
00000bb0  __TI_Handler_Table_Limit      
000008ed  __TI_auto_init_nobinit_nopinit
000007a1  __TI_decompress_lzss          
00000a35  __TI_decompress_none          
ffffffff  __TI_pprof_out_hndl           
ffffffff  __TI_prof_data_size           
ffffffff  __TI_prof_data_start          
00000000  __TI_static_base__            
0000069d  __aeabi_memcpy                
0000069d  __aeabi_memcpy4               
0000069d  __aeabi_memcpy8               
ffffffff  __binit__                     
ffffffff  __c_args__                    
UNDEFED   __mpu_init                    
20000000  __stack                       
20000000  __start___llvm_prf_cnts       
20000000  __stop___llvm_prf_cnts        
00000965  _c_int00_noargs               
UNDEFED   _system_post_cinit            
00000a87  _system_pre_init              
00000a8b  abort                         
ffffffff  binit                         
00000000  g_pfnVectors                  
000005e5  main                          
0000069d  memcpy                        


GLOBAL SYMBOLS: SORTED BY Symbol Address 

address   name                          
-------   ----                          
00000000  __TI_static_base__            
00000000  g_pfnVectors                  
00000100  __STACK_SIZE                  
0000026d  GPIOPadConfigSet              
000003d9  SysCtlClockGet                
000004f1  SysCtlClockSet                
000005e5  main                          
0000069d  __aeabi_memcpy                
0000069d  __aeabi_memcpy4               
0000069d  __aeabi_memcpy8               
0000069d  memcpy                        
00000739  IntEnable                     
000007a1  __TI_decompress_lzss          
00000809  GPIOPinConfigure              
00000855  I2CMasterInitExpClk           
000008a1  InitConsole                   
000008ed  __TI_auto_init_nobinit_nopinit
00000931  SysCtlPeripheralEnable        
00000965  _c_int00_noargs               
00000999  GPIODirModeSet                
000009c5  GPIOPinTypeI2C                
000009db  GPIOPinTypeI2CSCL             
000009f1  GPIOPinTypeUART               
00000a07  I2CSlaveEnable                
00000a17  IntMasterEnable               
00000a27  I2CSlaveInit                  
00000a35  __TI_decompress_none          
00000a43  CPUcpsie                      
00000a4f  I2CSlaveIntEnableEx           
00000a5b  I2CMasterEnable               
00000a65  I2CMasterSlaveAddrSet         
00000a6d  ResetISR                      
00000a73  SysCtlDelay                   
00000a79  UARTClockSourceSet            
00000a7f  I2CMasterControl              
00000a83  I2CMasterDataPut              
00000a87  _system_pre_init              
00000a8b  C$$EXIT                       
00000a8b  abort                         
00000ba8  __TI_Handler_Table_Base       
00000bb0  __TI_Handler_Table_Limit      
00000bb8  __TI_CINIT_Base               
00000bc0  __TI_CINIT_Limit              
20000000  __stack                       
20000000  __start___llvm_prf_cnts       
20000000  __stop___llvm_prf_cnts        
20000100  __STACK_END                   
20000100  __STACK_TOP                   
ffffffff  __TI_pprof_out_hndl           
ffffffff  __TI_prof_data_size           
ffffffff  __TI_prof_data_start          
ffffffff  __binit__                     
ffffffff  __c_args__                    
ffffffff  binit                         
UNDEFED   UARTIntHandler                
UNDEFED   UARTStdioConfig               
UNDEFED   __mpu_init                    
UNDEFED   _system_post_cinit            

[58 symbols]
