******************************************************************************
                  TI ARM Linker PC v20.2.7                     
******************************************************************************
>> Linked Tue May 14 15:23:55 2024

OUTPUT FILE NAME:   <PWM_LUAN.out>
ENTRY POINT SYMBOL: "_c_int00_noargs"  address: 00000bf1


MEMORY CONFIGURATION

         name            origin    length      used     unused   attr    fill
----------------------  --------  ---------  --------  --------  ----  --------
  FLASH                 00000000   00040000  00000c8a  0003f376  R  X
  SRAM                  20000000   00008000  000002b4  00007d4c  RW X


SEGMENT ALLOCATION MAP

run origin  load origin   length   init length attrs members
----------  ----------- ---------- ----------- ----- -------
00000000    00000000    00000c90   00000c90    r-x
  00000000    00000000    0000026c   0000026c    r-- .intvecs
  0000026c    0000026c    000009ce   000009ce    r-x .text
  00000c40    00000c40    00000050   00000050    r-- .cinit
20000000    20000000    000002b4   00000000    rw-
  20000000    20000000    00000200   00000000    rw- .stack
  20000200    20000200    000000b4   00000000    rw- .data


SECTION ALLOCATION MAP

 output                                  attributes/
section   page    origin      length       input sections
--------  ----  ----------  ----------   ----------------
.intvecs   0    00000000    0000026c     
                  00000000    0000026c     tm4c123gh6pm_startup_ccs.obj (.intvecs)

.text      0    0000026c    000009ce     
                  0000026c    00000728     MALH_ABRT.obj (.text)
                  00000994    00000112     tm4c123gh6pm_startup_ccs.obj (.text)
                  00000aa6    0000009c     rtsv7M4_T_le_v4SPD16_eabi.lib : memcpy_t2.asm.obj (.text)
                  00000b42    00000068                                   : copy_decompress_lzss.c.obj (.text:decompress:lzss:__TI_decompress_lzss)
                  00000baa    00000002     --HOLE-- [fill = 0]
                  00000bac    00000044                                   : autoinit.c.obj (.text:__TI_auto_init_nobinit_nopinit:__TI_auto_init_nobinit_nopinit)
                  00000bf0    00000034                                   : boot_cortex_m.c.obj (.text:_c_int00_noargs:_c_int00_noargs)
                  00000c24    0000000e                                   : copy_decompress_none.c.obj (.text:decompress:none:__TI_decompress_none)
                  00000c32    00000004                                   : pre_init.c.obj (.text:_system_pre_init)
                  00000c36    00000004                                   : exit.c.obj (.text:abort:abort)

.cinit     0    00000c40    00000050     
                  00000c40    0000003d     (.cinit..data.load) [load image, compression = lzss]
                  00000c7d    00000003     --HOLE-- [fill = 0]
                  00000c80    00000008     (__TI_handler_table)
                  00000c88    00000008     (__TI_cinit_table)

.init_array 
*          0    00000000    00000000     UNINITIALIZED

.data      0    20000200    000000b4     UNINITIALIZED
                  20000200    000000b4     MALH_ABRT.obj (.data)

.stack     0    20000000    00000200     UNINITIALIZED
                  20000000    00000004     rtsv7M4_T_le_v4SPD16_eabi.lib : boot_cortex_m.c.obj (.stack)
                  20000004    000001fc     --HOLE--

__llvm_prf_cnts 
*          0    20000000    00000000     UNINITIALIZED

MODULE SUMMARY

       Module                         code   ro data   rw data
       ------                         ----   -------   -------
    .\
       MALH_ABRT.obj                  1832   0         180    
       tm4c123gh6pm_startup_ccs.obj   274    620       0      
    +--+------------------------------+------+---------+---------+
       Total:                         2106   620       180    
                                                              
    C:\ti\ccs1230\ccs\tools\compiler\ti-cgt-arm_20.2.7.LTS\lib\rtsv7M4_T_le_v4SPD16_eabi.lib
       memcpy_t2.asm.obj              156    0         0      
       copy_decompress_lzss.c.obj     104    0         0      
       autoinit.c.obj                 68     0         0      
       boot_cortex_m.c.obj            52     0         0      
       copy_decompress_none.c.obj     14     0         0      
       exit.c.obj                     4      0         0      
       pre_init.c.obj                 4      0         0      
    +--+------------------------------+------+---------+---------+
       Total:                         402    0         0      
                                                              
       Stack:                         0      0         512    
       Linker Generated:              0      77        0      
    +--+------------------------------+------+---------+---------+
       Grand Total:                   2508   697       692    


LINKER GENERATED COPY TABLES

__TI_cinit_table @ 00000c88 records: 1, size/record: 8, table size: 8
	.data: load addr=00000c40, load size=0000003d bytes, run addr=20000200, run size=000000b4 bytes, compression=lzss


LINKER GENERATED HANDLER TABLE

__TI_handler_table @ 00000c80 records: 2, size/record: 4, table size: 8
	index: 0, handler: __TI_decompress_lzss
	index: 1, handler: __TI_decompress_none


GLOBAL SYMBOLS: SORTED ALPHABETICALLY BY Name 

address   name                          
-------   ----                          
20000258  A1                            
2000025c  A2                            
20000270  AD0                           
20000274  AD1                           
000009c5  ADC0Seq0_Handler              
000009c7  ADC0Seq1_Handler              
000009c9  ADC0Seq2_Handler              
000009cb  ADC0Seq3_Handler              
00000a09  ADC1Seq0_Handler              
00000a0b  ADC1Seq1_Handler              
00000a0d  ADC1Seq2_Handler              
00000a0f  ADC1Seq3_Handler              
000005c9  ADC_Init                      
20000260  B1                            
20000264  B2                            
00000c37  C$$EXIT                       
20000268  C1                            
2000026c  C2                            
000009f7  CAN0_Handler                  
000009f9  CAN1_Handler                  
000009fb  CAN2_Handler                  
000007dd  Clock_Init                    
000009db  Comp0_Handler                 
000009dd  Comp1_Handler                 
000009df  Comp2_Handler                 
20000218  DUTY                          
000009a3  DebugMon_Handler              
00000a8d  DisableInterrupts             
20000290  Duty                          
200002b0  Duty_antigo                   
20000284  EkI                           
200002ac  EkIantigo                     
20000280  EkV                           
200002a4  EkVantigo                     
00000a91  EnableInterrupts              
00000a9d  EndCritical                   
000009fd  Ethernet_Handler              
00000a13  ExtBus_Handler                
00000a4d  FPU_Handler                   
20000208  FREQ_AD                       
2000020c  FREQ_PWM                      
00000a5d  Fan0_Handler                  
000009e3  FlashCtl_Handler              
000009a9  GPIOPortA_Handler             
000009ab  GPIOPortB_Handler             
000009ad  GPIOPortC_Handler             
000009af  GPIOPortD_Handler             
000009b1  GPIOPortE_Handler             
000009e5  GPIOPortF_Handler             
000009e7  GPIOPortG_Handler             
000009e9  GPIOPortH_Handler             
00000a15  GPIOPortJ_Handler             
00000a17  GPIOPortK_Handler             
00000a19  GPIOPortL_Handler             
00000a57  GPIOPortM_Handler             
00000a59  GPIOPortN_Handler             
00000a61  GPIOPortP1_Handler            
00000a63  GPIOPortP2_Handler            
00000a65  GPIOPortP3_Handler            
00000a67  GPIOPortP4_Handler            
00000a69  GPIOPortP5_Handler            
00000a6b  GPIOPortP6_Handler            
00000a6d  GPIOPortP7_Handler            
00000a5f  GPIOPortP_Handler             
00000a71  GPIOPortQ1_Handler            
00000a73  GPIOPortQ2_Handler            
00000a75  GPIOPortQ3_Handler            
00000a77  GPIOPortQ4_Handler            
00000a79  GPIOPortQ5_Handler            
00000a7b  GPIOPortQ6_Handler            
00000a7d  GPIOPortQ7_Handler            
00000a6f  GPIOPortQ_Handler             
00000a7f  GPIOPortR_Handler             
00000a81  GPIOPortS_Handler             
000009ff  Hibernate_Handler             
000009b9  I2C0_Handler                  
000009f3  I2C1_Handler                  
00000a29  I2C2_Handler                  
00000a2b  I2C3_Handler                  
00000a53  I2C4_Handler                  
00000a55  I2C5_Handler                  
00000a11  I2S0_Handler                  
2000023c  IFilt                         
20000244  IFilt_antigo                  
20000278  Imedido                       
20000240  Imedido_antigo                
20000234  Imedio                        
2000028c  Iref                          
200002a8  Iref_antigo                   
20000238  Isoma                         
00000a51  LPC0_Handler                  
00000a4f  PECI0_Handler                 
000009bb  PWM0Fault_Handler             
000009bd  PWM0Generator0_Handler        
000009bf  PWM0Generator1_Handler        
000009c1  PWM0Generator2_Handler        
00000a03  PWM0Generator3_Handler        
00000a8b  PWM1Fault_Handler             
00000a83  PWM1Generator0_Handler        
00000a85  PWM1Generator1_Handler        
00000a87  PWM1Generator2_Handler        
00000a89  PWM1Generator3_Handler        
00000709  PWM1_1_Init                   
20000200  PWMGERAL                      
000009a5  PendSV_Handler                
00000781  PortE_Init                    
0000087d  PortF_Init                    
000009c3  Quadrature0_Handler           
000009f5  Quadrature1_Handler           
00000a5b  Quadrature2_Handler           
00000995  ResetISR                      
000009b7  SSI0_Handler                  
000009ed  SSI1_Handler                  
00000a1b  SSI2_Handler                  
00000a1d  SSI3_Handler                  
000009a1  SVC_Handler                   
00000a95  StartCritical                 
000009e1  SysCtl_Handler                
000009a7  SysTick_Handler               
000002db  Timer0A_Handler               
000006a9  Timer0A_Init                  
000009d1  Timer0B_Handler               
000009d3  Timer1A_Handler               
000009d5  Timer1B_Handler               
000009d7  Timer2A_Handler               
000009d9  Timer2B_Handler               
000009ef  Timer3A_Handler               
000009f1  Timer3B_Handler               
00000a2d  Timer4A_Handler               
00000a2f  Timer4B_Handler               
00000a31  Timer5A_Handler               
00000a33  Timer5B_Handler               
000009b3  UART0_Handler                 
000009b5  UART1_Handler                 
000009eb  UART2_Handler                 
00000a1f  UART3_Handler                 
00000a21  UART4_Handler                 
00000a23  UART5_Handler                 
00000a25  UART6_Handler                 
00000a27  UART7_Handler                 
00000a01  USB0_Handler                  
2000024c  VFilt_antigo                  
20000250  Vfilt                         
2000027c  Vmedido                       
20000248  Vmedido_antigo                
20000298  Vmedio                        
20000288  Vref                          
2000029c  Vsoma                         
000009cd  WDT_Handler                   
00000aa3  WaitForInterrupt              
00000a35  WideTimer0A_Handler           
00000a37  WideTimer0B_Handler           
00000a39  WideTimer1A_Handler           
00000a3b  WideTimer1B_Handler           
00000a3d  WideTimer2A_Handler           
00000a3f  WideTimer2B_Handler           
00000a41  WideTimer3A_Handler           
00000a43  WideTimer3B_Handler           
00000a45  WideTimer4A_Handler           
00000a47  WideTimer4B_Handler           
00000a49  WideTimer5A_Handler           
00000a4b  WideTimer5B_Handler           
20000200  __STACK_END                   
00000200  __STACK_SIZE                  
20000200  __STACK_TOP                   
00000c88  __TI_CINIT_Base               
00000c90  __TI_CINIT_Limit              
00000c80  __TI_Handler_Table_Base       
00000c88  __TI_Handler_Table_Limit      
00000bad  __TI_auto_init_nobinit_nopinit
00000b43  __TI_decompress_lzss          
00000c25  __TI_decompress_none          
ffffffff  __TI_pprof_out_hndl           
ffffffff  __TI_prof_data_size           
ffffffff  __TI_prof_data_start          
00000000  __TI_static_base__            
00000aa7  __aeabi_memcpy                
00000aa7  __aeabi_memcpy4               
00000aa7  __aeabi_memcpy8               
ffffffff  __binit__                     
ffffffff  __c_args__                    
UNDEFED   __mpu_init                    
20000000  __stack                       
20000000  __start___llvm_prf_cnts       
20000000  __stop___llvm_prf_cnts        
00000bf1  _c_int00_noargs               
UNDEFED   _system_post_cinit            
00000c33  _system_pre_init              
00000c37  abort                         
20000220  aux                           
ffffffff  binit                         
20000214  corrente_protecao             
20000204  delay                         
00000000  g_pfnVectors                  
0000026d  main                          
00000aa7  memcpy                        
20000228  protecaoi                     
2000022c  protecaov                     
20000294  tensao_barramento             
20000254  tensao_barramento_antigo      
20000210  tensao_protecao               
20000224  trava                         
00000a07  uDMA_Error                    
00000a05  uDMA_Handler                  
2000021c  x                             
20000230  y                             
200002a0  z                             


GLOBAL SYMBOLS: SORTED BY Symbol Address 

address   name                          
-------   ----                          
00000000  __TI_static_base__            
00000000  g_pfnVectors                  
00000200  __STACK_SIZE                  
0000026d  main                          
000002db  Timer0A_Handler               
000005c9  ADC_Init                      
000006a9  Timer0A_Init                  
00000709  PWM1_1_Init                   
00000781  PortE_Init                    
000007dd  Clock_Init                    
0000087d  PortF_Init                    
00000995  ResetISR                      
000009a1  SVC_Handler                   
000009a3  DebugMon_Handler              
000009a5  PendSV_Handler                
000009a7  SysTick_Handler               
000009a9  GPIOPortA_Handler             
000009ab  GPIOPortB_Handler             
000009ad  GPIOPortC_Handler             
000009af  GPIOPortD_Handler             
000009b1  GPIOPortE_Handler             
000009b3  UART0_Handler                 
000009b5  UART1_Handler                 
000009b7  SSI0_Handler                  
000009b9  I2C0_Handler                  
000009bb  PWM0Fault_Handler             
000009bd  PWM0Generator0_Handler        
000009bf  PWM0Generator1_Handler        
000009c1  PWM0Generator2_Handler        
000009c3  Quadrature0_Handler           
000009c5  ADC0Seq0_Handler              
000009c7  ADC0Seq1_Handler              
000009c9  ADC0Seq2_Handler              
000009cb  ADC0Seq3_Handler              
000009cd  WDT_Handler                   
000009d1  Timer0B_Handler               
000009d3  Timer1A_Handler               
000009d5  Timer1B_Handler               
000009d7  Timer2A_Handler               
000009d9  Timer2B_Handler               
000009db  Comp0_Handler                 
000009dd  Comp1_Handler                 
000009df  Comp2_Handler                 
000009e1  SysCtl_Handler                
000009e3  FlashCtl_Handler              
000009e5  GPIOPortF_Handler             
000009e7  GPIOPortG_Handler             
000009e9  GPIOPortH_Handler             
000009eb  UART2_Handler                 
000009ed  SSI1_Handler                  
000009ef  Timer3A_Handler               
000009f1  Timer3B_Handler               
000009f3  I2C1_Handler                  
000009f5  Quadrature1_Handler           
000009f7  CAN0_Handler                  
000009f9  CAN1_Handler                  
000009fb  CAN2_Handler                  
000009fd  Ethernet_Handler              
000009ff  Hibernate_Handler             
00000a01  USB0_Handler                  
00000a03  PWM0Generator3_Handler        
00000a05  uDMA_Handler                  
00000a07  uDMA_Error                    
00000a09  ADC1Seq0_Handler              
00000a0b  ADC1Seq1_Handler              
00000a0d  ADC1Seq2_Handler              
00000a0f  ADC1Seq3_Handler              
00000a11  I2S0_Handler                  
00000a13  ExtBus_Handler                
00000a15  GPIOPortJ_Handler             
00000a17  GPIOPortK_Handler             
00000a19  GPIOPortL_Handler             
00000a1b  SSI2_Handler                  
00000a1d  SSI3_Handler                  
00000a1f  UART3_Handler                 
00000a21  UART4_Handler                 
00000a23  UART5_Handler                 
00000a25  UART6_Handler                 
00000a27  UART7_Handler                 
00000a29  I2C2_Handler                  
00000a2b  I2C3_Handler                  
00000a2d  Timer4A_Handler               
00000a2f  Timer4B_Handler               
00000a31  Timer5A_Handler               
00000a33  Timer5B_Handler               
00000a35  WideTimer0A_Handler           
00000a37  WideTimer0B_Handler           
00000a39  WideTimer1A_Handler           
00000a3b  WideTimer1B_Handler           
00000a3d  WideTimer2A_Handler           
00000a3f  WideTimer2B_Handler           
00000a41  WideTimer3A_Handler           
00000a43  WideTimer3B_Handler           
00000a45  WideTimer4A_Handler           
00000a47  WideTimer4B_Handler           
00000a49  WideTimer5A_Handler           
00000a4b  WideTimer5B_Handler           
00000a4d  FPU_Handler                   
00000a4f  PECI0_Handler                 
00000a51  LPC0_Handler                  
00000a53  I2C4_Handler                  
00000a55  I2C5_Handler                  
00000a57  GPIOPortM_Handler             
00000a59  GPIOPortN_Handler             
00000a5b  Quadrature2_Handler           
00000a5d  Fan0_Handler                  
00000a5f  GPIOPortP_Handler             
00000a61  GPIOPortP1_Handler            
00000a63  GPIOPortP2_Handler            
00000a65  GPIOPortP3_Handler            
00000a67  GPIOPortP4_Handler            
00000a69  GPIOPortP5_Handler            
00000a6b  GPIOPortP6_Handler            
00000a6d  GPIOPortP7_Handler            
00000a6f  GPIOPortQ_Handler             
00000a71  GPIOPortQ1_Handler            
00000a73  GPIOPortQ2_Handler            
00000a75  GPIOPortQ3_Handler            
00000a77  GPIOPortQ4_Handler            
00000a79  GPIOPortQ5_Handler            
00000a7b  GPIOPortQ6_Handler            
00000a7d  GPIOPortQ7_Handler            
00000a7f  GPIOPortR_Handler             
00000a81  GPIOPortS_Handler             
00000a83  PWM1Generator0_Handler        
00000a85  PWM1Generator1_Handler        
00000a87  PWM1Generator2_Handler        
00000a89  PWM1Generator3_Handler        
00000a8b  PWM1Fault_Handler             
00000a8d  DisableInterrupts             
00000a91  EnableInterrupts              
00000a95  StartCritical                 
00000a9d  EndCritical                   
00000aa3  WaitForInterrupt              
00000aa7  __aeabi_memcpy                
00000aa7  __aeabi_memcpy4               
00000aa7  __aeabi_memcpy8               
00000aa7  memcpy                        
00000b43  __TI_decompress_lzss          
00000bad  __TI_auto_init_nobinit_nopinit
00000bf1  _c_int00_noargs               
00000c25  __TI_decompress_none          
00000c33  _system_pre_init              
00000c37  C$$EXIT                       
00000c37  abort                         
00000c80  __TI_Handler_Table_Base       
00000c88  __TI_CINIT_Base               
00000c88  __TI_Handler_Table_Limit      
00000c90  __TI_CINIT_Limit              
20000000  __stack                       
20000000  __start___llvm_prf_cnts       
20000000  __stop___llvm_prf_cnts        
20000200  PWMGERAL                      
20000200  __STACK_END                   
20000200  __STACK_TOP                   
20000204  delay                         
20000208  FREQ_AD                       
2000020c  FREQ_PWM                      
20000210  tensao_protecao               
20000214  corrente_protecao             
20000218  DUTY                          
2000021c  x                             
20000220  aux                           
20000224  trava                         
20000228  protecaoi                     
2000022c  protecaov                     
20000230  y                             
20000234  Imedio                        
20000238  Isoma                         
2000023c  IFilt                         
20000240  Imedido_antigo                
20000244  IFilt_antigo                  
20000248  Vmedido_antigo                
2000024c  VFilt_antigo                  
20000250  Vfilt                         
20000254  tensao_barramento_antigo      
20000258  A1                            
2000025c  A2                            
20000260  B1                            
20000264  B2                            
20000268  C1                            
2000026c  C2                            
20000270  AD0                           
20000274  AD1                           
20000278  Imedido                       
2000027c  Vmedido                       
20000280  EkV                           
20000284  EkI                           
20000288  Vref                          
2000028c  Iref                          
20000290  Duty                          
20000294  tensao_barramento             
20000298  Vmedio                        
2000029c  Vsoma                         
200002a0  z                             
200002a4  EkVantigo                     
200002a8  Iref_antigo                   
200002ac  EkIantigo                     
200002b0  Duty_antigo                   
ffffffff  __TI_pprof_out_hndl           
ffffffff  __TI_prof_data_size           
ffffffff  __TI_prof_data_start          
ffffffff  __binit__                     
ffffffff  __c_args__                    
ffffffff  binit                         
UNDEFED   __mpu_init                    
UNDEFED   _system_post_cinit            

[207 symbols]
