******************************************************************************
                  TI ARM Linker PC v20.2.5                     
******************************************************************************
>> Linked Thu Mar 31 15:09:48 2022

OUTPUT FILE NAME:   <Lab3_GPIO.out>
ENTRY POINT SYMBOL: "_c_int00_noargs"  address: 0000049d


MEMORY CONFIGURATION

         name            origin    length      used     unused   attr    fill
----------------------  --------  ---------  --------  --------  ----  --------
  FLASH                 00000000   00040000  0000053e  0003fac2  R  X
  SRAM                  20000000   00008000  00000214  00007dec  RW X


SEGMENT ALLOCATION MAP

run origin  load origin   length   init length attrs members
----------  ----------- ---------- ----------- ----- -------
00000000    00000000    00000540   00000540    r-x
  00000000    00000000    0000026c   0000026c    r-- .intvecs
  0000026c    0000026c    000002a2   000002a2    r-x .text
  00000510    00000510    00000030   00000030    r-- .cinit
20000000    20000000    00000214   00000000    rw-
  20000000    20000000    00000200   00000000    rw- .stack
  20000200    20000200    00000010   00000000    rw- .data
  20000210    20000210    00000004   00000000    rw- .bss


SECTION ALLOCATION MAP

 output                                  attributes/
section   page    origin      length       input sections
--------  ----  ----------  ----------   ----------------
.intvecs   0    00000000    0000026c     
                  00000000    0000026c     tm4c123gh6pm_startup_ccs.obj (.intvecs)

.text      0    0000026c    000002a2     
                  0000026c    000000e8     main_Gab_PP1.obj (.text)
                  00000354    0000009c     rtsv7M4_T_le_v4SPD16_eabi.lib : memcpy_t2.asm.obj (.text)
                  000003f0    00000068                                   : copy_decompress_lzss.c.obj (.text:decompress:lzss:__TI_decompress_lzss)
                  00000458    00000044                                   : autoinit.c.obj (.text:__TI_auto_init_nobinit_nopinit:__TI_auto_init_nobinit_nopinit)
                  0000049c    00000034                                   : boot_cortex_m.c.obj (.text:_c_int00_noargs:_c_int00_noargs)
                  000004d0    0000001c                                   : copy_zero_init.c.obj (.text:decompress:ZI:__TI_zero_init_nomemset:__TI_zero_init_nomemset)
                  000004ec    0000000e                                   : copy_decompress_none.c.obj (.text:decompress:none:__TI_decompress_none)
                  000004fa    0000000c     tm4c123gh6pm_startup_ccs.obj (.text)
                  00000506    00000004     rtsv7M4_T_le_v4SPD16_eabi.lib : pre_init.c.obj (.text:_system_pre_init)
                  0000050a    00000004                                   : exit.c.obj (.text:abort:abort)

.cinit     0    00000510    00000030     
                  00000510    0000000c     (__TI_handler_table)
                  0000051c    00000004     --HOLE-- [fill = 0]
                  00000520    00000008     (.cinit..bss.load) [load image, compression = zero_init]
                  00000528    00000008     (.cinit..data.load) [load image, compression = lzss]
                  00000530    00000010     (__TI_cinit_table)

.init_array 
*          0    00000000    00000000     UNINITIALIZED

.data      0    20000200    00000010     UNINITIALIZED
                  20000200    00000010     main_Gab_PP1.obj (.data)

.bss       0    20000210    00000004     UNINITIALIZED
                  20000210    00000004     (.common:In)

.stack     0    20000000    00000200     UNINITIALIZED
                  20000000    00000004     rtsv7M4_T_le_v4SPD16_eabi.lib : boot_cortex_m.c.obj (.stack)
                  20000004    000001fc     --HOLE--

__llvm_prf_cnts 
*          0    20000000    00000000     UNINITIALIZED

MODULE SUMMARY

       Module                         code   ro data   rw data
       ------                         ----   -------   -------
    .\
       tm4c123gh6pm_startup_ccs.obj   12     620       0      
       main_Gab_PP1.obj               232    0         20     
    +--+------------------------------+------+---------+---------+
       Total:                         244    620       20     
                                                              
    C:\ti\ccs1110\ccs\tools\compiler\ti-cgt-arm_20.2.5.LTS\lib\rtsv7M4_T_le_v4SPD16_eabi.lib
       memcpy_t2.asm.obj              156    0         0      
       copy_decompress_lzss.c.obj     104    0         0      
       autoinit.c.obj                 68     0         0      
       boot_cortex_m.c.obj            52     0         0      
       copy_zero_init.c.obj           28     0         0      
       copy_decompress_none.c.obj     14     0         0      
       exit.c.obj                     4      0         0      
       pre_init.c.obj                 4      0         0      
    +--+------------------------------+------+---------+---------+
       Total:                         430    0         0      
                                                              
       Stack:                         0      0         512    
       Linker Generated:              0      44        0      
    +--+------------------------------+------+---------+---------+
       Grand Total:                   674    664       532    


LINKER GENERATED COPY TABLES

__TI_cinit_table @ 00000530 records: 2, size/record: 8, table size: 16
	.bss: load addr=00000520, load size=00000008 bytes, run addr=20000210, run size=00000004 bytes, compression=zero_init
	.data: load addr=00000528, load size=00000008 bytes, run addr=20000200, run size=00000010 bytes, compression=lzss


LINKER GENERATED HANDLER TABLE

__TI_handler_table @ 00000510 records: 3, size/record: 4, table size: 12
	index: 0, handler: __TI_decompress_lzss
	index: 1, handler: __TI_decompress_none
	index: 2, handler: __TI_zero_init


GLOBAL SYMBOLS: SORTED ALPHABETICALLY BY Name 

address   name                          
-------   ----                          
0000050b  C$$EXIT                       
000002f7  Delay                         
20000210  In                            
000002af  PortF_Init                    
000004fb  ResetISR                      
20000200  __STACK_END                   
00000200  __STACK_SIZE                  
20000200  __STACK_TOP                   
00000530  __TI_CINIT_Base               
00000540  __TI_CINIT_Limit              
00000510  __TI_Handler_Table_Base       
0000051c  __TI_Handler_Table_Limit      
00000459  __TI_auto_init_nobinit_nopinit
000003f1  __TI_decompress_lzss          
000004ed  __TI_decompress_none          
ffffffff  __TI_pprof_out_hndl           
ffffffff  __TI_prof_data_size           
ffffffff  __TI_prof_data_start          
00000000  __TI_static_base__            
000004d1  __TI_zero_init_nomemset       
00000355  __aeabi_memcpy                
00000355  __aeabi_memcpy4               
00000355  __aeabi_memcpy8               
ffffffff  __binit__                     
ffffffff  __c_args__                    
UNDEFED   __mpu_init                    
20000000  __stack                       
20000000  __start___llvm_prf_cnts       
20000000  __stop___llvm_prf_cnts        
0000049d  _c_int00_noargs               
UNDEFED   _system_post_cinit            
00000507  _system_pre_init              
20000200  a                             
0000050b  abort                         
20000204  b                             
ffffffff  binit                         
20000208  c                             
2000020c  d                             
00000000  g_pfnVectors                  
0000026d  main                          
00000355  memcpy                        


GLOBAL SYMBOLS: SORTED BY Symbol Address 

address   name                          
-------   ----                          
00000000  __TI_static_base__            
00000000  g_pfnVectors                  
00000200  __STACK_SIZE                  
0000026d  main                          
000002af  PortF_Init                    
000002f7  Delay                         
00000355  __aeabi_memcpy                
00000355  __aeabi_memcpy4               
00000355  __aeabi_memcpy8               
00000355  memcpy                        
000003f1  __TI_decompress_lzss          
00000459  __TI_auto_init_nobinit_nopinit
0000049d  _c_int00_noargs               
000004d1  __TI_zero_init_nomemset       
000004ed  __TI_decompress_none          
000004fb  ResetISR                      
00000507  _system_pre_init              
0000050b  C$$EXIT                       
0000050b  abort                         
00000510  __TI_Handler_Table_Base       
0000051c  __TI_Handler_Table_Limit      
00000530  __TI_CINIT_Base               
00000540  __TI_CINIT_Limit              
20000000  __stack                       
20000000  __start___llvm_prf_cnts       
20000000  __stop___llvm_prf_cnts        
20000200  __STACK_END                   
20000200  __STACK_TOP                   
20000200  a                             
20000204  b                             
20000208  c                             
2000020c  d                             
20000210  In                            
ffffffff  __TI_pprof_out_hndl           
ffffffff  __TI_prof_data_size           
ffffffff  __TI_prof_data_start          
ffffffff  __binit__                     
ffffffff  __c_args__                    
ffffffff  binit                         
UNDEFED   __mpu_init                    
UNDEFED   _system_post_cinit            

[41 symbols]
