******************************************************************************
                  TI ARM Linker PC v20.2.7                     
******************************************************************************
>> Linked Thu Jun  1 16:49:46 2023

OUTPUT FILE NAME:   <LABs2.out>
ENTRY POINT SYMBOL: "_c_int00_noargs"  address: 000006f9


MEMORY CONFIGURATION

         name            origin    length      used     unused   attr    fill
----------------------  --------  ---------  --------  --------  ----  --------
  FLASH                 00000000   00040000  0000077e  0003f882  R  X
  SRAM                  20000000   00008000  00005028  00002fd8  RW X


SEGMENT ALLOCATION MAP

run origin  load origin   length   init length attrs members
----------  ----------- ---------- ----------- ----- -------
00000000    00000000    00000780   00000780    r-x
  00000000    00000000    0000026c   0000026c    r-- .intvecs
  0000026c    0000026c    000004e2   000004e2    r-x .text
  00000750    00000750    00000030   00000030    r-- .cinit
20000000    20000000    00005028   00000000    rw-
  20000000    20000000    00004e20   00000000    rw- .bss
  20004e20    20004e20    00000200   00000000    rw- .stack
  20005020    20005020    00000008   00000000    rw- .data


SECTION ALLOCATION MAP

 output                                  attributes/
section   page    origin      length       input sections
--------  ----  ----------  ----------   ----------------
.intvecs   0    00000000    0000026c     
                  00000000    0000026c     tm4c123gh6pm_startup_ccs.obj (.intvecs)

.text      0    0000026c    000004e2     
                  0000026c    000001b8     AD_converter.obj (.text)
                  00000424    00000112     tm4c123gh6pm_startup_ccs.obj (.text)
                  00000536    0000009c     rtsv7M4_T_le_v4SPD16_eabi.lib : memcpy_t2.asm.obj (.text)
                  000005d2    0000007a                                   : memset_t2.asm.obj (.text)
                  0000064c    00000068                                   : copy_decompress_lzss.c.obj (.text:decompress:lzss:__TI_decompress_lzss)
                  000006b4    00000044                                   : autoinit.c.obj (.text:__TI_auto_init_nobinit_nopinit:__TI_auto_init_nobinit_nopinit)
                  000006f8    00000034                                   : boot_cortex_m.c.obj (.text:_c_int00_noargs:_c_int00_noargs)
                  0000072c    0000000e                                   : copy_decompress_none.c.obj (.text:decompress:none:__TI_decompress_none)
                  0000073a    0000000c                                   : copy_zero_init.c.obj (.text:decompress:ZI:__TI_zero_init)
                  00000746    00000004                                   : pre_init.c.obj (.text:_system_pre_init)
                  0000074a    00000004                                   : exit.c.obj (.text:abort:abort)

.cinit     0    00000750    00000030     
                  00000750    0000000c     (__TI_handler_table)
                  0000075c    00000004     --HOLE-- [fill = 0]
                  00000760    00000008     (.cinit..bss.load) [load image, compression = zero_init]
                  00000768    00000007     (.cinit..data.load) [load image, compression = lzss]
                  0000076f    00000001     --HOLE-- [fill = 0]
                  00000770    00000010     (__TI_cinit_table)

.init_array 
*          0    00000000    00000000     UNINITIALIZED

.bss       0    20000000    00004e20     UNINITIALIZED
                  20000000    00004e20     (.common:vet)

.data      0    20005020    00000008     UNINITIALIZED
                  20005020    00000008     AD_converter.obj (.data)

.stack     0    20004e20    00000200     UNINITIALIZED
                  20004e20    00000004     rtsv7M4_T_le_v4SPD16_eabi.lib : boot_cortex_m.c.obj (.stack)
                  20004e24    000001fc     --HOLE--

__llvm_prf_cnts 
*          0    20000000    00000000     UNINITIALIZED

MODULE SUMMARY

       Module                         code   ro data   rw data
       ------                         ----   -------   -------
    .\
       AD_converter.obj               440    0         20008  
       tm4c123gh6pm_startup_ccs.obj   274    620       0      
    +--+------------------------------+------+---------+---------+
       Total:                         714    620       20008  
                                                              
    C:\ti\ccs1220\ccs\tools\compiler\ti-cgt-arm_20.2.7.LTS\lib\rtsv7M4_T_le_v4SPD16_eabi.lib
       memcpy_t2.asm.obj              156    0         0      
       memset_t2.asm.obj              122    0         0      
       copy_decompress_lzss.c.obj     104    0         0      
       autoinit.c.obj                 68     0         0      
       boot_cortex_m.c.obj            52     0         0      
       copy_decompress_none.c.obj     14     0         0      
       copy_zero_init.c.obj           12     0         0      
       exit.c.obj                     4      0         0      
       pre_init.c.obj                 4      0         0      
    +--+------------------------------+------+---------+---------+
       Total:                         536    0         0      
                                                              
       Stack:                         0      0         512    
       Linker Generated:              0      43        0      
    +--+------------------------------+------+---------+---------+
       Grand Total:                   1250   663       20520  


LINKER GENERATED COPY TABLES

__TI_cinit_table @ 00000770 records: 2, size/record: 8, table size: 16
	.bss: load addr=00000760, load size=00000008 bytes, run addr=20000000, run size=00004e20 bytes, compression=zero_init
	.data: load addr=00000768, load size=00000007 bytes, run addr=20005020, run size=00000008 bytes, compression=lzss


LINKER GENERATED HANDLER TABLE

__TI_handler_table @ 00000750 records: 3, size/record: 4, table size: 12
	index: 0, handler: __TI_decompress_lzss
	index: 1, handler: __TI_decompress_none
	index: 2, handler: __TI_zero_init


GLOBAL SYMBOLS: SORTED ALPHABETICALLY BY Name 

address   name                          
-------   ----                          
00000455  ADC0Seq0_Handler              
00000457  ADC0Seq1_Handler              
00000459  ADC0Seq2_Handler              
0000045b  ADC0Seq3_Handler              
00000499  ADC1Seq0_Handler              
0000049b  ADC1Seq1_Handler              
0000049d  ADC1Seq2_Handler              
0000049f  ADC1Seq3_Handler              
000002d3  ADC_Init                      
0000074b  C$$EXIT                       
00000487  CAN0_Handler                  
00000489  CAN1_Handler                  
0000048b  CAN2_Handler                  
0000046b  Comp0_Handler                 
0000046d  Comp1_Handler                 
0000046f  Comp2_Handler                 
00000433  DebugMon_Handler              
0000051d  DisableInterrupts             
00000521  EnableInterrupts              
0000052d  EndCritical                   
0000048d  Ethernet_Handler              
000004a3  ExtBus_Handler                
000004dd  FPU_Handler                   
000004ed  Fan0_Handler                  
00000473  FlashCtl_Handler              
00000439  GPIOPortA_Handler             
0000043b  GPIOPortB_Handler             
0000043d  GPIOPortC_Handler             
0000043f  GPIOPortD_Handler             
00000441  GPIOPortE_Handler             
00000475  GPIOPortF_Handler             
00000477  GPIOPortG_Handler             
00000479  GPIOPortH_Handler             
000004a5  GPIOPortJ_Handler             
000004a7  GPIOPortK_Handler             
000004a9  GPIOPortL_Handler             
000004e7  GPIOPortM_Handler             
000004e9  GPIOPortN_Handler             
000004f1  GPIOPortP1_Handler            
000004f3  GPIOPortP2_Handler            
000004f5  GPIOPortP3_Handler            
000004f7  GPIOPortP4_Handler            
000004f9  GPIOPortP5_Handler            
000004fb  GPIOPortP6_Handler            
000004fd  GPIOPortP7_Handler            
000004ef  GPIOPortP_Handler             
00000501  GPIOPortQ1_Handler            
00000503  GPIOPortQ2_Handler            
00000505  GPIOPortQ3_Handler            
00000507  GPIOPortQ4_Handler            
00000509  GPIOPortQ5_Handler            
0000050b  GPIOPortQ6_Handler            
0000050d  GPIOPortQ7_Handler            
000004ff  GPIOPortQ_Handler             
0000050f  GPIOPortR_Handler             
00000511  GPIOPortS_Handler             
0000048f  Hibernate_Handler             
00000449  I2C0_Handler                  
00000483  I2C1_Handler                  
000004b9  I2C2_Handler                  
000004bb  I2C3_Handler                  
000004e3  I2C4_Handler                  
000004e5  I2C5_Handler                  
000004a1  I2S0_Handler                  
000004e1  LPC0_Handler                  
000004df  PECI0_Handler                 
0000044b  PWM0Fault_Handler             
0000044d  PWM0Generator0_Handler        
0000044f  PWM0Generator1_Handler        
00000451  PWM0Generator2_Handler        
00000493  PWM0Generator3_Handler        
0000051b  PWM1Fault_Handler             
00000513  PWM1Generator0_Handler        
00000515  PWM1Generator1_Handler        
00000517  PWM1Generator2_Handler        
00000519  PWM1Generator3_Handler        
00000435  PendSV_Handler                
00000453  Quadrature0_Handler           
00000485  Quadrature1_Handler           
000004eb  Quadrature2_Handler           
00000425  ResetISR                      
00000447  SSI0_Handler                  
0000047d  SSI1_Handler                  
000004ab  SSI2_Handler                  
000004ad  SSI3_Handler                  
00000431  SVC_Handler                   
00000525  StartCritical                 
00000471  SysCtl_Handler                
00000437  SysTick_Handler               
000002a7  Timer0A_Handler               
00000367  Timer0A_Init                  
00000461  Timer0B_Handler               
00000463  Timer1A_Handler               
00000465  Timer1B_Handler               
00000467  Timer2A_Handler               
00000469  Timer2B_Handler               
0000047f  Timer3A_Handler               
00000481  Timer3B_Handler               
000004bd  Timer4A_Handler               
000004bf  Timer4B_Handler               
000004c1  Timer5A_Handler               
000004c3  Timer5B_Handler               
00000443  UART0_Handler                 
00000445  UART1_Handler                 
0000047b  UART2_Handler                 
000004af  UART3_Handler                 
000004b1  UART4_Handler                 
000004b3  UART5_Handler                 
000004b5  UART6_Handler                 
000004b7  UART7_Handler                 
00000491  USB0_Handler                  
0000045d  WDT_Handler                   
00000533  WaitForInterrupt              
000004c5  WideTimer0A_Handler           
000004c7  WideTimer0B_Handler           
000004c9  WideTimer1A_Handler           
000004cb  WideTimer1B_Handler           
000004cd  WideTimer2A_Handler           
000004cf  WideTimer2B_Handler           
000004d1  WideTimer3A_Handler           
000004d3  WideTimer3B_Handler           
000004d5  WideTimer4A_Handler           
000004d7  WideTimer4B_Handler           
000004d9  WideTimer5A_Handler           
000004db  WideTimer5B_Handler           
20005020  __STACK_END                   
00000200  __STACK_SIZE                  
20005020  __STACK_TOP                   
00000770  __TI_CINIT_Base               
00000780  __TI_CINIT_Limit              
00000750  __TI_Handler_Table_Base       
0000075c  __TI_Handler_Table_Limit      
000006b5  __TI_auto_init_nobinit_nopinit
0000064d  __TI_decompress_lzss          
0000072d  __TI_decompress_none          
ffffffff  __TI_pprof_out_hndl           
ffffffff  __TI_prof_data_size           
ffffffff  __TI_prof_data_start          
00000000  __TI_static_base__            
0000073b  __TI_zero_init                
000005d3  __aeabi_memclr                
000005d3  __aeabi_memclr4               
000005d3  __aeabi_memclr8               
00000537  __aeabi_memcpy                
00000537  __aeabi_memcpy4               
00000537  __aeabi_memcpy8               
000005d5  __aeabi_memset                
000005d5  __aeabi_memset4               
000005d5  __aeabi_memset8               
ffffffff  __binit__                     
ffffffff  __c_args__                    
UNDEFED   __mpu_init                    
20004e20  __stack                       
20000000  __start___llvm_prf_cnts       
20000000  __stop___llvm_prf_cnts        
000006f9  _c_int00_noargs               
UNDEFED   _system_post_cinit            
00000747  _system_pre_init              
0000074b  abort                         
ffffffff  binit                         
00000000  g_pfnVectors                  
20005020  i                             
0000026d  main                          
00000537  memcpy                        
000005db  memset                        
00000497  uDMA_Error                    
00000495  uDMA_Handler                  
20000000  vet                           
20005024  x                             


GLOBAL SYMBOLS: SORTED BY Symbol Address 

address   name                          
-------   ----                          
00000000  __TI_static_base__            
00000000  g_pfnVectors                  
00000200  __STACK_SIZE                  
0000026d  main                          
000002a7  Timer0A_Handler               
000002d3  ADC_Init                      
00000367  Timer0A_Init                  
00000425  ResetISR                      
00000431  SVC_Handler                   
00000433  DebugMon_Handler              
00000435  PendSV_Handler                
00000437  SysTick_Handler               
00000439  GPIOPortA_Handler             
0000043b  GPIOPortB_Handler             
0000043d  GPIOPortC_Handler             
0000043f  GPIOPortD_Handler             
00000441  GPIOPortE_Handler             
00000443  UART0_Handler                 
00000445  UART1_Handler                 
00000447  SSI0_Handler                  
00000449  I2C0_Handler                  
0000044b  PWM0Fault_Handler             
0000044d  PWM0Generator0_Handler        
0000044f  PWM0Generator1_Handler        
00000451  PWM0Generator2_Handler        
00000453  Quadrature0_Handler           
00000455  ADC0Seq0_Handler              
00000457  ADC0Seq1_Handler              
00000459  ADC0Seq2_Handler              
0000045b  ADC0Seq3_Handler              
0000045d  WDT_Handler                   
00000461  Timer0B_Handler               
00000463  Timer1A_Handler               
00000465  Timer1B_Handler               
00000467  Timer2A_Handler               
00000469  Timer2B_Handler               
0000046b  Comp0_Handler                 
0000046d  Comp1_Handler                 
0000046f  Comp2_Handler                 
00000471  SysCtl_Handler                
00000473  FlashCtl_Handler              
00000475  GPIOPortF_Handler             
00000477  GPIOPortG_Handler             
00000479  GPIOPortH_Handler             
0000047b  UART2_Handler                 
0000047d  SSI1_Handler                  
0000047f  Timer3A_Handler               
00000481  Timer3B_Handler               
00000483  I2C1_Handler                  
00000485  Quadrature1_Handler           
00000487  CAN0_Handler                  
00000489  CAN1_Handler                  
0000048b  CAN2_Handler                  
0000048d  Ethernet_Handler              
0000048f  Hibernate_Handler             
00000491  USB0_Handler                  
00000493  PWM0Generator3_Handler        
00000495  uDMA_Handler                  
00000497  uDMA_Error                    
00000499  ADC1Seq0_Handler              
0000049b  ADC1Seq1_Handler              
0000049d  ADC1Seq2_Handler              
0000049f  ADC1Seq3_Handler              
000004a1  I2S0_Handler                  
000004a3  ExtBus_Handler                
000004a5  GPIOPortJ_Handler             
000004a7  GPIOPortK_Handler             
000004a9  GPIOPortL_Handler             
000004ab  SSI2_Handler                  
000004ad  SSI3_Handler                  
000004af  UART3_Handler                 
000004b1  UART4_Handler                 
000004b3  UART5_Handler                 
000004b5  UART6_Handler                 
000004b7  UART7_Handler                 
000004b9  I2C2_Handler                  
000004bb  I2C3_Handler                  
000004bd  Timer4A_Handler               
000004bf  Timer4B_Handler               
000004c1  Timer5A_Handler               
000004c3  Timer5B_Handler               
000004c5  WideTimer0A_Handler           
000004c7  WideTimer0B_Handler           
000004c9  WideTimer1A_Handler           
000004cb  WideTimer1B_Handler           
000004cd  WideTimer2A_Handler           
000004cf  WideTimer2B_Handler           
000004d1  WideTimer3A_Handler           
000004d3  WideTimer3B_Handler           
000004d5  WideTimer4A_Handler           
000004d7  WideTimer4B_Handler           
000004d9  WideTimer5A_Handler           
000004db  WideTimer5B_Handler           
000004dd  FPU_Handler                   
000004df  PECI0_Handler                 
000004e1  LPC0_Handler                  
000004e3  I2C4_Handler                  
000004e5  I2C5_Handler                  
000004e7  GPIOPortM_Handler             
000004e9  GPIOPortN_Handler             
000004eb  Quadrature2_Handler           
000004ed  Fan0_Handler                  
000004ef  GPIOPortP_Handler             
000004f1  GPIOPortP1_Handler            
000004f3  GPIOPortP2_Handler            
000004f5  GPIOPortP3_Handler            
000004f7  GPIOPortP4_Handler            
000004f9  GPIOPortP5_Handler            
000004fb  GPIOPortP6_Handler            
000004fd  GPIOPortP7_Handler            
000004ff  GPIOPortQ_Handler             
00000501  GPIOPortQ1_Handler            
00000503  GPIOPortQ2_Handler            
00000505  GPIOPortQ3_Handler            
00000507  GPIOPortQ4_Handler            
00000509  GPIOPortQ5_Handler            
0000050b  GPIOPortQ6_Handler            
0000050d  GPIOPortQ7_Handler            
0000050f  GPIOPortR_Handler             
00000511  GPIOPortS_Handler             
00000513  PWM1Generator0_Handler        
00000515  PWM1Generator1_Handler        
00000517  PWM1Generator2_Handler        
00000519  PWM1Generator3_Handler        
0000051b  PWM1Fault_Handler             
0000051d  DisableInterrupts             
00000521  EnableInterrupts              
00000525  StartCritical                 
0000052d  EndCritical                   
00000533  WaitForInterrupt              
00000537  __aeabi_memcpy                
00000537  __aeabi_memcpy4               
00000537  __aeabi_memcpy8               
00000537  memcpy                        
000005d3  __aeabi_memclr                
000005d3  __aeabi_memclr4               
000005d3  __aeabi_memclr8               
000005d5  __aeabi_memset                
000005d5  __aeabi_memset4               
000005d5  __aeabi_memset8               
000005db  memset                        
0000064d  __TI_decompress_lzss          
000006b5  __TI_auto_init_nobinit_nopinit
000006f9  _c_int00_noargs               
0000072d  __TI_decompress_none          
0000073b  __TI_zero_init                
00000747  _system_pre_init              
0000074b  C$$EXIT                       
0000074b  abort                         
00000750  __TI_Handler_Table_Base       
0000075c  __TI_Handler_Table_Limit      
00000770  __TI_CINIT_Base               
00000780  __TI_CINIT_Limit              
20000000  __start___llvm_prf_cnts       
20000000  __stop___llvm_prf_cnts        
20000000  vet                           
20004e20  __stack                       
20005020  __STACK_END                   
20005020  __STACK_TOP                   
20005020  i                             
20005024  x                             
ffffffff  __TI_pprof_out_hndl           
ffffffff  __TI_prof_data_size           
ffffffff  __TI_prof_data_start          
ffffffff  __binit__                     
ffffffff  __c_args__                    
ffffffff  binit                         
UNDEFED   __mpu_init                    
UNDEFED   _system_post_cinit            

[169 symbols]
