******************************************************************************
             TMS320C2000 Linker PC v22.6.1                     
******************************************************************************
>> Linked Mon Feb 24 16:50:34 2025

OUTPUT FILE NAME:   <leitura_velocidade_ensaios_maria.out>
ENTRY POINT SYMBOL: "_c_int00"  address: 0000dcb0


MEMORY CONFIGURATION

         name            origin    length      used     unused   attr    fill
----------------------  --------  ---------  --------  --------  ----  --------
PAGE 0:
  BEGIN                 00000000   00000002  00000002  00000000  RWIX
  RAMM0                 00000122   000002de  000002de  00000000  RWIX
  RAMM2                 00000800   00001800  00000000  00001800  RWIX
  RAMLS0                00008000   00000800  00000000  00000800  RWIX
  RAMLS1                00008800   00000800  00000000  00000800  RWIX
  RAMLS2                00009000   00000800  00000000  00000800  RWIX
  RAMLS3                00009800   00001000  00000108  00000ef8  RWIX
  RAMD0                 0000b000   00000800  0000010b  000006f5  RWIX
  RAMGS6                0000c000   00001000  00001000  00000000  RWIX
  RAMGS7                0000d000   00001000  00001000  00000000  RWIX
  RESET                 003fffc0   00000002  00000000  00000002  RWIX

PAGE 1:
  BOOT_RSVD             00000002   00000120  00000000  00000120  RWIX
  RAMM1                 00000400   00000400  00000200  00000200  RWIX
  ADCARESULT            00000b00   00000018  00000018  00000000  RWIX
  ADCBRESULT            00000b20   00000018  00000018  00000000  RWIX
  ADCCRESULT            00000b40   00000018  00000018  00000000  RWIX
  ADCDRESULT            00000b60   00000018  00000018  00000000  RWIX
  CPUTIMER0             00000c00   00000008  00000008  00000000  RWIX
  CPUTIMER1             00000c08   00000008  00000008  00000000  RWIX
  CPUTIMER2             00000c10   00000008  00000008  00000000  RWIX
  PIECTRL               00000ce0   0000001a  0000001a  00000000  RWIX
  PIEVECTTABLE          00000d00   00000200  000001c0  00000040  RWIX
  DMA                   00001000   00000200  000000e0  00000120  RWIX
  CLA1                  00001400   00000080  0000003e  00000042  RWIX
  CLB1LOGICCFG          00003000   00000052  0000003e  00000014  RWIX
  CLB1LOGICCTRL         00003100   00000040  00000040  00000000  RWIX
  CLB1DATAEXCH          00003200   00000200  00000108  000000f8  RWIX
  CLB2LOGICCFG          00003400   00000052  0000003e  00000014  RWIX
  CLB2LOGICCTRL         00003500   00000040  00000040  00000000  RWIX
  CLB2DATAEXCH          00003600   00000200  00000108  000000f8  RWIX
  CLB3LOGICCFG          00003800   00000052  0000003e  00000014  RWIX
  CLB3LOGICCTRL         00003900   00000040  00000040  00000000  RWIX
  CLB3DATAEXCH          00003a00   00000200  00000108  000000f8  RWIX
  CLB4LOGICCFG          00003c00   00000052  0000003e  00000014  RWIX
  CLB4LOGICCTRL         00003d00   00000040  00000040  00000000  RWIX
  CLB4DATAEXCH          00003e00   00000200  00000108  000000f8  RWIX
  EPWM1                 00004000   00000100  00000100  00000000  RWIX
  EPWM2                 00004100   00000100  00000100  00000000  RWIX
  EPWM3                 00004200   00000100  00000100  00000000  RWIX
  EPWM4                 00004300   00000100  00000100  00000000  RWIX
  EPWM5                 00004400   00000100  00000100  00000000  RWIX
  EPWM6                 00004500   00000100  00000100  00000000  RWIX
  EPWM7                 00004600   00000100  00000100  00000000  RWIX
  EPWM8                 00004700   00000100  00000100  00000000  RWIX
  EPWM9                 00004800   00000100  00000100  00000000  RWIX
  EPWM10                00004900   00000100  00000100  00000000  RWIX
  EPWM11                00004a00   00000100  00000100  00000000  RWIX
  EPWM12                00004b00   00000100  00000100  00000000  RWIX
  ECAP1                 00005000   00000020  0000001a  00000006  RWIX
  ECAP2                 00005020   00000020  0000001a  00000006  RWIX
  ECAP3                 00005040   00000020  0000001a  00000006  RWIX
  ECAP4                 00005060   00000020  0000001a  00000006  RWIX
  ECAP5                 00005080   00000020  0000001a  00000006  RWIX
  ECAP6                 000050a0   00000020  0000001a  00000006  RWIX
  EQEP1                 00005100   00000022  00000022  00000000  RWIX
  EQEP2                 00005140   00000022  00000022  00000000  RWIX
  EQEP3                 00005180   00000022  00000022  00000000  RWIX
  DACA                  00005c00   00000008  00000007  00000001  RWIX
  DACB                  00005c10   00000008  00000007  00000001  RWIX
  DACC                  00005c20   00000008  00000007  00000001  RWIX
  CMPSS1                00005c80   00000020  0000001b  00000005  RWIX
  CMPSS2                00005ca0   00000020  0000001b  00000005  RWIX
  CMPSS3                00005cc0   00000020  0000001b  00000005  RWIX
  CMPSS4                00005ce0   00000020  0000001b  00000005  RWIX
  CMPSS5                00005d00   00000020  0000001b  00000005  RWIX
  CMPSS6                00005d20   00000020  0000001b  00000005  RWIX
  CMPSS7                00005d40   00000020  0000001b  00000005  RWIX
  CMPSS8                00005d60   00000020  0000001b  00000005  RWIX
  SDFM1                 00005e00   00000080  00000048  00000038  RWIX
  SDFM2                 00005e80   00000080  00000048  00000038  RWIX
  MCBSPA                00006000   00000024  00000024  00000000  RWIX
  MCBSPB                00006040   00000024  00000024  00000000  RWIX
  SPIA                  00006100   00000010  00000010  00000000  RWIX
  SPIB                  00006110   00000010  00000010  00000000  RWIX
  SPIC                  00006120   00000010  00000010  00000000  RWIX
  UPP                   00006200   00000048  00000048  00000000  RWIX
  WD                    00007000   0000002b  0000002b  00000000  RWIX
  NMIINTRUPT            00007060   00000007  00000007  00000000  RWIX
  XINT                  00007070   0000000b  0000000b  00000000  RWIX
  SCIA                  00007200   00000010  00000010  00000000  RWIX
  SCIB                  00007210   00000010  00000010  00000000  RWIX
  SCIC                  00007220   00000010  00000010  00000000  RWIX
  SCID                  00007230   00000010  00000010  00000000  RWIX
  I2CA                  00007300   00000022  00000022  00000000  RWIX
  I2CB                  00007340   00000022  00000022  00000000  RWIX
  ADCA                  00007400   00000080  0000007c  00000004  RWIX
  ADCB                  00007480   00000080  0000007c  00000004  RWIX
  ADCC                  00007500   00000080  0000007c  00000004  RWIX
  ADCD                  00007580   00000080  0000007c  00000004  RWIX
  INPUTXBAR             00007900   00000020  00000020  00000000  RWIX
  XBAR                  00007920   00000020  0000000e  00000012  RWIX
  SYNCSOC               00007940   00000006  00000006  00000000  RWIX
  DMACLASRCSEL          00007980   0000001a  0000001a  00000000  RWIX
  EPWMXBAR              00007a00   00000040  00000040  00000000  RWIX
  CLBXBAR               00007a40   00000040  00000040  00000000  RWIX
  OUTPUTXBAR            00007a80   00000040  00000040  00000000  RWIX
  GPIOCTRL              00007c00   00000180  00000180  00000000  RWIX
  GPIODATA              00007f00   00000030  00000030  00000000  RWIX
  RAMLS5                0000a800   00000800  000003e6  0000041a  RWIX
  RAMD1                 0000b800   00000800  00000000  00000800  RWIX
  RAMGS13               0000e000   0000e000  0000d6d8  00000928  RWIX
  CPU2TOCPU1RAM         0003f800   00000400  00000000  00000400  RWIX
  CPU1TOCPU2RAM         0003fc00   00000400  00000088  00000378  RWIX
  EMIF1                 00047000   00000070  00000028  00000048  RWIX
  EMIF2                 00047800   00000070  00000028  00000048  RWIX
  CANA                  00048000   00000200  00000164  0000009c  RWIX
  CANB                  0004a000   00000200  00000164  0000009c  RWIX
  IPC                   00050000   00000024  00000024  00000000  RWIX
  FLASHPUMPSEMAPHORE    00050024   00000002  00000002  00000000  RWIX
  DEVCFG                0005d000   0000012e  0000012e  00000000  RWIX
  ANALOGSUBSYS          0005d180   00000048  0000003e  0000000a  RWIX
  CLKCFG                0005d200   00000032  00000032  00000000  RWIX
  CPUSYS                0005d300   00000082  00000082  00000000  RWIX
  ROMPREFETCH           0005e608   00000002  00000002  00000000  RWIX
  DCSMZ1                0005f000   00000024  00000022  00000002  RWIX
  DCSMZ2                0005f040   00000024  00000022  00000002  RWIX
  DCSMCOMMON            0005f070   00000008  00000006  00000002  RWIX
  MEMCFG                0005f400   00000080  00000076  0000000a  RWIX
  EMIF1CONFIG           0005f480   00000020  0000000a  00000016  RWIX
  EMIF2CONFIG           0005f4a0   00000020  0000000a  00000016  RWIX
  ACCESSPROTECTION      0005f4c0   00000040  0000002e  00000012  RWIX
  MEMORYERROR           0005f500   00000040  0000003a  00000006  RWIX
  ROMWAITSTATE          0005f540   00000002  00000002  00000000  RWIX
  FLASH0CTRL            0005f800   00000182  00000182  00000000  RWIX
  FLASH0ECC             0005fb00   00000028  00000028  00000000  RWIX
  UID                   000703c0   00000010  00000010  00000000  RWIX


SECTION ALLOCATION MAP

 output                                  attributes/
section   page    origin      length       input sections
--------  ----  ----------  ----------   ----------------
codestart 
*          0    00000000    00000002     
                  00000000    00000002     F2837xD_CodeStartBranch.obj (codestart)

.TI.ramfunc 
*          0    00000122    00000004     
                  00000122    00000004     F2837xD_usDelay.obj (.TI.ramfunc)

.cinit     0    00009800    00000108     
                  00009800    0000004f     main.obj (.cinit)
                  0000984f    00000021     F2837xD_struct.obj (.cinit:_TRIP_SEL)
                  00009870    0000001d     F2837xD_struct.obj (.cinit:_EPWM)
                  0000988d    00000011     F2837xD_struct.obj (.cinit:_ECAP)
                  0000989e    0000000e     rts2800_fpu32.lib : exit.c.obj (.cinit)
                  000098ac    0000000d     F2837xD_struct.obj (.cinit:_ADC)
                  000098b9    0000000b     F2837xD_struct.obj (.cinit:_EQEP)
                  000098c4    0000000b     F2837xD_struct.obj (.cinit:_SPI)
                  000098cf    0000000b     main.obj (.cinit:_buffer_tx)
                  000098da    00000009     F2837xD_struct.obj (.cinit:_SDFM)
                  000098e3    00000007     F2837xD_struct.obj (.cinit:_I2C)
                  000098ea    00000007     F2837xD_struct.obj (.cinit:_MCBSP)
                  000098f1    00000007     F2837xD_struct.obj (.cinit:_SCI)
                  000098f8    00000005     rts2800_fpu32.lib : _lock.c.obj (.cinit:__lock)
                  000098fd    00000005                       : _lock.c.obj (.cinit:__unlock)
                  00009902    00000004                       : errno.c.obj (.cinit)
                  00009906    00000002     --HOLE-- [fill = 0]

.pinit     0    00000122    00000000     UNINITIALIZED

.reset     0    003fffc0    00000002     DSECT
                  003fffc0    00000002     rts2800_fpu32.lib : boot28.asm.obj (.reset)

.stack     1    00000400    00000200     UNINITIALIZED
                  00000400    00000200     --HOLE--

.econst    1    0000a800    0000032b     
                  0000a800    000001c0     F2837xD_PieVect.obj (.econst:_PieVectTableInit)
                  0000a9c0    00000101     rts2800_fpu32.lib : ctype.c.obj (.econst:.string:__ctypes_)
                  0000aac1    00000001     --HOLE-- [fill = 0]
                  0000aac2    00000026                       : _printfi.c.obj (.econst:.string)
                  0000aae8    0000001c                       : _printfi.c.obj (.econst)
                  0000ab04    0000001c                       : s_scalbn.c.obj (.econst)
                  0000ab20    00000008                       : s_frexp.c.obj (.econst)
                  0000ab28    00000003     uartInit.obj (.econst:.string)

AdcaResultRegsFile 
*          1    00000b00    00000018     UNINITIALIZED
                  00000b00    00000018     F2837xD_GlobalVariableDefs.obj (AdcaResultRegsFile)

AdcbResultRegsFile 
*          1    00000b20    00000018     UNINITIALIZED
                  00000b20    00000018     F2837xD_GlobalVariableDefs.obj (AdcbResultRegsFile)

AdccResultRegsFile 
*          1    00000b40    00000018     UNINITIALIZED
                  00000b40    00000018     F2837xD_GlobalVariableDefs.obj (AdccResultRegsFile)

AdcdResultRegsFile 
*          1    00000b60    00000018     UNINITIALIZED
                  00000b60    00000018     F2837xD_GlobalVariableDefs.obj (AdcdResultRegsFile)

AdcaRegsFile 
*          1    00007400    0000007c     UNINITIALIZED
                  00007400    0000007c     F2837xD_GlobalVariableDefs.obj (AdcaRegsFile)

AdcbRegsFile 
*          1    00007480    0000007c     UNINITIALIZED
                  00007480    0000007c     F2837xD_GlobalVariableDefs.obj (AdcbRegsFile)

AdccRegsFile 
*          1    00007500    0000007c     UNINITIALIZED
                  00007500    0000007c     F2837xD_GlobalVariableDefs.obj (AdccRegsFile)

AdcdRegsFile 
*          1    00007580    0000007c     UNINITIALIZED
                  00007580    0000007c     F2837xD_GlobalVariableDefs.obj (AdcdRegsFile)

PUTBUFFER 
*          1    0003fc00    00000080     UNINITIALIZED
                  0003fc00    00000080     F2837xD_Ipc_Driver.obj (PUTBUFFER)

PUTWRITEIDX 
*          1    0003fc80    00000004     UNINITIALIZED
                  0003fc80    00000004     F2837xD_Ipc_Driver.obj (PUTWRITEIDX)

GETREADIDX 
*          1    0003fc84    00000004     UNINITIALIZED
                  0003fc84    00000004     F2837xD_Ipc_Driver.obj (GETREADIDX)

GETBUFFER 
*          0    0003f800    00000080     DSECT
                  0003f800    00000080     F2837xD_Ipc_Driver.obj (GETBUFFER)

GETWRITEIDX 
*          0    0003f880    00000004     DSECT
                  0003f880    00000004     F2837xD_Ipc_Driver.obj (GETWRITEIDX)

PUTREADIDX 
*          0    0003f884    00000004     DSECT
                  0003f884    00000004     F2837xD_Ipc_Driver.obj (PUTREADIDX)

CpuTimer0RegsFile 
*          1    00000c00    00000008     UNINITIALIZED
                  00000c00    00000008     F2837xD_GlobalVariableDefs.obj (CpuTimer0RegsFile)

CpuTimer1RegsFile 
*          1    00000c08    00000008     UNINITIALIZED
                  00000c08    00000008     F2837xD_GlobalVariableDefs.obj (CpuTimer1RegsFile)

CpuTimer2RegsFile 
*          1    00000c10    00000008     UNINITIALIZED
                  00000c10    00000008     F2837xD_GlobalVariableDefs.obj (CpuTimer2RegsFile)

PieCtrlRegsFile 
*          1    00000ce0    0000001a     UNINITIALIZED
                  00000ce0    0000001a     F2837xD_GlobalVariableDefs.obj (PieCtrlRegsFile)

PieVectTableFile 
*          1    00000d00    000001c0     UNINITIALIZED
                  00000d00    000001c0     F2837xD_GlobalVariableDefs.obj (PieVectTableFile)

EmuKeyVar 
*          1    00000d00    00000000     UNINITIALIZED

EmuBModeVar 
*          1    00000d00    00000000     UNINITIALIZED

EmuBootPinsVar 
*          1    00000d00    00000000     UNINITIALIZED

FlashCallbackVar 
*          1    00000d00    00000000     UNINITIALIZED

FlashScalingVar 
*          1    00000d00    00000000     UNINITIALIZED

DmaRegsFile 
*          1    00001000    000000e0     UNINITIALIZED
                  00001000    000000e0     F2837xD_GlobalVariableDefs.obj (DmaRegsFile)

Cla1RegsFile 
*          1    00001400    0000003e     UNINITIALIZED
                  00001400    0000003e     F2837xD_GlobalVariableDefs.obj (Cla1RegsFile)

Clb1LogicCfgRegsFile 
*          1    00003000    0000003e     UNINITIALIZED
                  00003000    0000003e     F2837xD_GlobalVariableDefs.obj (Clb1LogicCfgRegsFile)

Clb1LogicCtrlRegsFile 
*          1    00003100    00000040     UNINITIALIZED
                  00003100    00000040     F2837xD_GlobalVariableDefs.obj (Clb1LogicCtrlRegsFile)

Clb1DataExchRegsFile 
*          1    00003200    00000108     UNINITIALIZED
                  00003200    00000108     F2837xD_GlobalVariableDefs.obj (Clb1DataExchRegsFile)

Clb2LogicCfgRegsFile 
*          1    00003400    0000003e     UNINITIALIZED
                  00003400    0000003e     F2837xD_GlobalVariableDefs.obj (Clb2LogicCfgRegsFile)

Clb2LogicCtrlRegsFile 
*          1    00003500    00000040     UNINITIALIZED
                  00003500    00000040     F2837xD_GlobalVariableDefs.obj (Clb2LogicCtrlRegsFile)

Clb2DataExchRegsFile 
*          1    00003600    00000108     UNINITIALIZED
                  00003600    00000108     F2837xD_GlobalVariableDefs.obj (Clb2DataExchRegsFile)

Clb3LogicCfgRegsFile 
*          1    00003800    0000003e     UNINITIALIZED
                  00003800    0000003e     F2837xD_GlobalVariableDefs.obj (Clb3LogicCfgRegsFile)

Clb3LogicCtrlRegsFile 
*          1    00003900    00000040     UNINITIALIZED
                  00003900    00000040     F2837xD_GlobalVariableDefs.obj (Clb3LogicCtrlRegsFile)

Clb3DataExchRegsFile 
*          1    00003a00    00000108     UNINITIALIZED
                  00003a00    00000108     F2837xD_GlobalVariableDefs.obj (Clb3DataExchRegsFile)

Clb4LogicCfgRegsFile 
*          1    00003c00    0000003e     UNINITIALIZED
                  00003c00    0000003e     F2837xD_GlobalVariableDefs.obj (Clb4LogicCfgRegsFile)

Clb4LogicCtrlRegsFile 
*          1    00003d00    00000040     UNINITIALIZED
                  00003d00    00000040     F2837xD_GlobalVariableDefs.obj (Clb4LogicCtrlRegsFile)

Clb4DataExchRegsFile 
*          1    00003e00    00000108     UNINITIALIZED
                  00003e00    00000108     F2837xD_GlobalVariableDefs.obj (Clb4DataExchRegsFile)

EPwm1RegsFile 
*          1    00004000    00000100     UNINITIALIZED
                  00004000    00000100     F2837xD_GlobalVariableDefs.obj (EPwm1RegsFile)

EPwm2RegsFile 
*          1    00004100    00000100     UNINITIALIZED
                  00004100    00000100     F2837xD_GlobalVariableDefs.obj (EPwm2RegsFile)

EPwm3RegsFile 
*          1    00004200    00000100     UNINITIALIZED
                  00004200    00000100     F2837xD_GlobalVariableDefs.obj (EPwm3RegsFile)

EPwm4RegsFile 
*          1    00004300    00000100     UNINITIALIZED
                  00004300    00000100     F2837xD_GlobalVariableDefs.obj (EPwm4RegsFile)

EPwm5RegsFile 
*          1    00004400    00000100     UNINITIALIZED
                  00004400    00000100     F2837xD_GlobalVariableDefs.obj (EPwm5RegsFile)

EPwm6RegsFile 
*          1    00004500    00000100     UNINITIALIZED
                  00004500    00000100     F2837xD_GlobalVariableDefs.obj (EPwm6RegsFile)

EPwm7RegsFile 
*          1    00004600    00000100     UNINITIALIZED
                  00004600    00000100     F2837xD_GlobalVariableDefs.obj (EPwm7RegsFile)

EPwm8RegsFile 
*          1    00004700    00000100     UNINITIALIZED
                  00004700    00000100     F2837xD_GlobalVariableDefs.obj (EPwm8RegsFile)

EPwm9RegsFile 
*          1    00004800    00000100     UNINITIALIZED
                  00004800    00000100     F2837xD_GlobalVariableDefs.obj (EPwm9RegsFile)

EPwm10RegsFile 
*          1    00004900    00000100     UNINITIALIZED
                  00004900    00000100     F2837xD_GlobalVariableDefs.obj (EPwm10RegsFile)

EPwm11RegsFile 
*          1    00004a00    00000100     UNINITIALIZED
                  00004a00    00000100     F2837xD_GlobalVariableDefs.obj (EPwm11RegsFile)

EPwm12RegsFile 
*          1    00004b00    00000100     UNINITIALIZED
                  00004b00    00000100     F2837xD_GlobalVariableDefs.obj (EPwm12RegsFile)

ECap1RegsFile 
*          1    00005000    0000001a     UNINITIALIZED
                  00005000    0000001a     F2837xD_GlobalVariableDefs.obj (ECap1RegsFile)

ECap2RegsFile 
*          1    00005020    0000001a     UNINITIALIZED
                  00005020    0000001a     F2837xD_GlobalVariableDefs.obj (ECap2RegsFile)

ECap3RegsFile 
*          1    00005040    0000001a     UNINITIALIZED
                  00005040    0000001a     F2837xD_GlobalVariableDefs.obj (ECap3RegsFile)

ECap4RegsFile 
*          1    00005060    0000001a     UNINITIALIZED
                  00005060    0000001a     F2837xD_GlobalVariableDefs.obj (ECap4RegsFile)

ECap5RegsFile 
*          1    00005080    0000001a     UNINITIALIZED
                  00005080    0000001a     F2837xD_GlobalVariableDefs.obj (ECap5RegsFile)

ECap6RegsFile 
*          1    000050a0    0000001a     UNINITIALIZED
                  000050a0    0000001a     F2837xD_GlobalVariableDefs.obj (ECap6RegsFile)

EQep1RegsFile 
*          1    00005100    00000022     UNINITIALIZED
                  00005100    00000022     F2837xD_GlobalVariableDefs.obj (EQep1RegsFile)

EQep2RegsFile 
*          1    00005140    00000022     UNINITIALIZED
                  00005140    00000022     F2837xD_GlobalVariableDefs.obj (EQep2RegsFile)

EQep3RegsFile 
*          1    00005180    00000022     UNINITIALIZED
                  00005180    00000022     F2837xD_GlobalVariableDefs.obj (EQep3RegsFile)

DacaRegsFile 
*          1    00005c00    00000007     UNINITIALIZED
                  00005c00    00000007     F2837xD_GlobalVariableDefs.obj (DacaRegsFile)

DacbRegsFile 
*          1    00005c10    00000007     UNINITIALIZED
                  00005c10    00000007     F2837xD_GlobalVariableDefs.obj (DacbRegsFile)

DaccRegsFile 
*          1    00005c20    00000007     UNINITIALIZED
                  00005c20    00000007     F2837xD_GlobalVariableDefs.obj (DaccRegsFile)

Cmpss1RegsFile 
*          1    00005c80    0000001b     UNINITIALIZED
                  00005c80    0000001b     F2837xD_GlobalVariableDefs.obj (Cmpss1RegsFile)

Cmpss2RegsFile 
*          1    00005ca0    0000001b     UNINITIALIZED
                  00005ca0    0000001b     F2837xD_GlobalVariableDefs.obj (Cmpss2RegsFile)

Cmpss3RegsFile 
*          1    00005cc0    0000001b     UNINITIALIZED
                  00005cc0    0000001b     F2837xD_GlobalVariableDefs.obj (Cmpss3RegsFile)

Cmpss4RegsFile 
*          1    00005ce0    0000001b     UNINITIALIZED
                  00005ce0    0000001b     F2837xD_GlobalVariableDefs.obj (Cmpss4RegsFile)

Cmpss5RegsFile 
*          1    00005d00    0000001b     UNINITIALIZED
                  00005d00    0000001b     F2837xD_GlobalVariableDefs.obj (Cmpss5RegsFile)

Cmpss6RegsFile 
*          1    00005d20    0000001b     UNINITIALIZED
                  00005d20    0000001b     F2837xD_GlobalVariableDefs.obj (Cmpss6RegsFile)

Cmpss7RegsFile 
*          1    00005d40    0000001b     UNINITIALIZED
                  00005d40    0000001b     F2837xD_GlobalVariableDefs.obj (Cmpss7RegsFile)

Cmpss8RegsFile 
*          1    00005d60    0000001b     UNINITIALIZED
                  00005d60    0000001b     F2837xD_GlobalVariableDefs.obj (Cmpss8RegsFile)

Sdfm1RegsFile 
*          1    00005e00    00000048     UNINITIALIZED
                  00005e00    00000048     F2837xD_GlobalVariableDefs.obj (Sdfm1RegsFile)

Sdfm2RegsFile 
*          1    00005e80    00000048     UNINITIALIZED
                  00005e80    00000048     F2837xD_GlobalVariableDefs.obj (Sdfm2RegsFile)

McbspaRegsFile 
*          1    00006000    00000024     UNINITIALIZED
                  00006000    00000024     F2837xD_GlobalVariableDefs.obj (McbspaRegsFile)

McbspbRegsFile 
*          1    00006040    00000024     UNINITIALIZED
                  00006040    00000024     F2837xD_GlobalVariableDefs.obj (McbspbRegsFile)

SpiaRegsFile 
*          1    00006100    00000010     UNINITIALIZED
                  00006100    00000010     F2837xD_GlobalVariableDefs.obj (SpiaRegsFile)

SpibRegsFile 
*          1    00006110    00000010     UNINITIALIZED
                  00006110    00000010     F2837xD_GlobalVariableDefs.obj (SpibRegsFile)

SpicRegsFile 
*          1    00006120    00000010     UNINITIALIZED
                  00006120    00000010     F2837xD_GlobalVariableDefs.obj (SpicRegsFile)

UppRegsFile 
*          1    00006200    00000048     UNINITIALIZED
                  00006200    00000048     F2837xD_GlobalVariableDefs.obj (UppRegsFile)

WdRegsFile 
*          1    00007000    0000002b     UNINITIALIZED
                  00007000    0000002b     F2837xD_GlobalVariableDefs.obj (WdRegsFile)

NmiIntruptRegsFile 
*          1    00007060    00000007     UNINITIALIZED
                  00007060    00000007     F2837xD_GlobalVariableDefs.obj (NmiIntruptRegsFile)

XintRegsFile 
*          1    00007070    0000000b     UNINITIALIZED
                  00007070    0000000b     F2837xD_GlobalVariableDefs.obj (XintRegsFile)

SciaRegsFile 
*          1    00007200    00000010     UNINITIALIZED
                  00007200    00000010     F2837xD_GlobalVariableDefs.obj (SciaRegsFile)

ScibRegsFile 
*          1    00007210    00000010     UNINITIALIZED
                  00007210    00000010     F2837xD_GlobalVariableDefs.obj (ScibRegsFile)

ScicRegsFile 
*          1    00007220    00000010     UNINITIALIZED
                  00007220    00000010     F2837xD_GlobalVariableDefs.obj (ScicRegsFile)

ScidRegsFile 
*          1    00007230    00000010     UNINITIALIZED
                  00007230    00000010     F2837xD_GlobalVariableDefs.obj (ScidRegsFile)

I2caRegsFile 
*          1    00007300    00000022     UNINITIALIZED
                  00007300    00000022     F2837xD_GlobalVariableDefs.obj (I2caRegsFile)

I2cbRegsFile 
*          1    00007340    00000022     UNINITIALIZED
                  00007340    00000022     F2837xD_GlobalVariableDefs.obj (I2cbRegsFile)

InputXbarRegsFile 
*          1    00007900    00000020     UNINITIALIZED
                  00007900    00000020     F2837xD_GlobalVariableDefs.obj (InputXbarRegsFile)

XbarRegsFile 
*          1    00007920    0000000e     UNINITIALIZED
                  00007920    0000000e     F2837xD_GlobalVariableDefs.obj (XbarRegsFile)

SyncSocRegsFile 
*          1    00007940    00000006     UNINITIALIZED
                  00007940    00000006     F2837xD_GlobalVariableDefs.obj (SyncSocRegsFile)

DmaClaSrcSelRegsFile 
*          1    00007980    0000001a     UNINITIALIZED
                  00007980    0000001a     F2837xD_GlobalVariableDefs.obj (DmaClaSrcSelRegsFile)

EPwmXbarRegsFile 
*          1    00007a00    00000040     UNINITIALIZED
                  00007a00    00000040     F2837xD_GlobalVariableDefs.obj (EPwmXbarRegsFile)

ClbXbarRegsFile 
*          1    00007a40    00000040     UNINITIALIZED
                  00007a40    00000040     F2837xD_GlobalVariableDefs.obj (ClbXbarRegsFile)

OutputXbarRegsFile 
*          1    00007a80    00000040     UNINITIALIZED
                  00007a80    00000040     F2837xD_GlobalVariableDefs.obj (OutputXbarRegsFile)

GpioCtrlRegsFile 
*          1    00007c00    00000180     UNINITIALIZED
                  00007c00    00000180     F2837xD_GlobalVariableDefs.obj (GpioCtrlRegsFile)

GpioDataRegsFile 
*          1    00007f00    00000030     UNINITIALIZED
                  00007f00    00000030     F2837xD_GlobalVariableDefs.obj (GpioDataRegsFile)

Emif1RegsFile 
*          1    00047000    00000028     UNINITIALIZED
                  00047000    00000028     F2837xD_GlobalVariableDefs.obj (Emif1RegsFile)

Emif2RegsFile 
*          1    00047800    00000028     UNINITIALIZED
                  00047800    00000028     F2837xD_GlobalVariableDefs.obj (Emif2RegsFile)

CanaRegsFile 
*          1    00048000    00000164     UNINITIALIZED
                  00048000    00000164     F2837xD_GlobalVariableDefs.obj (CanaRegsFile)

CanbRegsFile 
*          1    0004a000    00000164     UNINITIALIZED
                  0004a000    00000164     F2837xD_GlobalVariableDefs.obj (CanbRegsFile)

IpcRegsFile 
*          1    00050000    00000024     UNINITIALIZED
                  00050000    00000024     F2837xD_GlobalVariableDefs.obj (IpcRegsFile)

FlashPumpSemaphoreRegsFile 
*          1    00050024    00000002     UNINITIALIZED
                  00050024    00000002     F2837xD_GlobalVariableDefs.obj (FlashPumpSemaphoreRegsFile)

DevCfgRegsFile 
*          1    0005d000    0000012e     UNINITIALIZED
                  0005d000    0000012e     F2837xD_GlobalVariableDefs.obj (DevCfgRegsFile)

AnalogSubsysRegsFile 
*          1    0005d180    0000003e     UNINITIALIZED
                  0005d180    0000003e     F2837xD_GlobalVariableDefs.obj (AnalogSubsysRegsFile)

ClkCfgRegsFile 
*          1    0005d200    00000032     UNINITIALIZED
                  0005d200    00000032     F2837xD_GlobalVariableDefs.obj (ClkCfgRegsFile)

CpuSysRegsFile 
*          1    0005d300    00000082     UNINITIALIZED
                  0005d300    00000082     F2837xD_GlobalVariableDefs.obj (CpuSysRegsFile)

DcsmZ1RegsFile 
*          1    0005f000    00000022     UNINITIALIZED
                  0005f000    00000022     F2837xD_GlobalVariableDefs.obj (DcsmZ1RegsFile)

DcsmZ2RegsFile 
*          1    0005f040    00000022     UNINITIALIZED
                  0005f040    00000022     F2837xD_GlobalVariableDefs.obj (DcsmZ2RegsFile)

DcsmCommonRegsFile 
*          1    0005f070    00000006     UNINITIALIZED
                  0005f070    00000006     F2837xD_GlobalVariableDefs.obj (DcsmCommonRegsFile)

MemCfgRegsFile 
*          1    0005f400    00000076     UNINITIALIZED
                  0005f400    00000076     F2837xD_GlobalVariableDefs.obj (MemCfgRegsFile)

Emif1ConfigRegsFile 
*          1    0005f480    0000000a     UNINITIALIZED
                  0005f480    0000000a     F2837xD_GlobalVariableDefs.obj (Emif1ConfigRegsFile)

Emif2ConfigRegsFile 
*          1    0005f4a0    0000000a     UNINITIALIZED
                  0005f4a0    0000000a     F2837xD_GlobalVariableDefs.obj (Emif2ConfigRegsFile)

AccessProtectionRegsFile 
*          1    0005f4c0    0000002e     UNINITIALIZED
                  0005f4c0    0000002e     F2837xD_GlobalVariableDefs.obj (AccessProtectionRegsFile)

MemoryErrorRegsFile 
*          1    0005f500    0000003a     UNINITIALIZED
                  0005f500    0000003a     F2837xD_GlobalVariableDefs.obj (MemoryErrorRegsFile)

Flash0CtrlRegsFile 
*          1    0005f800    00000182     UNINITIALIZED
                  0005f800    00000182     F2837xD_GlobalVariableDefs.obj (Flash0CtrlRegsFile)

Flash0EccRegsFile 
*          1    0005fb00    00000028     UNINITIALIZED
                  0005fb00    00000028     F2837xD_GlobalVariableDefs.obj (Flash0EccRegsFile)

RomPrefetchRegsFile 
*          1    0005e608    00000002     UNINITIALIZED
                  0005e608    00000002     F2837xD_GlobalVariableDefs.obj (RomPrefetchRegsFile)

RomWaitStateRegsFile 
*          1    0005f540    00000002     UNINITIALIZED
                  0005f540    00000002     F2837xD_GlobalVariableDefs.obj (RomWaitStateRegsFile)

UidRegsFile 
*          1    000703c0    00000010     UNINITIALIZED
                  000703c0    00000010     F2837xD_GlobalVariableDefs.obj (UidRegsFile)

.text.1    0    00000126    000002da     
                  00000126    00000244     F2837xD_Gpio.obj (.text)
                  0000036a    00000096     F2837xD_EQep.obj (.text)

.text.2    0    0000b000    0000010b     
                  0000b000    0000001d     rts2800_fpu32.lib : memcpy.c.obj (.text)
                  0000b01d    0000001c                       : fs_tofdfpu32.asm.obj (.text)
                  0000b039    0000001c                       : l_tofd28.asm.obj (.text)
                  0000b055    00000018                       : ll_aox28.asm.obj (.text)
                  0000b06d    00000015     init_sys.obj (.text)
                  0000b082    00000014     gpio_config.obj (.text)
                  0000b096    00000014     main.obj (.text)
                  0000b0aa    00000010     rts2800_fpu32.lib : memccpy.c.obj (.text)
                  0000b0ba    0000000e                       : fd_sub28.asm.obj (.text)
                  0000b0c8    0000000c                       : strchr.c.obj (.text)
                  0000b0d4    00000009                       : _lock.c.obj (.text)
                  0000b0dd    00000009                       : fd_neg28.asm.obj (.text)
                  0000b0e6    00000009                       : wcslen.c.obj (.text)
                  0000b0ef    00000008     F2837xD_CodeStartBranch.obj (.text)
                  0000b0f7    00000008     rts2800_fpu32.lib : strlen.c.obj (.text)
                  0000b0ff    00000007                       : memset.c.obj (.text)
                  0000b106    00000005                       : strcpy.c.obj (.text)

.text.3    0    0000c000    00001000     
                  0000c000    000006d0     rts2800_fpu32.lib : _printfi.c.obj (.text)
                  0000c6d0    000005f5                       : _printfi.c.obj (.text:__TI_printfi)
                  0000ccc5    00000107                       : ll_div28.asm.obj (.text)
                  0000cdcc    00000101     timerInit.obj (.text:retain)
                  0000cecd    000000a9     rts2800_fpu32.lib : s_scalbn.c.obj (.text)
                  0000cf76    00000088                       : fs_div28.asm.obj (.text)
                  0000cffe    00000002                       : pre_init.c.obj (.text)

.text.4    0    0000d000    00001000     
                  0000d000    00000585     F2837xD_DefaultISR.obj (.text:retain)
                  0000d585    000004ab     F2837xD_SysCtrl.obj (.text)
                  0000da30    0000009c     rts2800_fpu32.lib : fd_add28.asm.obj (.text)
                  0000dacc    0000008b                       : fd_div28.asm.obj (.text)
                  0000db57    00000083                       : fd_mpy28.asm.obj (.text)
                  0000dbda    0000007c     F2837xD_CpuTimers.obj (.text)
                  0000dc56    0000005a     rts2800_fpu32.lib : s_frexp.c.obj (.text)
                  0000dcb0    00000056                       : boot28.asm.obj (.text)
                  0000dd06    00000054     uartInit.obj (.text)
                  0000dd5a    00000032     rts2800_fpu32.lib : sprintf.c.obj (.text)
                  0000dd8c    00000031                       : atoi.c.obj (.text)
                  0000ddbd    00000030                       : _ltoa.c.obj (.text)
                  0000dded    0000002a                       : fd_cmp28.asm.obj (.text)
                  0000de17    0000002a                       : l_div28.asm.obj (.text)
                  0000de41    0000002a     timerInit.obj (.text)
                  0000de6b    00000029     rts2800_fpu32.lib : exit.c.obj (.text)
                  0000de94    00000028     F2837xD_PieCtrl.obj (.text)
                  0000debc    00000027     eqepInit.obj (.text)
                  0000dee3    00000026     F2837xD_PieVect.obj (.text)
                  0000df09    00000024     rts2800_fpu32.lib : cpy_tbl.c.obj (.text)
                  0000df2d    00000024                       : s_copysign.c.obj (.text)
                  0000df51    00000021     aquisicaoBuffer.obj (.text)
                  0000df72    00000021     rts2800_fpu32.lib : fd_toi28.asm.obj (.text)
                  0000df93    0000001f                       : fd_tol28.asm.obj (.text)
                  0000dfb2    0000001e                       : ll_cmp28.asm.obj (.text)
                  0000dfd0    0000001d                       : i_tofd28.asm.obj (.text)
                  0000dfed    00000012                       : args_main.c.obj (.text)
                  0000dfff    00000001                       : startup.c.obj (.text)

.ebss.1    1    0000ab2c    000000bb     UNINITIALIZED
                  0000ab2c    0000000e     F2837xD_struct.obj (.ebss:_ECAP)
                  0000ab3a    00000006     F2837xD_struct.obj (.ebss:_SDFM)
                  0000ab40    0000001e     F2837xD_struct.obj (.ebss:_TRIP_SEL)
                  0000ab5e    0000001e     main.obj (.ebss)
                  0000ab7c    00000004     F2837xD_struct.obj (.ebss:_I2C)
                  0000ab80    0000001a     F2837xD_struct.obj (.ebss:_EPWM)
                  0000ab9a    00000018     F2837xD_CpuTimers.obj (.ebss)
                  0000abb2    0000000a     F2837xD_struct.obj (.ebss:_ADC)
                  0000abbc    00000004     F2837xD_struct.obj (.ebss:_MCBSP)
                  0000abc0    00000008     F2837xD_struct.obj (.ebss:_EQEP)
                  0000abc8    00000008     F2837xD_struct.obj (.ebss:_SPI)
                  0000abd0    00000008     main.obj (.ebss:_buffer_tx)
                  0000abd8    00000006     rts2800_fpu32.lib : exit.c.obj (.ebss)
                  0000abde    00000004     F2837xD_struct.obj (.ebss:_SCI)
                  0000abe2    00000002     rts2800_fpu32.lib : _lock.c.obj (.ebss:__lock)
                  0000abe4    00000002                       : _lock.c.obj (.ebss:__unlock)
                  0000abe6    00000001                       : errno.c.obj (.ebss)

.ebss.2    1    0000e000    0000d6d8     UNINITIALIZED
                  0000e000    0000d6d8     main.obj (.ebss:_buffer)

MODULE SUMMARY

       Module                           code   initialized data   uninitialized data
       ------                           ----   ----------------   ------------------
    .\
       main.obj                         20     90                 55038             
       timerInit.obj                    299    0                  0                 
       uartInit.obj                     84     3                  0                 
       eqepInit.obj                     39     0                  0                 
       aquisicaoBuffer.obj              33     0                  0                 
       init_sys.obj                     21     0                  0                 
       gpio_config.obj                  20     0                  0                 
    +--+--------------------------------+------+------------------+--------------------+
       Total:                           516    93                 55038             
                                                                                    
    .\Complementos\
       F2837xD_GlobalVariableDefs.obj   0      0                  9870              
       F2837xD_DefaultISR.obj           1413   0                  0                 
       F2837xD_SysCtrl.obj              1195   0                  0                 
       F2837xD_Gpio.obj                 580    0                  0                 
       F2837xD_PieVect.obj              38     448                0                 
       F2837xD_struct.obj               0      144                114               
       F2837xD_EQep.obj                 150    0                  0                 
       F2837xD_CpuTimers.obj            124    0                  24                
       F2837xD_Ipc_Driver.obj           0      0                  136               
       F2837xD_PieCtrl.obj              40     0                  0                 
       F2837xD_CodeStartBranch.obj      10     0                  0                 
       F2837xD_usDelay.obj              4      0                  0                 
    +--+--------------------------------+------+------------------+--------------------+
       Total:                           3554   592                10144             
                                                                                    
    C:\ti\ccs1280\ccs\tools\compiler\ti-cgt-c2000_22.6.1.LTS\lib\rts2800_fpu32.lib
       _printfi.c.obj                   3269   66                 0                 
       ll_div28.asm.obj                 263    0                  0                 
       ctype.c.obj                      0      257                0                 
       s_scalbn.c.obj                   169    28                 0                 
       fd_add28.asm.obj                 156    0                  0                 
       fd_div28.asm.obj                 139    0                  0                 
       fs_div28.asm.obj                 136    0                  0                 
       fd_mpy28.asm.obj                 131    0                  0                 
       s_frexp.c.obj                    90     8                  0                 
       boot28.asm.obj                   86     0                  0                 
       exit.c.obj                       41     14                 6                 
       sprintf.c.obj                    50     0                  0                 
       atoi.c.obj                       49     0                  0                 
       _ltoa.c.obj                      48     0                  0                 
       fd_cmp28.asm.obj                 42     0                  0                 
       l_div28.asm.obj                  42     0                  0                 
       cpy_tbl.c.obj                    36     0                  0                 
       s_copysign.c.obj                 36     0                  0                 
       fd_toi28.asm.obj                 33     0                  0                 
       fd_tol28.asm.obj                 31     0                  0                 
       ll_cmp28.asm.obj                 30     0                  0                 
       i_tofd28.asm.obj                 29     0                  0                 
       memcpy.c.obj                     29     0                  0                 
       fs_tofdfpu32.asm.obj             28     0                  0                 
       l_tofd28.asm.obj                 28     0                  0                 
       ll_aox28.asm.obj                 24     0                  0                 
       _lock.c.obj                      9      10                 4                 
       args_main.c.obj                  18     0                  0                 
       memccpy.c.obj                    16     0                  0                 
       fd_sub28.asm.obj                 14     0                  0                 
       strchr.c.obj                     12     0                  0                 
       fd_neg28.asm.obj                 9      0                  0                 
       wcslen.c.obj                     9      0                  0                 
       strlen.c.obj                     8      0                  0                 
       memset.c.obj                     7      0                  0                 
       errno.c.obj                      0      4                  1                 
       strcpy.c.obj                     5      0                  0                 
       pre_init.c.obj                   2      0                  0                 
       startup.c.obj                    1      0                  0                 
    +--+--------------------------------+------+------------------+--------------------+
       Total:                           5125   387                11                
                                                                                    
       Stack:                           0      0                  512               
    +--+--------------------------------+------+------------------+--------------------+
       Grand Total:                     9195   1072               65705             


GLOBAL DATA SYMBOLS: SORTED BY DATA PAGE

address     data page           name
--------    ----------------    ----
00000400      10 (00000400)     __stack

00000b00      2c (00000b00)     _AdcaResultRegs
00000b20      2c (00000b00)     _AdcbResultRegs

00000b40      2d (00000b40)     _AdccResultRegs
00000b60      2d (00000b40)     _AdcdResultRegs

00000c00      30 (00000c00)     _CpuTimer0Regs
00000c08      30 (00000c00)     _CpuTimer1Regs
00000c10      30 (00000c00)     _CpuTimer2Regs

00000ce0      33 (00000cc0)     _PieCtrlRegs

00000d00      34 (00000d00)     _PieVectTable

00001000      40 (00001000)     _DmaRegs

00001400      50 (00001400)     _Cla1Regs

00003000      c0 (00003000)     _Clb1LogicCfgRegs

00003100      c4 (00003100)     _Clb1LogicCtrlRegs

00003200      c8 (00003200)     _Clb1DataExchRegs

00003400      d0 (00003400)     _Clb2LogicCfgRegs

00003500      d4 (00003500)     _Clb2LogicCtrlRegs

00003600      d8 (00003600)     _Clb2DataExchRegs

00003800      e0 (00003800)     _Clb3LogicCfgRegs

00003900      e4 (00003900)     _Clb3LogicCtrlRegs

00003a00      e8 (00003a00)     _Clb3DataExchRegs

00003c00      f0 (00003c00)     _Clb4LogicCfgRegs

00003d00      f4 (00003d00)     _Clb4LogicCtrlRegs

00003e00      f8 (00003e00)     _Clb4DataExchRegs

00004000     100 (00004000)     _EPwm1Regs

00004100     104 (00004100)     _EPwm2Regs

00004200     108 (00004200)     _EPwm3Regs

00004300     10c (00004300)     _EPwm4Regs

00004400     110 (00004400)     _EPwm5Regs

00004500     114 (00004500)     _EPwm6Regs

00004600     118 (00004600)     _EPwm7Regs

00004700     11c (00004700)     _EPwm8Regs

00004800     120 (00004800)     _EPwm9Regs

00004900     124 (00004900)     _EPwm10Regs

00004a00     128 (00004a00)     _EPwm11Regs

00004b00     12c (00004b00)     _EPwm12Regs

00005000     140 (00005000)     _ECap1Regs
00005020     140 (00005000)     _ECap2Regs

00005040     141 (00005040)     _ECap3Regs
00005060     141 (00005040)     _ECap4Regs

00005080     142 (00005080)     _ECap5Regs
000050a0     142 (00005080)     _ECap6Regs

00005100     144 (00005100)     _EQep1Regs

00005140     145 (00005140)     _EQep2Regs

00005180     146 (00005180)     _EQep3Regs

00005c00     170 (00005c00)     _DacaRegs
00005c10     170 (00005c00)     _DacbRegs
00005c20     170 (00005c00)     _DaccRegs

00005c80     172 (00005c80)     _Cmpss1Regs
00005ca0     172 (00005c80)     _Cmpss2Regs

00005cc0     173 (00005cc0)     _Cmpss3Regs
00005ce0     173 (00005cc0)     _Cmpss4Regs

00005d00     174 (00005d00)     _Cmpss5Regs
00005d20     174 (00005d00)     _Cmpss6Regs

00005d40     175 (00005d40)     _Cmpss7Regs
00005d60     175 (00005d40)     _Cmpss8Regs

00005e00     178 (00005e00)     _Sdfm1Regs

00005e80     17a (00005e80)     _Sdfm2Regs

00006000     180 (00006000)     _McbspaRegs

00006040     181 (00006040)     _McbspbRegs

00006100     184 (00006100)     _SpiaRegs
00006110     184 (00006100)     _SpibRegs
00006120     184 (00006100)     _SpicRegs

00006200     188 (00006200)     _UppRegs

00007000     1c0 (00007000)     _WdRegs

00007060     1c1 (00007040)     _NmiIntruptRegs
00007070     1c1 (00007040)     _XintRegs

00007200     1c8 (00007200)     _SciaRegs
00007210     1c8 (00007200)     _ScibRegs
00007220     1c8 (00007200)     _ScicRegs
00007230     1c8 (00007200)     _ScidRegs

00007300     1cc (00007300)     _I2caRegs

00007340     1cd (00007340)     _I2cbRegs

00007400     1d0 (00007400)     _AdcaRegs

00007480     1d2 (00007480)     _AdcbRegs

00007500     1d4 (00007500)     _AdccRegs

00007580     1d6 (00007580)     _AdcdRegs

00007900     1e4 (00007900)     _InputXbarRegs
00007920     1e4 (00007900)     _XbarRegs

00007940     1e5 (00007940)     _SyncSocRegs

00007980     1e6 (00007980)     _DmaClaSrcSelRegs

00007a00     1e8 (00007a00)     _EPwmXbarRegs

00007a40     1e9 (00007a40)     _ClbXbarRegs

00007a80     1ea (00007a80)     _OutputXbarRegs

00007c00     1f0 (00007c00)     _GpioCtrlRegs

00007f00     1fc (00007f00)     _GpioDataRegs

0000a800     2a0 (0000a800)     _PieVectTableInit

0000a9c0     2a7 (0000a9c0)     __ctypes_

0000ab2c     2ac (0000ab00)     _ECAP
0000ab3a     2ac (0000ab00)     _SDFM

0000ab40     2ad (0000ab40)     _TRIP_SEL
0000ab5e     2ad (0000ab40)     _contbuffer
0000ab5f     2ad (0000ab40)     _indexbuffer
0000ab60     2ad (0000ab40)     _hab_aquisicao
0000ab61     2ad (0000ab40)     _dadoteste
0000ab62     2ad (0000ab40)     _LoopVel
0000ab63     2ad (0000ab40)     _int_ang_encoder
0000ab64     2ad (0000ab40)     _contstep
0000ab66     2ad (0000ab40)     _ang_encoder_ant
0000ab68     2ad (0000ab40)     _dif_ang_encoder
0000ab6a     2ad (0000ab40)     _angulo_encoder
0000ab6c     2ad (0000ab40)     _angulo_encoder0
0000ab6e     2ad (0000ab40)     _filtangulo_encoder
0000ab70     2ad (0000ab40)     _NumPulsos
0000ab72     2ad (0000ab40)     _ang_encoder
0000ab74     2ad (0000ab40)     _ang_encoder0
0000ab76     2ad (0000ab40)     _wmec
0000ab78     2ad (0000ab40)     _wm
0000ab7a     2ad (0000ab40)     _contuart
0000ab7c     2ad (0000ab40)     _I2C

0000ab80     2ae (0000ab80)     _EPWM
0000ab9a     2ae (0000ab80)     _CpuTimer0
0000aba2     2ae (0000ab80)     _CpuTimer1
0000abaa     2ae (0000ab80)     _CpuTimer2
0000abb2     2ae (0000ab80)     _ADC
0000abbc     2ae (0000ab80)     _MCBSP

0000abc0     2af (0000abc0)     _EQEP
0000abc8     2af (0000abc0)     _SPI
0000abd0     2af (0000abc0)     _buffer_tx
0000abd8     2af (0000abc0)     ___TI_enable_exit_profile_output
0000abda     2af (0000abc0)     ___TI_cleanup_ptr
0000abdc     2af (0000abc0)     ___TI_dtors_ptr
0000abde     2af (0000abc0)     _SCI
0000abe2     2af (0000abc0)     __lock
0000abe4     2af (0000abc0)     __unlock
0000abe6     2af (0000abc0)     _errno

0000e000     380 (0000e000)     _buffer

0003f800     fe0 (0003f800)     _g_asIPCCPU2toCPU1Buffers

0003f880     fe2 (0003f880)     _g_usGetWriteIndexes
0003f884     fe2 (0003f880)     _g_usPutReadIndexes

0003fc00     ff0 (0003fc00)     _g_asIPCCPU1toCPU2Buffers

0003fc80     ff2 (0003fc80)     _g_usPutWriteIndexes
0003fc84     ff2 (0003fc80)     _g_usGetReadIndexes

00047000    11c0 (00047000)     _Emif1Regs

00047800    11e0 (00047800)     _Emif2Regs

00048000    1200 (00048000)     _CanaRegs

0004a000    1280 (0004a000)     _CanbRegs

00050000    1400 (00050000)     _IpcRegs
00050024    1400 (00050000)     _FlashPumpSemaphoreRegs

0005d000    1740 (0005d000)     _DevCfgRegs

0005d180    1746 (0005d180)     _AnalogSubsysRegs

0005d200    1748 (0005d200)     _ClkCfgRegs

0005d300    174c (0005d300)     _CpuSysRegs

0005e608    1798 (0005e600)     _RomPrefetchRegs

0005f000    17c0 (0005f000)     _DcsmZ1Regs

0005f040    17c1 (0005f040)     _DcsmZ2Regs
0005f070    17c1 (0005f040)     _DcsmCommonRegs

0005f400    17d0 (0005f400)     _MemCfgRegs

0005f480    17d2 (0005f480)     _Emif1ConfigRegs
0005f4a0    17d2 (0005f480)     _Emif2ConfigRegs

0005f4c0    17d3 (0005f4c0)     _AccessProtectionRegs

0005f500    17d4 (0005f500)     _MemoryErrorRegs

0005f540    17d5 (0005f540)     _RomWaitStateRegs

0005f800    17e0 (0005f800)     _Flash0CtrlRegs

0005fb00    17ec (0005fb00)     _Flash0EccRegs

000703c0    1c0f (000703c0)     _UidRegs


GLOBAL SYMBOLS: SORTED ALPHABETICALLY BY Name 

page  address   name                                  
----  -------   ----                                  
abs   ffffffff  .text                                 
0     0000de6b  C$$EXIT                               
0     0000da30  FD$$ADD                               
0     0000dded  FD$$CMP                               
0     0000dacc  FD$$DIV                               
0     0000db57  FD$$MPY                               
0     0000b0dd  FD$$NEG                               
0     0000b0ba  FD$$SUB                               
0     0000df72  FD$$TOI                               
0     0000df93  FD$$TOL                               
0     0000cf76  FS$$DIV                               
0     0000b01d  FS$$TOFD                              
0     0000dfd0  I$$TOFD                               
0     0000de17  L$$DIV                                
0     0000de26  L$$MOD                                
0     0000b039  L$$TOFD                               
0     0000b055  LL$$AND                               
0     0000dfb2  LL$$CMP                               
0     0000ccc5  LL$$DIV                               
0     0000cd01  LL$$MOD                               
0     0000b05d  LL$$OR                                
0     0000b065  LL$$XOR                               
0     0000de34  UL$$DIV                               
0     0000de3b  UL$$MOD                               
0     0000dfc4  ULL$$CMP                              
0     0000cd3b  ULL$$DIV                              
0     0000cd6a  ULL$$MOD                              
1     0000abb2  _ADC                                  
0     0000d0be  _ADCA1_ISR                            
0     0000d33e  _ADCA2_ISR                            
0     0000d348  _ADCA3_ISR                            
0     0000d352  _ADCA4_ISR                            
0     0000d334  _ADCA_EVT_ISR                         
0     0000d0c8  _ADCB1_ISR                            
0     0000d366  _ADCB2_ISR                            
0     0000d370  _ADCB3_ISR                            
0     0000d37a  _ADCB4_ISR                            
0     0000d35c  _ADCB_EVT_ISR                         
0     0000d0d2  _ADCC1_ISR                            
0     0000d4ce  _ADCC2_ISR                            
0     0000d4d8  _ADCC3_ISR                            
0     0000d4e2  _ADCC4_ISR                            
0     0000d4c4  _ADCC_EVT_ISR                         
0     0000d0f0  _ADCD1_ISR                            
0     0000d4f6  _ADCD2_ISR                            
0     0000d500  _ADCD3_ISR                            
0     0000d50a  _ADCD4_ISR                            
0     0000d4ec  _ADCD_EVT_ISR                         
0     0000d546  _AUX_PLL_SLIP_ISR                     
1     0005f4c0  _AccessProtectionRegs                 
1     00007400  _AdcaRegs                             
1     00000b00  _AdcaResultRegs                       
1     00007480  _AdcbRegs                             
1     00000b20  _AdcbResultRegs                       
1     00007500  _AdccRegs                             
1     00000b40  _AdccResultRegs                       
1     00007580  _AdcdRegs                             
1     00000b60  _AdcdResultRegs                       
1     0005d180  _AnalogSubsysRegs                     
0     0000d9bf  _AuxAuxClkSel                         
0     0000d9a9  _AuxIntOsc2Sel                        
0     0000d9b3  _AuxXtalOscSel                        
0     0000d30c  _CANA0_ISR                            
0     0000d316  _CANA1_ISR                            
0     0000d320  _CANB0_ISR                            
0     0000d32a  _CANB1_ISR                            
0     0000d384  _CLA1_1_ISR                           
0     0000d38e  _CLA1_2_ISR                           
0     0000d398  _CLA1_3_ISR                           
0     0000d3a2  _CLA1_4_ISR                           
0     0000d3ac  _CLA1_5_ISR                           
0     0000d3b6  _CLA1_6_ISR                           
0     0000d3c0  _CLA1_7_ISR                           
0     0000d3ca  _CLA1_8_ISR                           
0     0000d550  _CLA_OVERFLOW_ISR                     
0     0000d55a  _CLA_UNDERFLOW_ISR                    
1     00048000  _CanaRegs                             
1     0004a000  _CanbRegs                             
1     00001400  _Cla1Regs                             
1     00003200  _Clb1DataExchRegs                     
1     00003000  _Clb1LogicCfgRegs                     
1     00003100  _Clb1LogicCtrlRegs                    
1     00003600  _Clb2DataExchRegs                     
1     00003400  _Clb2LogicCfgRegs                     
1     00003500  _Clb2LogicCtrlRegs                    
1     00003a00  _Clb3DataExchRegs                     
1     00003800  _Clb3LogicCfgRegs                     
1     00003900  _Clb3LogicCtrlRegs                    
1     00003e00  _Clb4DataExchRegs                     
1     00003c00  _Clb4LogicCfgRegs                     
1     00003d00  _Clb4LogicCtrlRegs                    
1     00007a40  _ClbXbarRegs                          
1     0005d200  _ClkCfgRegs                           
1     00005c80  _Cmpss1Regs                           
1     00005ca0  _Cmpss2Regs                           
1     00005cc0  _Cmpss3Regs                           
1     00005ce0  _Cmpss4Regs                           
1     00005d00  _Cmpss5Regs                           
1     00005d20  _Cmpss6Regs                           
1     00005d40  _Cmpss7Regs                           
1     00005d60  _Cmpss8Regs                           
0     0000dc1b  _ConfigCpuTimer                       
0     0000da13  _ConfigureTMXAnalogTrim               
1     0005d300  _CpuSysRegs                           
1     0000ab9a  _CpuTimer0                            
1     00000c00  _CpuTimer0Regs                        
1     0000aba2  _CpuTimer1                            
1     00000c08  _CpuTimer1Regs                        
1     0000abaa  _CpuTimer2                            
1     00000c10  _CpuTimer2Regs                        
0     0000d954  _CsmUnlock                            
0     0000d014  _DATALOG_ISR                          
0     0000d258  _DMA_CH1_ISR                          
0     0000d262  _DMA_CH2_ISR                          
0     0000d26c  _DMA_CH3_ISR                          
0     0000d276  _DMA_CH4_ISR                          
0     0000d280  _DMA_CH5_ISR                          
0     0000d28a  _DMA_CH6_ISR                          
1     00005c00  _DacaRegs                             
1     00005c10  _DacbRegs                             
1     00005c20  _DaccRegs                             
1     0005f070  _DcsmCommonRegs                       
1     0005f000  _DcsmZ1Regs                           
1     0005f040  _DcsmZ2Regs                           
1     0005d000  _DevCfgRegs                           
0     0000d668  _DisableDog                           
0     0000d629  _DisablePeripheralClocks              
1     00007980  _DmaClaSrcSelRegs                     
1     00001000  _DmaRegs                              
1     0000ab2c  _ECAP                                 
0     0000d1ae  _ECAP1_ISR                            
0     0000d1b8  _ECAP2_ISR                            
0     0000d1c2  _ECAP3_ISR                            
0     0000d1cc  _ECAP4_ISR                            
0     0000d1d6  _ECAP5_ISR                            
0     0000d1e0  _ECAP6_ISR                            
1     00005000  _ECap1Regs                            
1     00005020  _ECap2Regs                            
1     00005040  _ECap3Regs                            
1     00005060  _ECap4Regs                            
1     00005080  _ECap5Regs                            
1     000050a0  _ECap6Regs                            
0     0000d514  _EMIF_ERROR_ISR                       
0     0000d56e  _EMPTY_ISR                            
0     0000d028  _EMU_ISR                              
1     0000ab80  _EPWM                                 
0     0000d46a  _EPWM10_ISR                           
0     0000d442  _EPWM10_TZ_ISR                        
0     0000d474  _EPWM11_ISR                           
0     0000d44c  _EPWM11_TZ_ISR                        
0     0000d47e  _EPWM12_ISR                           
0     0000d456  _EPWM12_TZ_ISR                        
0     0000d15e  _EPWM1_ISR                            
0     0000d10e  _EPWM1_TZ_ISR                         
0     0000d168  _EPWM2_ISR                            
0     0000d118  _EPWM2_TZ_ISR                         
0     0000d172  _EPWM3_ISR                            
0     0000d122  _EPWM3_TZ_ISR                         
0     0000d17c  _EPWM4_ISR                            
0     0000d12c  _EPWM4_TZ_ISR                         
0     0000d186  _EPWM5_ISR                            
0     0000d136  _EPWM5_TZ_ISR                         
0     0000d190  _EPWM6_ISR                            
0     0000d140  _EPWM6_TZ_ISR                         
0     0000d19a  _EPWM7_ISR                            
0     0000d14a  _EPWM7_TZ_ISR                         
0     0000d1a4  _EPWM8_ISR                            
0     0000d154  _EPWM8_TZ_ISR                         
0     0000d460  _EPWM9_ISR                            
0     0000d438  _EPWM9_TZ_ISR                         
1     00004900  _EPwm10Regs                           
1     00004a00  _EPwm11Regs                           
1     00004b00  _EPwm12Regs                           
1     00004000  _EPwm1Regs                            
1     00004100  _EPwm2Regs                            
1     00004200  _EPwm3Regs                            
1     00004300  _EPwm4Regs                            
1     00004400  _EPwm5Regs                            
1     00004500  _EPwm6Regs                            
1     00004600  _EPwm7Regs                            
1     00004700  _EPwm8Regs                            
1     00004800  _EPwm9Regs                            
1     00007a00  _EPwmXbarRegs                         
1     0000abc0  _EQEP                                 
0     0000d1ea  _EQEP1_ISR                            
0     0000d1f4  _EQEP2_ISR                            
0     0000d1fe  _EQEP3_ISR                            
1     00005100  _EQep1Regs                            
1     00005140  _EQep2Regs                            
1     00005180  _EQep3Regs                            
1     0005f480  _Emif1ConfigRegs                      
1     00047000  _Emif1Regs                            
1     0005f4a0  _Emif2ConfigRegs                      
1     00047800  _Emif2Regs                            
0     0000deb3  _EnableInterrupts                     
0     00000122  _F28x_usDelay                         
0     0000d528  _FLASH_CORRECTABLE_ERROR_ISR          
0     0000d3fc  _FPU_OVERFLOW_ISR                     
0     0000d406  _FPU_UNDERFLOW_ISR                    
1     0005f800  _Flash0CtrlRegs                       
1     0005fb00  _Flash0EccRegs                        
1     00050024  _FlashPumpSemaphoreRegs               
0     0000031f  _GPIO_EnableUnbondedIOPullups         
0     000002fa  _GPIO_EnableUnbondedIOPullupsFor100Pin
0     000002e1  _GPIO_EnableUnbondedIOPullupsFor176Pin
0     00000335  _GPIO_ReadPin                         
0     00000286  _GPIO_SetupLock                       
0     00000166  _GPIO_SetupPinMux                     
0     000001f2  _GPIO_SetupPinOptions                 
0     000002af  _GPIO_SetupXINT1Gpio                  
0     000002b9  _GPIO_SetupXINT2Gpio                  
0     000002c3  _GPIO_SetupXINT3Gpio                  
0     000002cd  _GPIO_SetupXINT4Gpio                  
0     000002d7  _GPIO_SetupXINT5Gpio                  
0     0000034c  _GPIO_WritePin                        
1     00007c00  _GpioCtrlRegs                         
1     00007f00  _GpioDataRegs                         
0     0000d9dd  _HALT                                 
0     0000d9f6  _HIB                                  
1     0000ab7c  _I2C                                  
0     0000d29e  _I2CA_FIFO_ISR                        
0     0000d294  _I2CA_ISR                             
0     0000d2b2  _I2CB_FIFO_ISR                        
0     0000d2a8  _I2CB_ISR                             
1     00007300  _I2caRegs                             
1     00007340  _I2cbRegs                             
0     0000d9c9  _IDLE                                 
0     0000d03c  _ILLEGAL_ISR                          
0     0000d410  _IPC0_ISR                             
0     0000d41a  _IPC1_ISR                             
0     0000d424  _IPC2_ISR                             
0     0000d42e  _IPC3_ISR                             
0     0000b06d  _Inicializacao                        
0     0000d865  _InitAuxPll                           
0     0000dbda  _InitCpuTimers                        
0     0000036a  _InitEQep                             
0     0000debc  _InitEQep1                            
0     00000372  _InitEQep1Gpio                        
0     0000039c  _InitEQep2Gpio                        
0     000003c2  _InitEQep3Gpio                        
0     0000036b  _InitEQepGpio                         
0     00000126  _InitGpio                             
0     0000d5a5  _InitPeripheralClocks                 
0     0000de94  _InitPieCtrl                          
0     0000dee3  _InitPieVectTable                     
0     0000d585  _InitSysCtrl                          
0     0000d676  _InitSysPll                           
1     00007900  _InputXbarRegs                        
1     00050000  _IpcRegs                              
1     0000ab62  _LoopVel                              
1     0000abbc  _MCBSP                                
0     0000d230  _MCBSPA_RX_ISR                        
0     0000d23a  _MCBSPA_TX_ISR                        
0     0000d244  _MCBSPB_RX_ISR                        
0     0000d24e  _MCBSPB_TX_ISR                        
1     00006000  _McbspaRegs                           
1     00006040  _McbspbRegs                           
1     0005f400  _MemCfgRegs                           
1     0005f500  _MemoryErrorRegs                      
0     0000d032  _NMI_ISR                              
0     0000d57b  _NOTUSED_ISR                          
1     00007060  _NmiIntruptRegs                       
1     0000ab70  _NumPulsos                            
1     00007a80  _OutputXbarRegs                       
0     0000d564  _PIE_RESERVED_ISR                     
1     00000ce0  _PieCtrlRegs                          
1     00000d00  _PieVectTable                         
1     0000a800  _PieVectTableInit                     
0     0000d532  _RAM_ACCESS_VIOLATION_ISR             
0     0000d51e  _RAM_CORRECTABLE_ERROR_ISR            
0     0000d01e  _RTOS_ISR                             
0     0000d650  _ReleaseFlashPump                     
1     0005e608  _RomPrefetchRegs                      
1     0005f540  _RomWaitStateRegs                     
1     0000abde  _SCI                                  
0     0000d2e4  _SCIA_RX_ISR                          
0     0000d2ee  _SCIA_TX_ISR                          
0     0000d2f8  _SCIB_RX_ISR                          
0     0000d302  _SCIB_TX_ISR                          
0     0000d2bc  _SCIC_RX_ISR                          
0     0000d2c6  _SCIC_TX_ISR                          
0     0000d2d0  _SCID_RX_ISR                          
0     0000d2da  _SCID_TX_ISR                          
0     0000d488  _SD1_ISR                              
0     0000d492  _SD2_ISR                              
1     0000ab3a  _SDFM                                 
1     0000abc8  _SPI                                  
0     0000d208  _SPIA_RX_ISR                          
0     0000d212  _SPIA_TX_ISR                          
0     0000d21c  _SPIB_RX_ISR                          
0     0000d226  _SPIB_TX_ISR                          
0     0000d49c  _SPIC_RX_ISR                          
0     0000d4a6  _SPIC_TX_ISR                          
0     0000d9d2  _STANDBY                              
0     0000d53c  _SYS_PLL_SLIP_ISR                     
1     00007200  _SciaRegs                             
1     00007210  _ScibRegs                             
1     00007220  _ScicRegs                             
1     00007230  _ScidRegs                             
1     00005e00  _Sdfm1Regs                            
1     00005e80  _Sdfm2Regs                            
0     0000d641  _SeizeFlashPump                       
0     0000d65a  _ServiceDog                           
1     00006100  _SpiaRegs                             
1     00006110  _SpibRegs                             
1     00006120  _SpicRegs                             
1     00007940  _SyncSocRegs                          
0     0000d975  _SysIntOsc1Sel                        
0     0000d985  _SysIntOsc2Sel                        
0     0000d999  _SysXtalOscSel                        
0     0000d0fa  _TIMER0_ISR                           
0     0000d000  _TIMER1_ISR                           
0     0000d00a  _TIMER2_ISR                           
1     0000ab40  _TRIP_SEL                             
0     0000d4b0  _UPPA_ISR                             
0     0000d4ba  _USBA_ISR                             
0     0000d0a0  _USER10_ISR                           
0     0000d0aa  _USER11_ISR                           
0     0000d0b4  _USER12_ISR                           
0     0000d046  _USER1_ISR                            
0     0000d050  _USER2_ISR                            
0     0000d05a  _USER3_ISR                            
0     0000d064  _USER4_ISR                            
0     0000d06e  _USER5_ISR                            
0     0000d078  _USER6_ISR                            
0     0000d082  _USER7_ISR                            
0     0000d08c  _USER8_ISR                            
0     0000d096  _USER9_ISR                            
1     000703c0  _UidRegs                              
1     00006200  _UppRegs                              
0     0000d3f2  _VCU_ISR                              
0     0000d104  _WAKE_ISR                             
1     00007000  _WdRegs                               
0     0000d0dc  _XINT1_ISR                            
0     0000d0e6  _XINT2_ISR                            
0     0000d3d4  _XINT3_ISR                            
0     0000d3de  _XINT4_ISR                            
0     0000d3e8  _XINT5_ISR                            
1     00007920  _XbarRegs                             
1     00007070  _XintRegs                             
1     00000600  __STACK_END                           
abs   00000200  __STACK_SIZE                          
1     0000abda  ___TI_cleanup_ptr                     
1     0000abdc  ___TI_dtors_ptr                       
1     0000abd8  ___TI_enable_exit_profile_output      
0     0000ddbd  ___TI_ltoa                            
abs   ffffffff  ___TI_pprof_out_hndl                  
0     0000cb40  ___TI_printfi                         
abs   ffffffff  ___TI_prof_data_size                  
abs   ffffffff  ___TI_prof_data_start                 
abs   ffffffff  ___binit__                            
abs   ffffffff  ___c_args__                           
0     00009800  ___cinit__                            
abs   ffffffff  ___etext__                            
abs   ffffffff  ___pinit__                            
abs   ffffffff  ___text__                             
0     0000dfed  __args_main                           
1     0000a9c0  __ctypes_                             
1     0000abe2  __lock                                
0     0000b0dc  __nop                                 
0     0000b0d8  __register_lock                       
0     0000b0d4  __register_unlock                     
1     00000400  __stack                               
0     0000dfff  __system_post_cinit                   
0     0000cffe  __system_pre_init                     
1     0000abe4  __unlock                              
0     0000de6b  _abort                                
1     0000ab72  _ang_encoder                          
1     0000ab74  _ang_encoder0                         
1     0000ab66  _ang_encoder_ant                      
1     0000ab6a  _angulo_encoder                       
1     0000ab6c  _angulo_encoder0                      
0     0000df51  _aquisicaobuffer                      
0     0000dd8c  _atoi                                 
1     0000e000  _buffer                               
1     0000abd0  _buffer_tx                            
0     0000dcb0  _c_int00                              
1     0000ab5e  _contbuffer                           
1     0000ab64  _contstep                             
1     0000ab7a  _contuart                             
0     0000df09  _copy_in                              
0     0000df2d  _copysignl                            
1     0000ab61  _dadoteste                            
1     0000ab68  _dif_ang_encoder                      
1     0000abe6  _errno                                
0     0000de6d  _exit                                 
1     0000ab6e  _filtangulo_encoder                   
0     0000dc56  _frexpl                               
1     0003fc00  _g_asIPCCPU1toCPU2Buffers             
0     0003f800  _g_asIPCCPU2toCPU1Buffers             
1     0003fc84  _g_usGetReadIndexes                   
0     0003f880  _g_usGetWriteIndexes                  
0     0003f884  _g_usPutReadIndexes                   
1     0003fc80  _g_usPutWriteIndexes                  
0     0000b082  _gpioInit                             
1     0000ab60  _hab_aquisicao                        
1     0000ab5f  _indexbuffer                          
1     0000ab63  _int_ang_encoder                      
0     0000cdcc  _isr_cpu_timer0                       
0     0000cecd  _ldexpl                               
0     0000b096  _main                                 
0     0000b0aa  _memccpy                              
0     0000b000  _memcpy                               
0     0000b0ff  _memset                               
0     0000cecd  _scalbnl                              
0     0000dd1c  _send_buffer_tx                       
0     0000dd30  _send_int16_uart                      
0     0000dd5a  _sprintf                              
0     0000b0c8  _strchr                               
0     0000b106  _strcpy                               
0     0000b0f7  _strlen                               
0     0000de41  _timer0Init                           
0     0000dd06  _uartInit                             
0     0000b0e6  _wcslen                               
1     0000ab78  _wm                                   
1     0000ab76  _wmec                                 
abs   ffffffff  binit                                 
0     00009800  cinit                                 
0     00000000  code_start                            
abs   ffffffff  etext                                 
abs   ffffffff  pinit                                 


GLOBAL SYMBOLS: SORTED BY Symbol Address 

page  address   name                                  
----  -------   ----                                  
0     00000000  code_start                            
0     00000122  _F28x_usDelay                         
0     00000126  _InitGpio                             
0     00000166  _GPIO_SetupPinMux                     
0     000001f2  _GPIO_SetupPinOptions                 
0     00000286  _GPIO_SetupLock                       
0     000002af  _GPIO_SetupXINT1Gpio                  
0     000002b9  _GPIO_SetupXINT2Gpio                  
0     000002c3  _GPIO_SetupXINT3Gpio                  
0     000002cd  _GPIO_SetupXINT4Gpio                  
0     000002d7  _GPIO_SetupXINT5Gpio                  
0     000002e1  _GPIO_EnableUnbondedIOPullupsFor176Pin
0     000002fa  _GPIO_EnableUnbondedIOPullupsFor100Pin
0     0000031f  _GPIO_EnableUnbondedIOPullups         
0     00000335  _GPIO_ReadPin                         
0     0000034c  _GPIO_WritePin                        
0     0000036a  _InitEQep                             
0     0000036b  _InitEQepGpio                         
0     00000372  _InitEQep1Gpio                        
0     0000039c  _InitEQep2Gpio                        
0     000003c2  _InitEQep3Gpio                        
0     00009800  ___cinit__                            
0     00009800  cinit                                 
0     0000b000  _memcpy                               
0     0000b01d  FS$$TOFD                              
0     0000b039  L$$TOFD                               
0     0000b055  LL$$AND                               
0     0000b05d  LL$$OR                                
0     0000b065  LL$$XOR                               
0     0000b06d  _Inicializacao                        
0     0000b082  _gpioInit                             
0     0000b096  _main                                 
0     0000b0aa  _memccpy                              
0     0000b0ba  FD$$SUB                               
0     0000b0c8  _strchr                               
0     0000b0d4  __register_unlock                     
0     0000b0d8  __register_lock                       
0     0000b0dc  __nop                                 
0     0000b0dd  FD$$NEG                               
0     0000b0e6  _wcslen                               
0     0000b0f7  _strlen                               
0     0000b0ff  _memset                               
0     0000b106  _strcpy                               
0     0000cb40  ___TI_printfi                         
0     0000ccc5  LL$$DIV                               
0     0000cd01  LL$$MOD                               
0     0000cd3b  ULL$$DIV                              
0     0000cd6a  ULL$$MOD                              
0     0000cdcc  _isr_cpu_timer0                       
0     0000cecd  _ldexpl                               
0     0000cecd  _scalbnl                              
0     0000cf76  FS$$DIV                               
0     0000cffe  __system_pre_init                     
0     0000d000  _TIMER1_ISR                           
0     0000d00a  _TIMER2_ISR                           
0     0000d014  _DATALOG_ISR                          
0     0000d01e  _RTOS_ISR                             
0     0000d028  _EMU_ISR                              
0     0000d032  _NMI_ISR                              
0     0000d03c  _ILLEGAL_ISR                          
0     0000d046  _USER1_ISR                            
0     0000d050  _USER2_ISR                            
0     0000d05a  _USER3_ISR                            
0     0000d064  _USER4_ISR                            
0     0000d06e  _USER5_ISR                            
0     0000d078  _USER6_ISR                            
0     0000d082  _USER7_ISR                            
0     0000d08c  _USER8_ISR                            
0     0000d096  _USER9_ISR                            
0     0000d0a0  _USER10_ISR                           
0     0000d0aa  _USER11_ISR                           
0     0000d0b4  _USER12_ISR                           
0     0000d0be  _ADCA1_ISR                            
0     0000d0c8  _ADCB1_ISR                            
0     0000d0d2  _ADCC1_ISR                            
0     0000d0dc  _XINT1_ISR                            
0     0000d0e6  _XINT2_ISR                            
0     0000d0f0  _ADCD1_ISR                            
0     0000d0fa  _TIMER0_ISR                           
0     0000d104  _WAKE_ISR                             
0     0000d10e  _EPWM1_TZ_ISR                         
0     0000d118  _EPWM2_TZ_ISR                         
0     0000d122  _EPWM3_TZ_ISR                         
0     0000d12c  _EPWM4_TZ_ISR                         
0     0000d136  _EPWM5_TZ_ISR                         
0     0000d140  _EPWM6_TZ_ISR                         
0     0000d14a  _EPWM7_TZ_ISR                         
0     0000d154  _EPWM8_TZ_ISR                         
0     0000d15e  _EPWM1_ISR                            
0     0000d168  _EPWM2_ISR                            
0     0000d172  _EPWM3_ISR                            
0     0000d17c  _EPWM4_ISR                            
0     0000d186  _EPWM5_ISR                            
0     0000d190  _EPWM6_ISR                            
0     0000d19a  _EPWM7_ISR                            
0     0000d1a4  _EPWM8_ISR                            
0     0000d1ae  _ECAP1_ISR                            
0     0000d1b8  _ECAP2_ISR                            
0     0000d1c2  _ECAP3_ISR                            
0     0000d1cc  _ECAP4_ISR                            
0     0000d1d6  _ECAP5_ISR                            
0     0000d1e0  _ECAP6_ISR                            
0     0000d1ea  _EQEP1_ISR                            
0     0000d1f4  _EQEP2_ISR                            
0     0000d1fe  _EQEP3_ISR                            
0     0000d208  _SPIA_RX_ISR                          
0     0000d212  _SPIA_TX_ISR                          
0     0000d21c  _SPIB_RX_ISR                          
0     0000d226  _SPIB_TX_ISR                          
0     0000d230  _MCBSPA_RX_ISR                        
0     0000d23a  _MCBSPA_TX_ISR                        
0     0000d244  _MCBSPB_RX_ISR                        
0     0000d24e  _MCBSPB_TX_ISR                        
0     0000d258  _DMA_CH1_ISR                          
0     0000d262  _DMA_CH2_ISR                          
0     0000d26c  _DMA_CH3_ISR                          
0     0000d276  _DMA_CH4_ISR                          
0     0000d280  _DMA_CH5_ISR                          
0     0000d28a  _DMA_CH6_ISR                          
0     0000d294  _I2CA_ISR                             
0     0000d29e  _I2CA_FIFO_ISR                        
0     0000d2a8  _I2CB_ISR                             
0     0000d2b2  _I2CB_FIFO_ISR                        
0     0000d2bc  _SCIC_RX_ISR                          
0     0000d2c6  _SCIC_TX_ISR                          
0     0000d2d0  _SCID_RX_ISR                          
0     0000d2da  _SCID_TX_ISR                          
0     0000d2e4  _SCIA_RX_ISR                          
0     0000d2ee  _SCIA_TX_ISR                          
0     0000d2f8  _SCIB_RX_ISR                          
0     0000d302  _SCIB_TX_ISR                          
0     0000d30c  _CANA0_ISR                            
0     0000d316  _CANA1_ISR                            
0     0000d320  _CANB0_ISR                            
0     0000d32a  _CANB1_ISR                            
0     0000d334  _ADCA_EVT_ISR                         
0     0000d33e  _ADCA2_ISR                            
0     0000d348  _ADCA3_ISR                            
0     0000d352  _ADCA4_ISR                            
0     0000d35c  _ADCB_EVT_ISR                         
0     0000d366  _ADCB2_ISR                            
0     0000d370  _ADCB3_ISR                            
0     0000d37a  _ADCB4_ISR                            
0     0000d384  _CLA1_1_ISR                           
0     0000d38e  _CLA1_2_ISR                           
0     0000d398  _CLA1_3_ISR                           
0     0000d3a2  _CLA1_4_ISR                           
0     0000d3ac  _CLA1_5_ISR                           
0     0000d3b6  _CLA1_6_ISR                           
0     0000d3c0  _CLA1_7_ISR                           
0     0000d3ca  _CLA1_8_ISR                           
0     0000d3d4  _XINT3_ISR                            
0     0000d3de  _XINT4_ISR                            
0     0000d3e8  _XINT5_ISR                            
0     0000d3f2  _VCU_ISR                              
0     0000d3fc  _FPU_OVERFLOW_ISR                     
0     0000d406  _FPU_UNDERFLOW_ISR                    
0     0000d410  _IPC0_ISR                             
0     0000d41a  _IPC1_ISR                             
0     0000d424  _IPC2_ISR                             
0     0000d42e  _IPC3_ISR                             
0     0000d438  _EPWM9_TZ_ISR                         
0     0000d442  _EPWM10_TZ_ISR                        
0     0000d44c  _EPWM11_TZ_ISR                        
0     0000d456  _EPWM12_TZ_ISR                        
0     0000d460  _EPWM9_ISR                            
0     0000d46a  _EPWM10_ISR                           
0     0000d474  _EPWM11_ISR                           
0     0000d47e  _EPWM12_ISR                           
0     0000d488  _SD1_ISR                              
0     0000d492  _SD2_ISR                              
0     0000d49c  _SPIC_RX_ISR                          
0     0000d4a6  _SPIC_TX_ISR                          
0     0000d4b0  _UPPA_ISR                             
0     0000d4ba  _USBA_ISR                             
0     0000d4c4  _ADCC_EVT_ISR                         
0     0000d4ce  _ADCC2_ISR                            
0     0000d4d8  _ADCC3_ISR                            
0     0000d4e2  _ADCC4_ISR                            
0     0000d4ec  _ADCD_EVT_ISR                         
0     0000d4f6  _ADCD2_ISR                            
0     0000d500  _ADCD3_ISR                            
0     0000d50a  _ADCD4_ISR                            
0     0000d514  _EMIF_ERROR_ISR                       
0     0000d51e  _RAM_CORRECTABLE_ERROR_ISR            
0     0000d528  _FLASH_CORRECTABLE_ERROR_ISR          
0     0000d532  _RAM_ACCESS_VIOLATION_ISR             
0     0000d53c  _SYS_PLL_SLIP_ISR                     
0     0000d546  _AUX_PLL_SLIP_ISR                     
0     0000d550  _CLA_OVERFLOW_ISR                     
0     0000d55a  _CLA_UNDERFLOW_ISR                    
0     0000d564  _PIE_RESERVED_ISR                     
0     0000d56e  _EMPTY_ISR                            
0     0000d57b  _NOTUSED_ISR                          
0     0000d585  _InitSysCtrl                          
0     0000d5a5  _InitPeripheralClocks                 
0     0000d629  _DisablePeripheralClocks              
0     0000d641  _SeizeFlashPump                       
0     0000d650  _ReleaseFlashPump                     
0     0000d65a  _ServiceDog                           
0     0000d668  _DisableDog                           
0     0000d676  _InitSysPll                           
0     0000d865  _InitAuxPll                           
0     0000d954  _CsmUnlock                            
0     0000d975  _SysIntOsc1Sel                        
0     0000d985  _SysIntOsc2Sel                        
0     0000d999  _SysXtalOscSel                        
0     0000d9a9  _AuxIntOsc2Sel                        
0     0000d9b3  _AuxXtalOscSel                        
0     0000d9bf  _AuxAuxClkSel                         
0     0000d9c9  _IDLE                                 
0     0000d9d2  _STANDBY                              
0     0000d9dd  _HALT                                 
0     0000d9f6  _HIB                                  
0     0000da13  _ConfigureTMXAnalogTrim               
0     0000da30  FD$$ADD                               
0     0000dacc  FD$$DIV                               
0     0000db57  FD$$MPY                               
0     0000dbda  _InitCpuTimers                        
0     0000dc1b  _ConfigCpuTimer                       
0     0000dc56  _frexpl                               
0     0000dcb0  _c_int00                              
0     0000dd06  _uartInit                             
0     0000dd1c  _send_buffer_tx                       
0     0000dd30  _send_int16_uart                      
0     0000dd5a  _sprintf                              
0     0000dd8c  _atoi                                 
0     0000ddbd  ___TI_ltoa                            
0     0000dded  FD$$CMP                               
0     0000de17  L$$DIV                                
0     0000de26  L$$MOD                                
0     0000de34  UL$$DIV                               
0     0000de3b  UL$$MOD                               
0     0000de41  _timer0Init                           
0     0000de6b  C$$EXIT                               
0     0000de6b  _abort                                
0     0000de6d  _exit                                 
0     0000de94  _InitPieCtrl                          
0     0000deb3  _EnableInterrupts                     
0     0000debc  _InitEQep1                            
0     0000dee3  _InitPieVectTable                     
0     0000df09  _copy_in                              
0     0000df2d  _copysignl                            
0     0000df51  _aquisicaobuffer                      
0     0000df72  FD$$TOI                               
0     0000df93  FD$$TOL                               
0     0000dfb2  LL$$CMP                               
0     0000dfc4  ULL$$CMP                              
0     0000dfd0  I$$TOFD                               
0     0000dfed  __args_main                           
0     0000dfff  __system_post_cinit                   
0     0003f800  _g_asIPCCPU2toCPU1Buffers             
0     0003f880  _g_usGetWriteIndexes                  
0     0003f884  _g_usPutReadIndexes                   
1     00000400  __stack                               
1     00000600  __STACK_END                           
1     00000b00  _AdcaResultRegs                       
1     00000b20  _AdcbResultRegs                       
1     00000b40  _AdccResultRegs                       
1     00000b60  _AdcdResultRegs                       
1     00000c00  _CpuTimer0Regs                        
1     00000c08  _CpuTimer1Regs                        
1     00000c10  _CpuTimer2Regs                        
1     00000ce0  _PieCtrlRegs                          
1     00000d00  _PieVectTable                         
1     00001000  _DmaRegs                              
1     00001400  _Cla1Regs                             
1     00003000  _Clb1LogicCfgRegs                     
1     00003100  _Clb1LogicCtrlRegs                    
1     00003200  _Clb1DataExchRegs                     
1     00003400  _Clb2LogicCfgRegs                     
1     00003500  _Clb2LogicCtrlRegs                    
1     00003600  _Clb2DataExchRegs                     
1     00003800  _Clb3LogicCfgRegs                     
1     00003900  _Clb3LogicCtrlRegs                    
1     00003a00  _Clb3DataExchRegs                     
1     00003c00  _Clb4LogicCfgRegs                     
1     00003d00  _Clb4LogicCtrlRegs                    
1     00003e00  _Clb4DataExchRegs                     
1     00004000  _EPwm1Regs                            
1     00004100  _EPwm2Regs                            
1     00004200  _EPwm3Regs                            
1     00004300  _EPwm4Regs                            
1     00004400  _EPwm5Regs                            
1     00004500  _EPwm6Regs                            
1     00004600  _EPwm7Regs                            
1     00004700  _EPwm8Regs                            
1     00004800  _EPwm9Regs                            
1     00004900  _EPwm10Regs                           
1     00004a00  _EPwm11Regs                           
1     00004b00  _EPwm12Regs                           
1     00005000  _ECap1Regs                            
1     00005020  _ECap2Regs                            
1     00005040  _ECap3Regs                            
1     00005060  _ECap4Regs                            
1     00005080  _ECap5Regs                            
1     000050a0  _ECap6Regs                            
1     00005100  _EQep1Regs                            
1     00005140  _EQep2Regs                            
1     00005180  _EQep3Regs                            
1     00005c00  _DacaRegs                             
1     00005c10  _DacbRegs                             
1     00005c20  _DaccRegs                             
1     00005c80  _Cmpss1Regs                           
1     00005ca0  _Cmpss2Regs                           
1     00005cc0  _Cmpss3Regs                           
1     00005ce0  _Cmpss4Regs                           
1     00005d00  _Cmpss5Regs                           
1     00005d20  _Cmpss6Regs                           
1     00005d40  _Cmpss7Regs                           
1     00005d60  _Cmpss8Regs                           
1     00005e00  _Sdfm1Regs                            
1     00005e80  _Sdfm2Regs                            
1     00006000  _McbspaRegs                           
1     00006040  _McbspbRegs                           
1     00006100  _SpiaRegs                             
1     00006110  _SpibRegs                             
1     00006120  _SpicRegs                             
1     00006200  _UppRegs                              
1     00007000  _WdRegs                               
1     00007060  _NmiIntruptRegs                       
1     00007070  _XintRegs                             
1     00007200  _SciaRegs                             
1     00007210  _ScibRegs                             
1     00007220  _ScicRegs                             
1     00007230  _ScidRegs                             
1     00007300  _I2caRegs                             
1     00007340  _I2cbRegs                             
1     00007400  _AdcaRegs                             
1     00007480  _AdcbRegs                             
1     00007500  _AdccRegs                             
1     00007580  _AdcdRegs                             
1     00007900  _InputXbarRegs                        
1     00007920  _XbarRegs                             
1     00007940  _SyncSocRegs                          
1     00007980  _DmaClaSrcSelRegs                     
1     00007a00  _EPwmXbarRegs                         
1     00007a40  _ClbXbarRegs                          
1     00007a80  _OutputXbarRegs                       
1     00007c00  _GpioCtrlRegs                         
1     00007f00  _GpioDataRegs                         
1     0000a800  _PieVectTableInit                     
1     0000a9c0  __ctypes_                             
1     0000ab2c  _ECAP                                 
1     0000ab3a  _SDFM                                 
1     0000ab40  _TRIP_SEL                             
1     0000ab5e  _contbuffer                           
1     0000ab5f  _indexbuffer                          
1     0000ab60  _hab_aquisicao                        
1     0000ab61  _dadoteste                            
1     0000ab62  _LoopVel                              
1     0000ab63  _int_ang_encoder                      
1     0000ab64  _contstep                             
1     0000ab66  _ang_encoder_ant                      
1     0000ab68  _dif_ang_encoder                      
1     0000ab6a  _angulo_encoder                       
1     0000ab6c  _angulo_encoder0                      
1     0000ab6e  _filtangulo_encoder                   
1     0000ab70  _NumPulsos                            
1     0000ab72  _ang_encoder                          
1     0000ab74  _ang_encoder0                         
1     0000ab76  _wmec                                 
1     0000ab78  _wm                                   
1     0000ab7a  _contuart                             
1     0000ab7c  _I2C                                  
1     0000ab80  _EPWM                                 
1     0000ab9a  _CpuTimer0                            
1     0000aba2  _CpuTimer1                            
1     0000abaa  _CpuTimer2                            
1     0000abb2  _ADC                                  
1     0000abbc  _MCBSP                                
1     0000abc0  _EQEP                                 
1     0000abc8  _SPI                                  
1     0000abd0  _buffer_tx                            
1     0000abd8  ___TI_enable_exit_profile_output      
1     0000abda  ___TI_cleanup_ptr                     
1     0000abdc  ___TI_dtors_ptr                       
1     0000abde  _SCI                                  
1     0000abe2  __lock                                
1     0000abe4  __unlock                              
1     0000abe6  _errno                                
1     0000e000  _buffer                               
1     0003fc00  _g_asIPCCPU1toCPU2Buffers             
1     0003fc80  _g_usPutWriteIndexes                  
1     0003fc84  _g_usGetReadIndexes                   
1     00047000  _Emif1Regs                            
1     00047800  _Emif2Regs                            
1     00048000  _CanaRegs                             
1     0004a000  _CanbRegs                             
1     00050000  _IpcRegs                              
1     00050024  _FlashPumpSemaphoreRegs               
1     0005d000  _DevCfgRegs                           
1     0005d180  _AnalogSubsysRegs                     
1     0005d200  _ClkCfgRegs                           
1     0005d300  _CpuSysRegs                           
1     0005e608  _RomPrefetchRegs                      
1     0005f000  _DcsmZ1Regs                           
1     0005f040  _DcsmZ2Regs                           
1     0005f070  _DcsmCommonRegs                       
1     0005f400  _MemCfgRegs                           
1     0005f480  _Emif1ConfigRegs                      
1     0005f4a0  _Emif2ConfigRegs                      
1     0005f4c0  _AccessProtectionRegs                 
1     0005f500  _MemoryErrorRegs                      
1     0005f540  _RomWaitStateRegs                     
1     0005f800  _Flash0CtrlRegs                       
1     0005fb00  _Flash0EccRegs                        
1     000703c0  _UidRegs                              
abs   00000200  __STACK_SIZE                          
abs   ffffffff  .text                                 
abs   ffffffff  ___TI_pprof_out_hndl                  
abs   ffffffff  ___TI_prof_data_size                  
abs   ffffffff  ___TI_prof_data_start                 
abs   ffffffff  ___binit__                            
abs   ffffffff  ___c_args__                           
abs   ffffffff  ___etext__                            
abs   ffffffff  ___pinit__                            
abs   ffffffff  ___text__                             
abs   ffffffff  binit                                 
abs   ffffffff  etext                                 
abs   ffffffff  pinit                                 

[421 symbols]
