******************************************************************************
                  TI ARM Linker PC v20.2.7                     
******************************************************************************
>> Linked Fri Sep 22 16:44:00 2023

OUTPUT FILE NAME:   <CONTROLE MOTOR CC.out>
ENTRY POINT SYMBOL: "_c_int00_noargs"  address: 00000a89


MEMORY CONFIGURATION

         name            origin    length      used     unused   attr    fill
----------------------  --------  ---------  --------  --------  ----  --------
  FLASH                 00000000   00040000  00000b16  0003f4ea  R  X
  SRAM                  20000000   00008000  00005044  00002fbc  RW X


SEGMENT ALLOCATION MAP

run origin  load origin   length   init length attrs members
----------  ----------- ---------- ----------- ----- -------
00000000    00000000    00000b18   00000b18    r-x
  00000000    00000000    0000026c   0000026c    r-- .intvecs
  0000026c    0000026c    00000872   00000872    r-x .text
  00000ae0    00000ae0    00000038   00000038    r-- .cinit
20000000    20000000    00005044   00000000    rw-
  20000000    20000000    00004e20   00000000    rw- .bss
  20004e20    20004e20    00000200   00000000    rw- .stack
  20005020    20005020    00000024   00000000    rw- .data


SECTION ALLOCATION MAP

 output                                  attributes/
section   page    origin      length       input sections
--------  ----  ----------  ----------   ----------------
.intvecs   0    00000000    0000026c     
                  00000000    0000026c     tm4c123gh6pm_startup_ccs.obj (.intvecs)

.text      0    0000026c    00000872     
                  0000026c    00000548     main.obj (.text)
                  000007b4    00000112     tm4c123gh6pm_startup_ccs.obj (.text)
                  000008c6    0000009c     rtsv7M4_T_le_v4SPD16_eabi.lib : memcpy_t2.asm.obj (.text)
                  00000962    0000007a                                   : memset_t2.asm.obj (.text)
                  000009dc    00000068                                   : copy_decompress_lzss.c.obj (.text:decompress:lzss:__TI_decompress_lzss)
                  00000a44    00000044                                   : autoinit.c.obj (.text:__TI_auto_init_nobinit_nopinit:__TI_auto_init_nobinit_nopinit)
                  00000a88    00000034                                   : boot_cortex_m.c.obj (.text:_c_int00_noargs:_c_int00_noargs)
                  00000abc    0000000e                                   : copy_decompress_none.c.obj (.text:decompress:none:__TI_decompress_none)
                  00000aca    0000000c                                   : copy_zero_init.c.obj (.text:decompress:ZI:__TI_zero_init)
                  00000ad6    00000004                                   : pre_init.c.obj (.text:_system_pre_init)
                  00000ada    00000004                                   : exit.c.obj (.text:abort:abort)

.cinit     0    00000ae0    00000038     
                  00000ae0    00000014     (.cinit..data.load) [load image, compression = lzss]
                  00000af4    0000000c     (__TI_handler_table)
                  00000b00    00000008     (.cinit..bss.load) [load image, compression = zero_init]
                  00000b08    00000010     (__TI_cinit_table)

.init_array 
*          0    00000000    00000000     UNINITIALIZED

.bss       0    20000000    00004e20     UNINITIALIZED
                  20000000    00004e20     (.common:vet)

.data      0    20005020    00000024     UNINITIALIZED
                  20005020    00000024     main.obj (.data)

.stack     0    20004e20    00000200     UNINITIALIZED
                  20004e20    00000004     rtsv7M4_T_le_v4SPD16_eabi.lib : boot_cortex_m.c.obj (.stack)
                  20004e24    000001fc     --HOLE--

__llvm_prf_cnts 
*          0    20000000    00000000     UNINITIALIZED

MODULE SUMMARY

       Module                         code   ro data   rw data
       ------                         ----   -------   -------
    .\
       main.obj                       1352   0         20036  
       tm4c123gh6pm_startup_ccs.obj   274    620       0      
    +--+------------------------------+------+---------+---------+
       Total:                         1626   620       20036  
                                                              
    C:\ti\ccs1230\ccs\tools\compiler\ti-cgt-arm_20.2.7.LTS\lib\rtsv7M4_T_le_v4SPD16_eabi.lib
       memcpy_t2.asm.obj              156    0         0      
       memset_t2.asm.obj              122    0         0      
       copy_decompress_lzss.c.obj     104    0         0      
       autoinit.c.obj                 68     0         0      
       boot_cortex_m.c.obj            52     0         0      
       copy_decompress_none.c.obj     14     0         0      
       copy_zero_init.c.obj           12     0         0      
       exit.c.obj                     4      0         0      
       pre_init.c.obj                 4      0         0      
    +--+------------------------------+------+---------+---------+
       Total:                         536    0         0      
                                                              
       Stack:                         0      0         512    
       Linker Generated:              0      56        0      
    +--+------------------------------+------+---------+---------+
       Grand Total:                   2162   676       20548  


LINKER GENERATED COPY TABLES

__TI_cinit_table @ 00000b08 records: 2, size/record: 8, table size: 16
	.data: load addr=00000ae0, load size=00000014 bytes, run addr=20005020, run size=00000024 bytes, compression=lzss
	.bss: load addr=00000b00, load size=00000008 bytes, run addr=20000000, run size=00004e20 bytes, compression=zero_init


LINKER GENERATED HANDLER TABLE

__TI_handler_table @ 00000af4 records: 3, size/record: 4, table size: 12
	index: 0, handler: __TI_decompress_lzss
	index: 1, handler: __TI_decompress_none
	index: 2, handler: __TI_zero_init


GLOBAL SYMBOLS: SORTED ALPHABETICALLY BY Name 

address   name                          
-------   ----                          
20005020  AD                            
000007e5  ADC0Seq0_Handler              
000007e7  ADC0Seq1_Handler              
000007e9  ADC0Seq2_Handler              
000007eb  ADC0Seq3_Handler              
00000829  ADC1Seq0_Handler              
0000082b  ADC1Seq1_Handler              
0000082d  ADC1Seq2_Handler              
0000082f  ADC1Seq3_Handler              
0000035d  ADC_Init                      
00000adb  C$$EXIT                       
00000817  CAN0_Handler                  
00000819  CAN1_Handler                  
0000081b  CAN2_Handler                  
00000553  Clock_Init                    
000007fb  Comp0_Handler                 
000007fd  Comp1_Handler                 
000007ff  Comp2_Handler                 
000007c3  DebugMon_Handler              
000008ad  DisableInterrupts             
000008b1  EnableInterrupts              
000008bd  EndCritical                   
0000081d  Ethernet_Handler              
00000833  ExtBus_Handler                
0000086d  FPU_Handler                   
0000087d  Fan0_Handler                  
00000803  FlashCtl_Handler              
000007c9  GPIOPortA_Handler             
000007cb  GPIOPortB_Handler             
000007cd  GPIOPortC_Handler             
000007cf  GPIOPortD_Handler             
000007d1  GPIOPortE_Handler             
00000805  GPIOPortF_Handler             
00000807  GPIOPortG_Handler             
00000809  GPIOPortH_Handler             
00000835  GPIOPortJ_Handler             
00000837  GPIOPortK_Handler             
00000839  GPIOPortL_Handler             
00000877  GPIOPortM_Handler             
00000879  GPIOPortN_Handler             
00000881  GPIOPortP1_Handler            
00000883  GPIOPortP2_Handler            
00000885  GPIOPortP3_Handler            
00000887  GPIOPortP4_Handler            
00000889  GPIOPortP5_Handler            
0000088b  GPIOPortP6_Handler            
0000088d  GPIOPortP7_Handler            
0000087f  GPIOPortP_Handler             
00000891  GPIOPortQ1_Handler            
00000893  GPIOPortQ2_Handler            
00000895  GPIOPortQ3_Handler            
00000897  GPIOPortQ4_Handler            
00000899  GPIOPortQ5_Handler            
0000089b  GPIOPortQ6_Handler            
0000089d  GPIOPortQ7_Handler            
0000088f  GPIOPortQ_Handler             
0000089f  GPIOPortR_Handler             
000008a1  GPIOPortS_Handler             
0000081f  Hibernate_Handler             
000007d9  I2C0_Handler                  
00000813  I2C1_Handler                  
00000849  I2C2_Handler                  
0000084b  I2C3_Handler                  
00000873  I2C4_Handler                  
00000875  I2C5_Handler                  
00000831  I2S0_Handler                  
00000871  LPC0_Handler                  
0000086f  PECI0_Handler                 
000003f1  PORTD_INIT                    
20005040  PPRenc                        
000007db  PWM0Fault_Handler             
000007dd  PWM0Generator0_Handler        
000007df  PWM0Generator1_Handler        
000007e1  PWM0Generator2_Handler        
00000823  PWM0Generator3_Handler        
000008ab  PWM1Fault_Handler             
000008a3  PWM1Generator0_Handler        
000008a5  PWM1Generator1_Handler        
000008a7  PWM1Generator2_Handler        
000008a9  PWM1Generator3_Handler        
000004f3  PWM1_0_A_Init                 
000005e5  PWM1_3_B_Init                 
000007c5  PendSV_Handler                
00000669  PortF_Init                    
0000042b  QEI_INIT                      
000007e3  Quadrature0_Handler           
00000815  Quadrature1_Handler           
0000087b  Quadrature2_Handler           
2000502c  RPM                           
000007b5  ResetISR                      
000007d7  SSI0_Handler                  
0000080d  SSI1_Handler                  
0000083b  SSI2_Handler                  
0000083d  SSI3_Handler                  
000007c1  SVC_Handler                   
000008b5  StartCritical                 
00000801  SysCtl_Handler                
000007c7  SysTick_Handler               
000002f5  Timer0A_Handler               
0000045b  Timer0A_Init                  
000007f1  Timer0B_Handler               
00000327  Timer1A_Handler               
000004a7  Timer1A_Init                  
000007f5  Timer1B_Handler               
000007f7  Timer2A_Handler               
000007f9  Timer2B_Handler               
0000080f  Timer3A_Handler               
00000811  Timer3B_Handler               
0000084d  Timer4A_Handler               
0000084f  Timer4B_Handler               
00000851  Timer5A_Handler               
00000853  Timer5B_Handler               
000007d3  UART0_Handler                 
000007d5  UART1_Handler                 
0000080b  UART2_Handler                 
0000083f  UART3_Handler                 
00000841  UART4_Handler                 
00000843  UART5_Handler                 
00000845  UART6_Handler                 
00000847  UART7_Handler                 
00000821  USB0_Handler                  
000007ed  WDT_Handler                   
000008c3  WaitForInterrupt              
00000855  WideTimer0A_Handler           
00000857  WideTimer0B_Handler           
00000859  WideTimer1A_Handler           
0000085b  WideTimer1B_Handler           
0000085d  WideTimer2A_Handler           
0000085f  WideTimer2B_Handler           
00000861  WideTimer3A_Handler           
00000863  WideTimer3B_Handler           
00000865  WideTimer4A_Handler           
00000867  WideTimer4B_Handler           
00000869  WideTimer5A_Handler           
0000086b  WideTimer5B_Handler           
20005020  __STACK_END                   
00000200  __STACK_SIZE                  
20005020  __STACK_TOP                   
00000b08  __TI_CINIT_Base               
00000b18  __TI_CINIT_Limit              
00000af4  __TI_Handler_Table_Base       
00000b00  __TI_Handler_Table_Limit      
00000a45  __TI_auto_init_nobinit_nopinit
000009dd  __TI_decompress_lzss          
00000abd  __TI_decompress_none          
ffffffff  __TI_pprof_out_hndl           
ffffffff  __TI_prof_data_size           
ffffffff  __TI_prof_data_start          
00000000  __TI_static_base__            
00000acb  __TI_zero_init                
00000963  __aeabi_memclr                
00000963  __aeabi_memclr4               
00000963  __aeabi_memclr8               
000008c7  __aeabi_memcpy                
000008c7  __aeabi_memcpy4               
000008c7  __aeabi_memcpy8               
00000965  __aeabi_memset                
00000965  __aeabi_memset4               
00000965  __aeabi_memset8               
ffffffff  __binit__                     
ffffffff  __c_args__                    
UNDEFED   __mpu_init                    
20004e20  __stack                       
20000000  __start___llvm_prf_cnts       
20000000  __stop___llvm_prf_cnts        
00000a89  _c_int00_noargs               
UNDEFED   _system_post_cinit            
00000ad7  _system_pre_init              
00000adb  abort                         
ffffffff  binit                         
20005028  duty                          
20005034  freqADC                       
2000503c  freqPWM                       
20005030  freqQEI                       
20005038  freqdutyPWM                   
00000000  g_pfnVectors                  
0000026d  main                          
000008c7  memcpy                        
0000096b  memset                        
00000827  uDMA_Error                    
00000825  uDMA_Handler                  
20000000  vet                           
20005024  x                             


GLOBAL SYMBOLS: SORTED BY Symbol Address 

address   name                          
-------   ----                          
00000000  __TI_static_base__            
00000000  g_pfnVectors                  
00000200  __STACK_SIZE                  
0000026d  main                          
000002f5  Timer0A_Handler               
00000327  Timer1A_Handler               
0000035d  ADC_Init                      
000003f1  PORTD_INIT                    
0000042b  QEI_INIT                      
0000045b  Timer0A_Init                  
000004a7  Timer1A_Init                  
000004f3  PWM1_0_A_Init                 
00000553  Clock_Init                    
000005e5  PWM1_3_B_Init                 
00000669  PortF_Init                    
000007b5  ResetISR                      
000007c1  SVC_Handler                   
000007c3  DebugMon_Handler              
000007c5  PendSV_Handler                
000007c7  SysTick_Handler               
000007c9  GPIOPortA_Handler             
000007cb  GPIOPortB_Handler             
000007cd  GPIOPortC_Handler             
000007cf  GPIOPortD_Handler             
000007d1  GPIOPortE_Handler             
000007d3  UART0_Handler                 
000007d5  UART1_Handler                 
000007d7  SSI0_Handler                  
000007d9  I2C0_Handler                  
000007db  PWM0Fault_Handler             
000007dd  PWM0Generator0_Handler        
000007df  PWM0Generator1_Handler        
000007e1  PWM0Generator2_Handler        
000007e3  Quadrature0_Handler           
000007e5  ADC0Seq0_Handler              
000007e7  ADC0Seq1_Handler              
000007e9  ADC0Seq2_Handler              
000007eb  ADC0Seq3_Handler              
000007ed  WDT_Handler                   
000007f1  Timer0B_Handler               
000007f5  Timer1B_Handler               
000007f7  Timer2A_Handler               
000007f9  Timer2B_Handler               
000007fb  Comp0_Handler                 
000007fd  Comp1_Handler                 
000007ff  Comp2_Handler                 
00000801  SysCtl_Handler                
00000803  FlashCtl_Handler              
00000805  GPIOPortF_Handler             
00000807  GPIOPortG_Handler             
00000809  GPIOPortH_Handler             
0000080b  UART2_Handler                 
0000080d  SSI1_Handler                  
0000080f  Timer3A_Handler               
00000811  Timer3B_Handler               
00000813  I2C1_Handler                  
00000815  Quadrature1_Handler           
00000817  CAN0_Handler                  
00000819  CAN1_Handler                  
0000081b  CAN2_Handler                  
0000081d  Ethernet_Handler              
0000081f  Hibernate_Handler             
00000821  USB0_Handler                  
00000823  PWM0Generator3_Handler        
00000825  uDMA_Handler                  
00000827  uDMA_Error                    
00000829  ADC1Seq0_Handler              
0000082b  ADC1Seq1_Handler              
0000082d  ADC1Seq2_Handler              
0000082f  ADC1Seq3_Handler              
00000831  I2S0_Handler                  
00000833  ExtBus_Handler                
00000835  GPIOPortJ_Handler             
00000837  GPIOPortK_Handler             
00000839  GPIOPortL_Handler             
0000083b  SSI2_Handler                  
0000083d  SSI3_Handler                  
0000083f  UART3_Handler                 
00000841  UART4_Handler                 
00000843  UART5_Handler                 
00000845  UART6_Handler                 
00000847  UART7_Handler                 
00000849  I2C2_Handler                  
0000084b  I2C3_Handler                  
0000084d  Timer4A_Handler               
0000084f  Timer4B_Handler               
00000851  Timer5A_Handler               
00000853  Timer5B_Handler               
00000855  WideTimer0A_Handler           
00000857  WideTimer0B_Handler           
00000859  WideTimer1A_Handler           
0000085b  WideTimer1B_Handler           
0000085d  WideTimer2A_Handler           
0000085f  WideTimer2B_Handler           
00000861  WideTimer3A_Handler           
00000863  WideTimer3B_Handler           
00000865  WideTimer4A_Handler           
00000867  WideTimer4B_Handler           
00000869  WideTimer5A_Handler           
0000086b  WideTimer5B_Handler           
0000086d  FPU_Handler                   
0000086f  PECI0_Handler                 
00000871  LPC0_Handler                  
00000873  I2C4_Handler                  
00000875  I2C5_Handler                  
00000877  GPIOPortM_Handler             
00000879  GPIOPortN_Handler             
0000087b  Quadrature2_Handler           
0000087d  Fan0_Handler                  
0000087f  GPIOPortP_Handler             
00000881  GPIOPortP1_Handler            
00000883  GPIOPortP2_Handler            
00000885  GPIOPortP3_Handler            
00000887  GPIOPortP4_Handler            
00000889  GPIOPortP5_Handler            
0000088b  GPIOPortP6_Handler            
0000088d  GPIOPortP7_Handler            
0000088f  GPIOPortQ_Handler             
00000891  GPIOPortQ1_Handler            
00000893  GPIOPortQ2_Handler            
00000895  GPIOPortQ3_Handler            
00000897  GPIOPortQ4_Handler            
00000899  GPIOPortQ5_Handler            
0000089b  GPIOPortQ6_Handler            
0000089d  GPIOPortQ7_Handler            
0000089f  GPIOPortR_Handler             
000008a1  GPIOPortS_Handler             
000008a3  PWM1Generator0_Handler        
000008a5  PWM1Generator1_Handler        
000008a7  PWM1Generator2_Handler        
000008a9  PWM1Generator3_Handler        
000008ab  PWM1Fault_Handler             
000008ad  DisableInterrupts             
000008b1  EnableInterrupts              
000008b5  StartCritical                 
000008bd  EndCritical                   
000008c3  WaitForInterrupt              
000008c7  __aeabi_memcpy                
000008c7  __aeabi_memcpy4               
000008c7  __aeabi_memcpy8               
000008c7  memcpy                        
00000963  __aeabi_memclr                
00000963  __aeabi_memclr4               
00000963  __aeabi_memclr8               
00000965  __aeabi_memset                
00000965  __aeabi_memset4               
00000965  __aeabi_memset8               
0000096b  memset                        
000009dd  __TI_decompress_lzss          
00000a45  __TI_auto_init_nobinit_nopinit
00000a89  _c_int00_noargs               
00000abd  __TI_decompress_none          
00000acb  __TI_zero_init                
00000ad7  _system_pre_init              
00000adb  C$$EXIT                       
00000adb  abort                         
00000af4  __TI_Handler_Table_Base       
00000b00  __TI_Handler_Table_Limit      
00000b08  __TI_CINIT_Base               
00000b18  __TI_CINIT_Limit              
20000000  __start___llvm_prf_cnts       
20000000  __stop___llvm_prf_cnts        
20000000  vet                           
20004e20  __stack                       
20005020  AD                            
20005020  __STACK_END                   
20005020  __STACK_TOP                   
20005024  x                             
20005028  duty                          
2000502c  RPM                           
20005030  freqQEI                       
20005034  freqADC                       
20005038  freqdutyPWM                   
2000503c  freqPWM                       
20005040  PPRenc                        
ffffffff  __TI_pprof_out_hndl           
ffffffff  __TI_prof_data_size           
ffffffff  __TI_prof_data_start          
ffffffff  __binit__                     
ffffffff  __c_args__                    
ffffffff  binit                         
UNDEFED   __mpu_init                    
UNDEFED   _system_post_cinit            

[183 symbols]
