******************************************************************************
                  TI ARM Linker PC v20.2.7                     
******************************************************************************
>> Linked Sat Mar 30 15:01:05 2024

OUTPUT FILE NAME:   <MalhaAbertaLuan.out>
ENTRY POINT SYMBOL: "_c_int00_noargs"  address: 00000ead


MEMORY CONFIGURATION

         name            origin    length      used     unused   attr    fill
----------------------  --------  ---------  --------  --------  ----  --------
  FLASH                 00000000   00040000  00000f2a  0003f0d6  R  X
  SRAM                  20000000   00008000  00002158  00005ea8  RW X


SEGMENT ALLOCATION MAP

run origin  load origin   length   init length attrs members
----------  ----------- ---------- ----------- ----- -------
00000000    00000000    00000f30   00000f30    r-x
  00000000    00000000    0000026c   0000026c    r-- .intvecs
  00000270    00000270    00000c8e   00000c8e    r-x .text
  00000f00    00000f00    00000030   00000030    r-- .cinit
20000000    20000000    00002158   00000000    rw-
  20000000    20000000    00001f40   00000000    rw- .bss
  20001f40    20001f40    00000200   00000000    rw- .stack
  20002140    20002140    00000018   00000000    rw- .data


SECTION ALLOCATION MAP

 output                                  attributes/
section   page    origin      length       input sections
--------  ----  ----------  ----------   ----------------
.intvecs   0    00000000    0000026c     
                  00000000    0000026c     tm4c123gh6pm_startup_ccs.obj (.intvecs)

.text      0    00000270    00000c8e     
                  00000270    000003f4     tm4c123gh6pm_startup_ccs.obj (.text)
                  00000664    00000004     rtsv7M4_T_le_v4SPD16_eabi.lib : pre_init.c.obj (.text:_system_pre_init)
                  00000668    00000350     PWM.obj (.text)
                  000009b8    000001b6     rtsv7M4_T_le_v4SPD16_eabi.lib : fd_add_t2.asm.obj (.text)
                  00000b6e    000000fc                                   : fd_mul_t2.asm.obj (.text)
                  00000c6a    0000009c                                   : memcpy_t2.asm.obj (.text)
                  00000d06    0000007a                                   : memset_t2.asm.obj (.text)
                  00000d80    00000068                                   : copy_decompress_lzss.c.obj (.text:decompress:lzss:__TI_decompress_lzss)
                  00000de8    00000048                                   : fd_toi_t2.asm.obj (.text)
                  00000e30    00000044                                   : autoinit.c.obj (.text:__TI_auto_init_nobinit_nopinit:__TI_auto_init_nobinit_nopinit)
                  00000e74    00000038                                   : fs_tod_t2.asm.obj (.text)
                  00000eac    00000034                                   : boot_cortex_m.c.obj (.text:_c_int00_noargs:_c_int00_noargs)
                  00000ee0    0000000e                                   : copy_decompress_none.c.obj (.text:decompress:none:__TI_decompress_none)
                  00000eee    0000000c                                   : copy_zero_init.c.obj (.text:decompress:ZI:__TI_zero_init)
                  00000efa    00000004                                   : exit.c.obj (.text:abort:abort)

.cinit     0    00000f00    00000030     
                  00000f00    0000000c     (__TI_handler_table)
                  00000f0c    00000004     --HOLE-- [fill = 0]
                  00000f10    00000008     (.cinit..bss.load) [load image, compression = zero_init]
                  00000f18    00000008     (.cinit..data.load) [load image, compression = lzss]
                  00000f20    00000010     (__TI_cinit_table)

.init_array 
*          0    00000000    00000000     UNINITIALIZED

.bss       0    20000000    00001f40     UNINITIALIZED
                  20000000    00000fa0     (.common:vet0)
                  20000fa0    00000fa0     (.common:vet1)

.data      0    20002140    00000018     UNINITIALIZED
                  20002140    00000018     PWM.obj (.data)

.stack     0    20001f40    00000200     UNINITIALIZED
                  20001f40    00000004     rtsv7M4_T_le_v4SPD16_eabi.lib : boot_cortex_m.c.obj (.stack)
                  20001f44    000001fc     --HOLE--

__llvm_prf_cnts 
*          0    20000000    00000000     UNINITIALIZED

MODULE SUMMARY

       Module                         code   ro data   rw data
       ------                         ----   -------   -------
    .\
       PWM.obj                        848    0         8024   
       tm4c123gh6pm_startup_ccs.obj   1012   620       0      
    +--+------------------------------+------+---------+---------+
       Total:                         1860   620       8024   
                                                              
    C:\ti\ccs1230\ccs\tools\compiler\ti-cgt-arm_20.2.7.LTS\lib\rtsv7M4_T_le_v4SPD16_eabi.lib
       fd_add_t2.asm.obj              438    0         0      
       fd_mul_t2.asm.obj              252    0         0      
       memcpy_t2.asm.obj              156    0         0      
       memset_t2.asm.obj              122    0         0      
       copy_decompress_lzss.c.obj     104    0         0      
       fd_toi_t2.asm.obj              72     0         0      
       autoinit.c.obj                 68     0         0      
       fs_tod_t2.asm.obj              56     0         0      
       boot_cortex_m.c.obj            52     0         0      
       copy_decompress_none.c.obj     14     0         0      
       copy_zero_init.c.obj           12     0         0      
       exit.c.obj                     4      0         0      
       pre_init.c.obj                 4      0         0      
    +--+------------------------------+------+---------+---------+
       Total:                         1354   0         0      
                                                              
       Stack:                         0      0         512    
       Linker Generated:              0      44        0      
    +--+------------------------------+------+---------+---------+
       Grand Total:                   3214   664       8536   


LINKER GENERATED COPY TABLES

__TI_cinit_table @ 00000f20 records: 2, size/record: 8, table size: 16
	.bss: load addr=00000f10, load size=00000008 bytes, run addr=20000000, run size=00001f40 bytes, compression=zero_init
	.data: load addr=00000f18, load size=00000008 bytes, run addr=20002140, run size=00000018 bytes, compression=lzss


LINKER GENERATED HANDLER TABLE

__TI_handler_table @ 00000f00 records: 3, size/record: 4, table size: 12
	index: 0, handler: __TI_decompress_lzss
	index: 1, handler: __TI_decompress_none
	index: 2, handler: __TI_zero_init


GLOBAL SYMBOLS: SORTED ALPHABETICALLY BY Name 

address   name                          
-------   ----                          
2000214c  AD0                           
20002150  AD1                           
00000321  ADC0Seq0_Handler              
00000329  ADC0Seq1_Handler              
00000331  ADC0Seq2_Handler              
00000339  ADC0Seq3_Handler              
00000431  ADC1Seq0_Handler              
00000439  ADC1Seq1_Handler              
00000441  ADC1Seq2_Handler              
00000449  ADC1Seq3_Handler              
00000efb  C$$EXIT                       
000003e9  CAN0_Handler                  
000003f1  CAN1_Handler                  
000003f9  CAN2_Handler                  
00000841  Clock_Init                    
00000379  Comp0_Handler                 
00000381  Comp1_Handler                 
00000389  Comp2_Handler                 
00000299  DebugMon_Handler              
000008d1  Delay                         
00000641  DisableInterrupts             
00000649  EnableInterrupts              
00000659  EndCritical                   
00000401  Ethernet_Handler              
00000459  ExtBus_Handler                
00000541  FPU_Handler                   
00000581  Fan0_Handler                  
00000399  FlashCtl_Handler              
000002b1  GPIOPortA_Handler             
000002b9  GPIOPortB_Handler             
000002c1  GPIOPortC_Handler             
000002c9  GPIOPortD_Handler             
000002d1  GPIOPortE_Handler             
000003a1  GPIOPortF_Handler             
000003a9  GPIOPortG_Handler             
000003b1  GPIOPortH_Handler             
00000461  GPIOPortJ_Handler             
00000469  GPIOPortK_Handler             
00000471  GPIOPortL_Handler             
00000569  GPIOPortM_Handler             
00000571  GPIOPortN_Handler             
00000591  GPIOPortP1_Handler            
00000599  GPIOPortP2_Handler            
000005a1  GPIOPortP3_Handler            
000005a9  GPIOPortP4_Handler            
000005b1  GPIOPortP5_Handler            
000005b9  GPIOPortP6_Handler            
000005c1  GPIOPortP7_Handler            
00000589  GPIOPortP_Handler             
000005d1  GPIOPortQ1_Handler            
000005d9  GPIOPortQ2_Handler            
000005e1  GPIOPortQ3_Handler            
000005e9  GPIOPortQ4_Handler            
000005f1  GPIOPortQ5_Handler            
000005f9  GPIOPortQ6_Handler            
00000601  GPIOPortQ7_Handler            
000005c9  GPIOPortQ_Handler             
00000609  GPIOPortR_Handler             
00000611  GPIOPortS_Handler             
00000409  Hibernate_Handler             
000002f1  I2C0_Handler                  
000003d9  I2C1_Handler                  
000004b1  I2C2_Handler                  
000004b9  I2C3_Handler                  
00000559  I2C4_Handler                  
00000561  I2C5_Handler                  
00000451  I2S0_Handler                  
00000551  LPC0_Handler                  
00000549  PECI0_Handler                 
000002f9  PWM0Fault_Handler             
00000301  PWM0Generator0_Handler        
00000309  PWM0Generator1_Handler        
00000311  PWM0Generator2_Handler        
00000419  PWM0Generator3_Handler        
00000639  PWM1Fault_Handler             
00000619  PWM1Generator0_Handler        
00000621  PWM1Generator1_Handler        
00000629  PWM1Generator2_Handler        
00000631  PWM1Generator3_Handler        
000007a1  PWM1_3_Init                   
20002140  PWMGERAL                      
000002a1  PendSV_Handler                
00000809  PortF_Init                    
00000319  Quadrature0_Handler           
000003e1  Quadrature1_Handler           
00000579  Quadrature2_Handler           
00000271  ResetISR                      
000002e9  SSI0_Handler                  
000003c1  SSI1_Handler                  
00000479  SSI2_Handler                  
00000481  SSI3_Handler                  
00000291  SVC_Handler                   
00000651  StartCritical                 
00000391  SysCtl_Handler                
000002a9  SysTick_Handler               
00000701  Timer0A_Handler               
00000751  Timer0A_Init                  
00000351  Timer0B_Handler               
00000359  Timer1A_Handler               
00000361  Timer1B_Handler               
00000369  Timer2A_Handler               
00000371  Timer2B_Handler               
000003c9  Timer3A_Handler               
000003d1  Timer3B_Handler               
000004c1  Timer4A_Handler               
000004c9  Timer4B_Handler               
000004d1  Timer5A_Handler               
000004d9  Timer5B_Handler               
000002d9  UART0_Handler                 
000002e1  UART1_Handler                 
000003b9  UART2_Handler                 
00000489  UART3_Handler                 
00000491  UART4_Handler                 
00000499  UART5_Handler                 
000004a1  UART6_Handler                 
000004a9  UART7_Handler                 
00000411  USB0_Handler                  
00000341  WDT_Handler                   
00000661  WaitForInterrupt              
000004e1  WideTimer0A_Handler           
000004e9  WideTimer0B_Handler           
000004f1  WideTimer1A_Handler           
000004f9  WideTimer1B_Handler           
00000501  WideTimer2A_Handler           
00000509  WideTimer2B_Handler           
00000511  WideTimer3A_Handler           
00000519  WideTimer3B_Handler           
00000521  WideTimer4A_Handler           
00000529  WideTimer4B_Handler           
00000531  WideTimer5A_Handler           
00000539  WideTimer5B_Handler           
20002140  __STACK_END                   
00000200  __STACK_SIZE                  
20002140  __STACK_TOP                   
00000f20  __TI_CINIT_Base               
00000f30  __TI_CINIT_Limit              
00000f00  __TI_Handler_Table_Base       
00000f0c  __TI_Handler_Table_Limit      
00000e31  __TI_auto_init_nobinit_nopinit
00000d81  __TI_decompress_lzss          
00000ee1  __TI_decompress_none          
ffffffff  __TI_pprof_out_hndl           
ffffffff  __TI_prof_data_size           
ffffffff  __TI_prof_data_start          
00000000  __TI_static_base__            
00000eef  __TI_zero_init                
00000de9  __aeabi_d2iz                  
000009c3  __aeabi_dadd                  
00000b6f  __aeabi_dmul                  
000009b9  __aeabi_dsub                  
00000e75  __aeabi_f2d                   
00000d07  __aeabi_memclr                
00000d07  __aeabi_memclr4               
00000d07  __aeabi_memclr8               
00000c6b  __aeabi_memcpy                
00000c6b  __aeabi_memcpy4               
00000c6b  __aeabi_memcpy8               
00000d09  __aeabi_memset                
00000d09  __aeabi_memset4               
00000d09  __aeabi_memset8               
ffffffff  __binit__                     
ffffffff  __c_args__                    
UNDEFED   __mpu_init                    
20001f40  __stack                       
20000000  __start___llvm_prf_cnts       
20000000  __stop___llvm_prf_cnts        
00000ead  _c_int00_noargs               
UNDEFED   _system_post_cinit            
00000665  _system_pre_init              
00000efb  abort                         
ffffffff  binit                         
20002148  delay                         
00000000  g_pfnVectors                  
00000669  main                          
00000c6b  memcpy                        
00000d0f  memset                        
20002144  tensao_motor                  
00000429  uDMA_Error                    
00000421  uDMA_Handler                  
20000000  vet0                          
20000fa0  vet1                          
20002154  x                             


GLOBAL SYMBOLS: SORTED BY Symbol Address 

address   name                          
-------   ----                          
00000000  __TI_static_base__            
00000000  g_pfnVectors                  
00000200  __STACK_SIZE                  
00000271  ResetISR                      
00000291  SVC_Handler                   
00000299  DebugMon_Handler              
000002a1  PendSV_Handler                
000002a9  SysTick_Handler               
000002b1  GPIOPortA_Handler             
000002b9  GPIOPortB_Handler             
000002c1  GPIOPortC_Handler             
000002c9  GPIOPortD_Handler             
000002d1  GPIOPortE_Handler             
000002d9  UART0_Handler                 
000002e1  UART1_Handler                 
000002e9  SSI0_Handler                  
000002f1  I2C0_Handler                  
000002f9  PWM0Fault_Handler             
00000301  PWM0Generator0_Handler        
00000309  PWM0Generator1_Handler        
00000311  PWM0Generator2_Handler        
00000319  Quadrature0_Handler           
00000321  ADC0Seq0_Handler              
00000329  ADC0Seq1_Handler              
00000331  ADC0Seq2_Handler              
00000339  ADC0Seq3_Handler              
00000341  WDT_Handler                   
00000351  Timer0B_Handler               
00000359  Timer1A_Handler               
00000361  Timer1B_Handler               
00000369  Timer2A_Handler               
00000371  Timer2B_Handler               
00000379  Comp0_Handler                 
00000381  Comp1_Handler                 
00000389  Comp2_Handler                 
00000391  SysCtl_Handler                
00000399  FlashCtl_Handler              
000003a1  GPIOPortF_Handler             
000003a9  GPIOPortG_Handler             
000003b1  GPIOPortH_Handler             
000003b9  UART2_Handler                 
000003c1  SSI1_Handler                  
000003c9  Timer3A_Handler               
000003d1  Timer3B_Handler               
000003d9  I2C1_Handler                  
000003e1  Quadrature1_Handler           
000003e9  CAN0_Handler                  
000003f1  CAN1_Handler                  
000003f9  CAN2_Handler                  
00000401  Ethernet_Handler              
00000409  Hibernate_Handler             
00000411  USB0_Handler                  
00000419  PWM0Generator3_Handler        
00000421  uDMA_Handler                  
00000429  uDMA_Error                    
00000431  ADC1Seq0_Handler              
00000439  ADC1Seq1_Handler              
00000441  ADC1Seq2_Handler              
00000449  ADC1Seq3_Handler              
00000451  I2S0_Handler                  
00000459  ExtBus_Handler                
00000461  GPIOPortJ_Handler             
00000469  GPIOPortK_Handler             
00000471  GPIOPortL_Handler             
00000479  SSI2_Handler                  
00000481  SSI3_Handler                  
00000489  UART3_Handler                 
00000491  UART4_Handler                 
00000499  UART5_Handler                 
000004a1  UART6_Handler                 
000004a9  UART7_Handler                 
000004b1  I2C2_Handler                  
000004b9  I2C3_Handler                  
000004c1  Timer4A_Handler               
000004c9  Timer4B_Handler               
000004d1  Timer5A_Handler               
000004d9  Timer5B_Handler               
000004e1  WideTimer0A_Handler           
000004e9  WideTimer0B_Handler           
000004f1  WideTimer1A_Handler           
000004f9  WideTimer1B_Handler           
00000501  WideTimer2A_Handler           
00000509  WideTimer2B_Handler           
00000511  WideTimer3A_Handler           
00000519  WideTimer3B_Handler           
00000521  WideTimer4A_Handler           
00000529  WideTimer4B_Handler           
00000531  WideTimer5A_Handler           
00000539  WideTimer5B_Handler           
00000541  FPU_Handler                   
00000549  PECI0_Handler                 
00000551  LPC0_Handler                  
00000559  I2C4_Handler                  
00000561  I2C5_Handler                  
00000569  GPIOPortM_Handler             
00000571  GPIOPortN_Handler             
00000579  Quadrature2_Handler           
00000581  Fan0_Handler                  
00000589  GPIOPortP_Handler             
00000591  GPIOPortP1_Handler            
00000599  GPIOPortP2_Handler            
000005a1  GPIOPortP3_Handler            
000005a9  GPIOPortP4_Handler            
000005b1  GPIOPortP5_Handler            
000005b9  GPIOPortP6_Handler            
000005c1  GPIOPortP7_Handler            
000005c9  GPIOPortQ_Handler             
000005d1  GPIOPortQ1_Handler            
000005d9  GPIOPortQ2_Handler            
000005e1  GPIOPortQ3_Handler            
000005e9  GPIOPortQ4_Handler            
000005f1  GPIOPortQ5_Handler            
000005f9  GPIOPortQ6_Handler            
00000601  GPIOPortQ7_Handler            
00000609  GPIOPortR_Handler             
00000611  GPIOPortS_Handler             
00000619  PWM1Generator0_Handler        
00000621  PWM1Generator1_Handler        
00000629  PWM1Generator2_Handler        
00000631  PWM1Generator3_Handler        
00000639  PWM1Fault_Handler             
00000641  DisableInterrupts             
00000649  EnableInterrupts              
00000651  StartCritical                 
00000659  EndCritical                   
00000661  WaitForInterrupt              
00000665  _system_pre_init              
00000669  main                          
00000701  Timer0A_Handler               
00000751  Timer0A_Init                  
000007a1  PWM1_3_Init                   
00000809  PortF_Init                    
00000841  Clock_Init                    
000008d1  Delay                         
000009b9  __aeabi_dsub                  
000009c3  __aeabi_dadd                  
00000b6f  __aeabi_dmul                  
00000c6b  __aeabi_memcpy                
00000c6b  __aeabi_memcpy4               
00000c6b  __aeabi_memcpy8               
00000c6b  memcpy                        
00000d07  __aeabi_memclr                
00000d07  __aeabi_memclr4               
00000d07  __aeabi_memclr8               
00000d09  __aeabi_memset                
00000d09  __aeabi_memset4               
00000d09  __aeabi_memset8               
00000d0f  memset                        
00000d81  __TI_decompress_lzss          
00000de9  __aeabi_d2iz                  
00000e31  __TI_auto_init_nobinit_nopinit
00000e75  __aeabi_f2d                   
00000ead  _c_int00_noargs               
00000ee1  __TI_decompress_none          
00000eef  __TI_zero_init                
00000efb  C$$EXIT                       
00000efb  abort                         
00000f00  __TI_Handler_Table_Base       
00000f0c  __TI_Handler_Table_Limit      
00000f20  __TI_CINIT_Base               
00000f30  __TI_CINIT_Limit              
20000000  __start___llvm_prf_cnts       
20000000  __stop___llvm_prf_cnts        
20000000  vet0                          
20000fa0  vet1                          
20001f40  __stack                       
20002140  PWMGERAL                      
20002140  __STACK_END                   
20002140  __STACK_TOP                   
20002144  tensao_motor                  
20002148  delay                         
2000214c  AD0                           
20002150  AD1                           
20002154  x                             
ffffffff  __TI_pprof_out_hndl           
ffffffff  __TI_prof_data_size           
ffffffff  __TI_prof_data_start          
ffffffff  __binit__                     
ffffffff  __c_args__                    
ffffffff  binit                         
UNDEFED   __mpu_init                    
UNDEFED   _system_post_cinit            

[182 symbols]
