<?xml version="1.0" encoding="ISO-8859-1" ?>
<link_info>
   <banner>TI ARM Linker PC v20.2.7.LTS</banner>
   <copyright>Copyright (c) 1996-2018 Texas Instruments Incorporated</copyright>
   <link_time>0x6750e3ae</link_time>
   <link_errors>0x0</link_errors>
   <output_file>CONTROLE_BANCADA.out</output_file>
   <entry_point>
      <name>_c_int00_noargs</name>
      <address>0x1425</address>
   </entry_point>
   <input_file_list>
      <input_file id="fl-2">
         <path>.\</path>
         <kind>object</kind>
         <file>CONTROLE_CC.obj</file>
         <name>CONTROLE_CC.obj</name>
      </input_file>
      <input_file id="fl-3">
         <path>.\</path>
         <kind>object</kind>
         <file>tm4c123gh6pm_startup_ccs.obj</file>
         <name>tm4c123gh6pm_startup_ccs.obj</name>
      </input_file>
      <input_file id="fl-7">
         <kind>object</kind>
         <file>&lt;internal&gt;</file>
         <name>&lt;internal&gt;</name>
      </input_file>
      <input_file id="fl-bd">
         <path>C:\ti\ccs1230\ccs\tools\compiler\ti-cgt-arm_20.2.7.LTS\lib\</path>
         <kind>archive</kind>
         <file>rtsv7M4_T_le_v4SPD16_eabi.lib</file>
         <name>copy_zero_init.c.obj</name>
      </input_file>
      <input_file id="fl-be">
         <path>C:\ti\ccs1230\ccs\tools\compiler\ti-cgt-arm_20.2.7.LTS\lib\</path>
         <kind>archive</kind>
         <file>rtsv7M4_T_le_v4SPD16_eabi.lib</file>
         <name>copy_decompress_none.c.obj</name>
      </input_file>
      <input_file id="fl-bf">
         <path>C:\ti\ccs1230\ccs\tools\compiler\ti-cgt-arm_20.2.7.LTS\lib\</path>
         <kind>archive</kind>
         <file>rtsv7M4_T_le_v4SPD16_eabi.lib</file>
         <name>copy_decompress_lzss.c.obj</name>
      </input_file>
      <input_file id="fl-c0">
         <path>C:\ti\ccs1230\ccs\tools\compiler\ti-cgt-arm_20.2.7.LTS\lib\</path>
         <kind>archive</kind>
         <file>rtsv7M4_T_le_v4SPD16_eabi.lib</file>
         <name>boot_cortex_m.c.obj</name>
      </input_file>
      <input_file id="fl-c1">
         <path>C:\ti\ccs1230\ccs\tools\compiler\ti-cgt-arm_20.2.7.LTS\lib\</path>
         <kind>archive</kind>
         <file>rtsv7M4_T_le_v4SPD16_eabi.lib</file>
         <name>memcpy_t2.asm.obj</name>
      </input_file>
      <input_file id="fl-c2">
         <path>C:\ti\ccs1230\ccs\tools\compiler\ti-cgt-arm_20.2.7.LTS\lib\</path>
         <kind>archive</kind>
         <file>rtsv7M4_T_le_v4SPD16_eabi.lib</file>
         <name>memset_t2.asm.obj</name>
      </input_file>
      <input_file id="fl-c3">
         <path>C:\ti\ccs1230\ccs\tools\compiler\ti-cgt-arm_20.2.7.LTS\lib\</path>
         <kind>archive</kind>
         <file>rtsv7M4_T_le_v4SPD16_eabi.lib</file>
         <name>autoinit.c.obj</name>
      </input_file>
      <input_file id="fl-c4">
         <path>C:\ti\ccs1230\ccs\tools\compiler\ti-cgt-arm_20.2.7.LTS\lib\</path>
         <kind>archive</kind>
         <file>rtsv7M4_T_le_v4SPD16_eabi.lib</file>
         <name>pre_init.c.obj</name>
      </input_file>
      <input_file id="fl-c5">
         <path>C:\ti\ccs1230\ccs\tools\compiler\ti-cgt-arm_20.2.7.LTS\lib\</path>
         <kind>archive</kind>
         <file>rtsv7M4_T_le_v4SPD16_eabi.lib</file>
         <name>cpy_tbl.c.obj</name>
      </input_file>
      <input_file id="fl-c6">
         <path>C:\ti\ccs1230\ccs\tools\compiler\ti-cgt-arm_20.2.7.LTS\lib\</path>
         <kind>archive</kind>
         <file>rtsv7M4_T_le_v4SPD16_eabi.lib</file>
         <name>exit.c.obj</name>
      </input_file>
      <input_file id="fl-c7">
         <path>C:\ti\ccs1230\ccs\tools\compiler\ti-cgt-arm_20.2.7.LTS\lib\</path>
         <kind>archive</kind>
         <file>rtsv7M4_T_le_v4SPD16_eabi.lib</file>
         <name>_lock.c.obj</name>
      </input_file>
      <input_file id="fl-c8">
         <path>C:\ti\ccs1230\ccs\tools\compiler\ti-cgt-arm_20.2.7.LTS\lib\</path>
         <kind>archive</kind>
         <file>rtsv7M4_T_le_v4SPD16_eabi.lib</file>
         <name>args_main.c.obj</name>
      </input_file>
   </input_file_list>
   <object_component_list>
      <object_component id="oc-12">
         <name>.intvecs</name>
         <load_address>0x0</load_address>
         <run_address>0x0</run_address>
         <size>0x26c</size>
         <input_file_ref idref="fl-3"/>
      </object_component>
      <object_component id="oc-2d">
         <name>.text</name>
         <load_address>0x26c</load_address>
         <run_address>0x26c</run_address>
         <size>0xee4</size>
         <input_file_ref idref="fl-2"/>
      </object_component>
      <object_component id="oc-27">
         <name>.text</name>
         <load_address>0x1150</load_address>
         <run_address>0x1150</run_address>
         <size>0x112</size>
         <input_file_ref idref="fl-3"/>
      </object_component>
      <object_component id="oc-41">
         <name>.text</name>
         <load_address>0x1262</load_address>
         <run_address>0x1262</run_address>
         <size>0x9c</size>
         <input_file_ref idref="fl-c1"/>
      </object_component>
      <object_component id="oc-a1">
         <name>.text</name>
         <load_address>0x12fe</load_address>
         <run_address>0x12fe</run_address>
         <size>0x7a</size>
         <input_file_ref idref="fl-c2"/>
      </object_component>
      <object_component id="oc-15">
         <name>.text:decompress:lzss:__TI_decompress_lzss</name>
         <load_address>0x1378</load_address>
         <run_address>0x1378</run_address>
         <size>0x68</size>
         <input_file_ref idref="fl-bf"/>
      </object_component>
      <object_component id="oc-de">
         <name>.text:__TI_auto_init_nobinit_nopinit:__TI_auto_init_nobinit_nopinit</name>
         <load_address>0x13e0</load_address>
         <run_address>0x13e0</run_address>
         <size>0x44</size>
         <input_file_ref idref="fl-c3"/>
      </object_component>
      <object_component id="oc-5f">
         <name>.text:_c_int00_noargs:_c_int00_noargs</name>
         <load_address>0x1424</load_address>
         <run_address>0x1424</run_address>
         <size>0x34</size>
         <input_file_ref idref="fl-c0"/>
      </object_component>
      <object_component id="oc-1b">
         <name>.text:decompress:none:__TI_decompress_none</name>
         <load_address>0x1458</load_address>
         <run_address>0x1458</run_address>
         <size>0xe</size>
         <input_file_ref idref="fl-be"/>
      </object_component>
      <object_component id="oc-53">
         <name>.text:decompress:ZI:__TI_zero_init</name>
         <load_address>0x1466</load_address>
         <run_address>0x1466</run_address>
         <size>0xc</size>
         <input_file_ref idref="fl-bd"/>
      </object_component>
      <object_component id="oc-a7">
         <name>.text:_system_pre_init</name>
         <load_address>0x1472</load_address>
         <run_address>0x1472</run_address>
         <size>0x4</size>
         <input_file_ref idref="fl-c4"/>
      </object_component>
      <object_component id="oc-d2">
         <name>.text:abort:abort</name>
         <load_address>0x1476</load_address>
         <run_address>0x1476</run_address>
         <size>0x4</size>
         <input_file_ref idref="fl-c6"/>
      </object_component>
      <object_component id="oc-18b">
         <name>.cinit..data.load</name>
         <load_address>0x1480</load_address>
         <run_address>0x1480</run_address>
         <size>0x59</size>
      </object_component>
      <object_component id="oc-189">
         <name>__TI_handler_table</name>
         <load_address>0x14dc</load_address>
         <run_address>0x14dc</run_address>
         <size>0xc</size>
      </object_component>
      <object_component id="oc-18c">
         <name>.cinit..bss.load</name>
         <load_address>0x14e8</load_address>
         <run_address>0x14e8</run_address>
         <size>0x8</size>
      </object_component>
      <object_component id="oc-18a">
         <name>__TI_cinit_table</name>
         <load_address>0x14f0</load_address>
         <run_address>0x14f0</run_address>
         <size>0x10</size>
      </object_component>
      <object_component id="oc-74">
         <name>.data</name>
         <load_address>0x20007740</load_address>
         <run_address>0x20007740</run_address>
         <size>0xd0</size>
         <input_file_ref idref="fl-2"/>
      </object_component>
      <object_component id="oc-7c">
         <name>.common:vet1</name>
         <uninitialized>true</uninitialized>
         <run_address>0x20000000</run_address>
         <size>0x2710</size>
      </object_component>
      <object_component id="oc-7d">
         <name>.common:vet2</name>
         <uninitialized>true</uninitialized>
         <run_address>0x20002710</run_address>
         <size>0x2710</size>
      </object_component>
      <object_component id="oc-7e">
         <name>.common:vet3</name>
         <uninitialized>true</uninitialized>
         <run_address>0x20004e20</run_address>
         <size>0x2710</size>
      </object_component>
      <object_component id="oc-77">
         <name>.common:var1</name>
         <uninitialized>true</uninitialized>
         <run_address>0x20007530</run_address>
         <size>0x4</size>
      </object_component>
      <object_component id="oc-7a">
         <name>.common:var2</name>
         <uninitialized>true</uninitialized>
         <run_address>0x20007534</run_address>
         <size>0x4</size>
      </object_component>
      <object_component id="oc-7b">
         <name>.common:var3</name>
         <uninitialized>true</uninitialized>
         <run_address>0x20007538</run_address>
         <size>0x4</size>
      </object_component>
      <object_component id="oc-24">
         <name>.stack</name>
         <uninitialized>true</uninitialized>
         <run_address>0x20007540</run_address>
         <size>0x4</size>
         <input_file_ref idref="fl-c0"/>
      </object_component>
      <object_component id="oc-18e">
         <name>.stack</name>
         <uninitialized>true</uninitialized>
         <run_address>0x20007540</run_address>
         <size>0x0</size>
      </object_component>
      <object_component id="oc-78">
         <name>.debug_info</name>
         <load_address>0x0</load_address>
         <run_address>0x0</run_address>
         <size>0x3a6</size>
         <input_file_ref idref="fl-2"/>
      </object_component>
      <object_component id="oc-75">
         <name>.debug_info</name>
         <load_address>0x3a6</load_address>
         <run_address>0x3a6</run_address>
         <size>0x6cb</size>
         <input_file_ref idref="fl-2"/>
      </object_component>
      <object_component id="oc-2e">
         <name>.debug_info</name>
         <load_address>0xa71</load_address>
         <run_address>0xa71</run_address>
         <size>0x581</size>
         <input_file_ref idref="fl-2"/>
      </object_component>
      <object_component id="oc-87">
         <name>.debug_info</name>
         <load_address>0xff2</load_address>
         <run_address>0xff2</run_address>
         <size>0x26b</size>
         <input_file_ref idref="fl-2"/>
      </object_component>
      <object_component id="oc-3c">
         <name>.debug_info</name>
         <load_address>0x125d</load_address>
         <run_address>0x125d</run_address>
         <size>0x84</size>
         <input_file_ref idref="fl-2"/>
      </object_component>
      <object_component id="oc-bd">
         <name>.debug_info</name>
         <load_address>0x12e1</load_address>
         <run_address>0x12e1</run_address>
         <size>0x2a4</size>
         <input_file_ref idref="fl-2"/>
      </object_component>
      <object_component id="oc-80">
         <name>.debug_info</name>
         <load_address>0x1585</load_address>
         <run_address>0x1585</run_address>
         <size>0xbb</size>
         <input_file_ref idref="fl-2"/>
      </object_component>
      <object_component id="oc-35">
         <name>.debug_info</name>
         <load_address>0x1640</load_address>
         <run_address>0x1640</run_address>
         <size>0x2b0</size>
         <input_file_ref idref="fl-3"/>
      </object_component>
      <object_component id="oc-13">
         <name>.debug_info</name>
         <load_address>0x18f0</load_address>
         <run_address>0x18f0</run_address>
         <size>0xef</size>
         <input_file_ref idref="fl-3"/>
      </object_component>
      <object_component id="oc-29">
         <name>.debug_info</name>
         <load_address>0x19df</load_address>
         <run_address>0x19df</run_address>
         <size>0x39ca</size>
         <input_file_ref idref="fl-3"/>
      </object_component>
      <object_component id="oc-a0">
         <name>.debug_info</name>
         <load_address>0x53a9</load_address>
         <run_address>0x53a9</run_address>
         <size>0x2d4</size>
         <input_file_ref idref="fl-bd"/>
      </object_component>
      <object_component id="oc-54">
         <name>.debug_info</name>
         <load_address>0x567d</load_address>
         <run_address>0x567d</run_address>
         <size>0x1b5</size>
         <input_file_ref idref="fl-bd"/>
      </object_component>
      <object_component id="oc-9b">
         <name>.debug_info</name>
         <load_address>0x5832</load_address>
         <run_address>0x5832</run_address>
         <size>0x46</size>
         <input_file_ref idref="fl-bd"/>
      </object_component>
      <object_component id="oc-c9">
         <name>.debug_info</name>
         <load_address>0x5878</load_address>
         <run_address>0x5878</run_address>
         <size>0x2c</size>
         <input_file_ref idref="fl-bd"/>
      </object_component>
      <object_component id="oc-4c">
         <name>.debug_info</name>
         <load_address>0x58a4</load_address>
         <run_address>0x58a4</run_address>
         <size>0x2a8</size>
         <input_file_ref idref="fl-be"/>
      </object_component>
      <object_component id="oc-1c">
         <name>.debug_info</name>
         <load_address>0x5b4c</load_address>
         <run_address>0x5b4c</run_address>
         <size>0x1ea</size>
         <input_file_ref idref="fl-be"/>
      </object_component>
      <object_component id="oc-47">
         <name>.debug_info</name>
         <load_address>0x5d36</load_address>
         <run_address>0x5d36</run_address>
         <size>0x46</size>
         <input_file_ref idref="fl-be"/>
      </object_component>
      <object_component id="oc-93">
         <name>.debug_info</name>
         <load_address>0x5d7c</load_address>
         <run_address>0x5d7c</run_address>
         <size>0x2c</size>
         <input_file_ref idref="fl-be"/>
      </object_component>
      <object_component id="oc-91">
         <name>.debug_info</name>
         <load_address>0x5da8</load_address>
         <run_address>0x5da8</run_address>
         <size>0x29e</size>
         <input_file_ref idref="fl-bf"/>
      </object_component>
      <object_component id="oc-16">
         <name>.debug_info</name>
         <load_address>0x6046</load_address>
         <run_address>0x6046</run_address>
         <size>0x250</size>
         <input_file_ref idref="fl-bf"/>
      </object_component>
      <object_component id="oc-37">
         <name>.debug_info</name>
         <load_address>0x6296</load_address>
         <run_address>0x6296</run_address>
         <size>0x60</size>
         <input_file_ref idref="fl-bf"/>
      </object_component>
      <object_component id="oc-c2">
         <name>.debug_info</name>
         <load_address>0x62f6</load_address>
         <run_address>0x62f6</run_address>
         <size>0x46</size>
         <input_file_ref idref="fl-bf"/>
      </object_component>
      <object_component id="oc-8c">
         <name>.debug_info</name>
         <load_address>0x633c</load_address>
         <run_address>0x633c</run_address>
         <size>0x39</size>
         <input_file_ref idref="fl-bf"/>
      </object_component>
      <object_component id="oc-25">
         <name>.debug_info</name>
         <load_address>0x6375</load_address>
         <run_address>0x6375</run_address>
         <size>0x10b</size>
         <input_file_ref idref="fl-c0"/>
      </object_component>
      <object_component id="oc-60">
         <name>.debug_info</name>
         <load_address>0x6480</load_address>
         <run_address>0x6480</run_address>
         <size>0x1a9</size>
         <input_file_ref idref="fl-c0"/>
      </object_component>
      <object_component id="oc-44">
         <name>.debug_info</name>
         <load_address>0x6629</load_address>
         <run_address>0x6629</run_address>
         <size>0x119</size>
         <input_file_ref idref="fl-c1"/>
      </object_component>
      <object_component id="oc-a2">
         <name>.debug_info</name>
         <load_address>0x6742</load_address>
         <run_address>0x6742</run_address>
         <size>0x147</size>
         <input_file_ref idref="fl-c2"/>
      </object_component>
      <object_component id="oc-11b">
         <name>.debug_info</name>
         <load_address>0x6889</load_address>
         <run_address>0x6889</run_address>
         <size>0x4b3</size>
         <input_file_ref idref="fl-c3"/>
      </object_component>
      <object_component id="oc-df">
         <name>.debug_info</name>
         <load_address>0x6d3c</load_address>
         <run_address>0x6d3c</run_address>
         <size>0x1a6</size>
         <input_file_ref idref="fl-c3"/>
      </object_component>
      <object_component id="oc-140">
         <name>.debug_info</name>
         <load_address>0x6ee2</load_address>
         <run_address>0x6ee2</run_address>
         <size>0x39</size>
         <input_file_ref idref="fl-c3"/>
      </object_component>
      <object_component id="oc-154">
         <name>.debug_info</name>
         <load_address>0x6f1b</load_address>
         <run_address>0x6f1b</run_address>
         <size>0x39</size>
         <input_file_ref idref="fl-c3"/>
      </object_component>
      <object_component id="oc-145">
         <name>.debug_info</name>
         <load_address>0x6f54</load_address>
         <run_address>0x6f54</run_address>
         <size>0x39</size>
         <input_file_ref idref="fl-c3"/>
      </object_component>
      <object_component id="oc-14a">
         <name>.debug_info</name>
         <load_address>0x6f8d</load_address>
         <run_address>0x6f8d</run_address>
         <size>0xcd</size>
         <input_file_ref idref="fl-c3"/>
      </object_component>
      <object_component id="oc-ab">
         <name>.debug_info</name>
         <load_address>0x705a</load_address>
         <run_address>0x705a</run_address>
         <size>0x153</size>
         <input_file_ref idref="fl-c4"/>
      </object_component>
      <object_component id="oc-d6">
         <name>.debug_info</name>
         <load_address>0x71ad</load_address>
         <run_address>0x71ad</run_address>
         <size>0x122</size>
         <input_file_ref idref="fl-c6"/>
      </object_component>
      <object_component id="oc-18f">
         <name>.debug_info</name>
         <load_address>0x72cf</load_address>
         <run_address>0x72cf</run_address>
         <size>0xa2</size>
      </object_component>
      <object_component id="oc-bc">
         <name>.debug_line</name>
         <load_address>0x0</load_address>
         <run_address>0x0</run_address>
         <size>0x34</size>
         <input_file_ref idref="fl-2"/>
      </object_component>
      <object_component id="oc-ba">
         <name>.debug_line</name>
         <load_address>0x34</load_address>
         <run_address>0x34</run_address>
         <size>0x34</size>
         <input_file_ref idref="fl-2"/>
      </object_component>
      <object_component id="oc-31">
         <name>.debug_line</name>
         <load_address>0x68</load_address>
         <run_address>0x68</run_address>
         <size>0x4b3</size>
         <input_file_ref idref="fl-2"/>
      </object_component>
      <object_component id="oc-8a">
         <name>.debug_line</name>
         <load_address>0x51b</load_address>
         <run_address>0x51b</run_address>
         <size>0x6f</size>
         <input_file_ref idref="fl-2"/>
      </object_component>
      <object_component id="oc-3f">
         <name>.debug_line</name>
         <load_address>0x58a</load_address>
         <run_address>0x58a</run_address>
         <size>0x20</size>
         <input_file_ref idref="fl-2"/>
      </object_component>
      <object_component id="oc-c0">
         <name>.debug_line</name>
         <load_address>0x5aa</load_address>
         <run_address>0x5aa</run_address>
         <size>0x73</size>
         <input_file_ref idref="fl-2"/>
      </object_component>
      <object_component id="oc-83">
         <name>.debug_line</name>
         <load_address>0x61d</load_address>
         <run_address>0x61d</run_address>
         <size>0x70</size>
         <input_file_ref idref="fl-2"/>
      </object_component>
      <object_component id="oc-86">
         <name>.debug_line</name>
         <load_address>0x68d</load_address>
         <run_address>0x68d</run_address>
         <size>0x41</size>
         <input_file_ref idref="fl-3"/>
      </object_component>
      <object_component id="oc-34">
         <name>.debug_line</name>
         <load_address>0x6ce</load_address>
         <run_address>0x6ce</run_address>
         <size>0x41</size>
         <input_file_ref idref="fl-3"/>
      </object_component>
      <object_component id="oc-2c">
         <name>.debug_line</name>
         <load_address>0x70f</load_address>
         <run_address>0x70f</run_address>
         <size>0xc38</size>
         <input_file_ref idref="fl-3"/>
      </object_component>
      <object_component id="oc-cf">
         <name>.debug_line</name>
         <load_address>0x1347</load_address>
         <run_address>0x1347</run_address>
         <size>0x92</size>
         <input_file_ref idref="fl-bd"/>
      </object_component>
      <object_component id="oc-58">
         <name>.debug_line</name>
         <load_address>0x13d9</load_address>
         <run_address>0x13d9</run_address>
         <size>0x53</size>
         <input_file_ref idref="fl-bd"/>
      </object_component>
      <object_component id="oc-9e">
         <name>.debug_line</name>
         <load_address>0x142c</load_address>
         <run_address>0x142c</run_address>
         <size>0x34</size>
         <input_file_ref idref="fl-bd"/>
      </object_component>
      <object_component id="oc-cc">
         <name>.debug_line</name>
         <load_address>0x1460</load_address>
         <run_address>0x1460</run_address>
         <size>0x92</size>
         <input_file_ref idref="fl-bd"/>
      </object_component>
      <object_component id="oc-99">
         <name>.debug_line</name>
         <load_address>0x14f2</load_address>
         <run_address>0x14f2</run_address>
         <size>0x20</size>
         <input_file_ref idref="fl-be"/>
      </object_component>
      <object_component id="oc-1f">
         <name>.debug_line</name>
         <load_address>0x1512</load_address>
         <run_address>0x1512</run_address>
         <size>0x55</size>
         <input_file_ref idref="fl-be"/>
      </object_component>
      <object_component id="oc-4a">
         <name>.debug_line</name>
         <load_address>0x1567</load_address>
         <run_address>0x1567</run_address>
         <size>0x3a</size>
         <input_file_ref idref="fl-be"/>
      </object_component>
      <object_component id="oc-96">
         <name>.debug_line</name>
         <load_address>0x15a1</load_address>
         <run_address>0x15a1</run_address>
         <size>0x92</size>
         <input_file_ref idref="fl-be"/>
      </object_component>
      <object_component id="oc-c8">
         <name>.debug_line</name>
         <load_address>0x1633</load_address>
         <run_address>0x1633</run_address>
         <size>0x20</size>
         <input_file_ref idref="fl-bf"/>
      </object_component>
      <object_component id="oc-1a">
         <name>.debug_line</name>
         <load_address>0x1653</load_address>
         <run_address>0x1653</run_address>
         <size>0xa9</size>
         <input_file_ref idref="fl-bf"/>
      </object_component>
      <object_component id="oc-3a">
         <name>.debug_line</name>
         <load_address>0x16fc</load_address>
         <run_address>0x16fc</run_address>
         <size>0x3a</size>
         <input_file_ref idref="fl-bf"/>
      </object_component>
      <object_component id="oc-c5">
         <name>.debug_line</name>
         <load_address>0x1736</load_address>
         <run_address>0x1736</run_address>
         <size>0x9a</size>
         <input_file_ref idref="fl-bf"/>
      </object_component>
      <object_component id="oc-8f">
         <name>.debug_line</name>
         <load_address>0x17d0</load_address>
         <run_address>0x17d0</run_address>
         <size>0x96</size>
         <input_file_ref idref="fl-bf"/>
      </object_component>
      <object_component id="oc-72">
         <name>.debug_line</name>
         <load_address>0x1866</load_address>
         <run_address>0x1866</run_address>
         <size>0x33</size>
         <input_file_ref idref="fl-c0"/>
      </object_component>
      <object_component id="oc-64">
         <name>.debug_line</name>
         <load_address>0x1899</load_address>
         <run_address>0x1899</run_address>
         <size>0x45</size>
         <input_file_ref idref="fl-c0"/>
      </object_component>
      <object_component id="oc-42">
         <name>.debug_line</name>
         <load_address>0x18de</load_address>
         <run_address>0x18de</run_address>
         <size>0x88</size>
         <input_file_ref idref="fl-c1"/>
      </object_component>
      <object_component id="oc-a5">
         <name>.debug_line</name>
         <load_address>0x1966</load_address>
         <run_address>0x1966</run_address>
         <size>0x79</size>
         <input_file_ref idref="fl-c2"/>
      </object_component>
      <object_component id="oc-13f">
         <name>.debug_line</name>
         <load_address>0x19df</load_address>
         <run_address>0x19df</run_address>
         <size>0xbf</size>
         <input_file_ref idref="fl-c3"/>
      </object_component>
      <object_component id="oc-e2">
         <name>.debug_line</name>
         <load_address>0x1a9e</load_address>
         <run_address>0x1a9e</run_address>
         <size>0x6f</size>
         <input_file_ref idref="fl-c3"/>
      </object_component>
      <object_component id="oc-143">
         <name>.debug_line</name>
         <load_address>0x1b0d</load_address>
         <run_address>0x1b0d</run_address>
         <size>0x2e</size>
         <input_file_ref idref="fl-c3"/>
      </object_component>
      <object_component id="oc-157">
         <name>.debug_line</name>
         <load_address>0x1b3b</load_address>
         <run_address>0x1b3b</run_address>
         <size>0x9a</size>
         <input_file_ref idref="fl-c3"/>
      </object_component>
      <object_component id="oc-148">
         <name>.debug_line</name>
         <load_address>0x1bd5</load_address>
         <run_address>0x1bd5</run_address>
         <size>0x97</size>
         <input_file_ref idref="fl-c3"/>
      </object_component>
      <object_component id="oc-14d">
         <name>.debug_line</name>
         <load_address>0x1c6c</load_address>
         <run_address>0x1c6c</run_address>
         <size>0x93</size>
         <input_file_ref idref="fl-c3"/>
      </object_component>
      <object_component id="oc-a8">
         <name>.debug_line</name>
         <load_address>0x1cff</load_address>
         <run_address>0x1cff</run_address>
         <size>0x40</size>
         <input_file_ref idref="fl-c4"/>
      </object_component>
      <object_component id="oc-d4">
         <name>.debug_line</name>
         <load_address>0x1d3f</load_address>
         <run_address>0x1d3f</run_address>
         <size>0x3c</size>
         <input_file_ref idref="fl-c6"/>
      </object_component>
      <object_component id="oc-32">
         <name>.debug_frame</name>
         <load_address>0x0</load_address>
         <run_address>0x0</run_address>
         <size>0x114</size>
         <input_file_ref idref="fl-2"/>
      </object_component>
      <object_component id="oc-28">
         <name>.debug_frame</name>
         <load_address>0x114</load_address>
         <run_address>0x114</run_address>
         <size>0xa2c</size>
         <input_file_ref idref="fl-3"/>
      </object_component>
      <object_component id="oc-57">
         <name>.debug_frame</name>
         <load_address>0xb40</load_address>
         <run_address>0xb40</run_address>
         <size>0x54</size>
         <input_file_ref idref="fl-bd"/>
      </object_component>
      <object_component id="oc-20">
         <name>.debug_frame</name>
         <load_address>0xb94</load_address>
         <run_address>0xb94</run_address>
         <size>0x54</size>
         <input_file_ref idref="fl-be"/>
      </object_component>
      <object_component id="oc-19">
         <name>.debug_frame</name>
         <load_address>0xbe8</load_address>
         <run_address>0xbe8</run_address>
         <size>0x60</size>
         <input_file_ref idref="fl-bf"/>
      </object_component>
      <object_component id="oc-63">
         <name>.debug_frame</name>
         <load_address>0xc48</load_address>
         <run_address>0xc48</run_address>
         <size>0x50</size>
         <input_file_ref idref="fl-c0"/>
      </object_component>
      <object_component id="oc-e3">
         <name>.debug_frame</name>
         <load_address>0xc98</load_address>
         <run_address>0xc98</run_address>
         <size>0x5c</size>
         <input_file_ref idref="fl-c3"/>
      </object_component>
      <object_component id="oc-aa">
         <name>.debug_frame</name>
         <load_address>0xcf4</load_address>
         <run_address>0xcf4</run_address>
         <size>0x54</size>
         <input_file_ref idref="fl-c4"/>
      </object_component>
      <object_component id="oc-d3">
         <name>.debug_frame</name>
         <load_address>0xd48</load_address>
         <run_address>0xd48</run_address>
         <size>0x54</size>
         <input_file_ref idref="fl-c6"/>
      </object_component>
      <object_component id="oc-bb">
         <name>.debug_abbrev</name>
         <load_address>0x0</load_address>
         <run_address>0x0</run_address>
         <size>0xab</size>
         <input_file_ref idref="fl-2"/>
      </object_component>
      <object_component id="oc-b9">
         <name>.debug_abbrev</name>
         <load_address>0xab</load_address>
         <run_address>0xab</run_address>
         <size>0x29</size>
         <input_file_ref idref="fl-2"/>
      </object_component>
      <object_component id="oc-7f">
         <name>.debug_abbrev</name>
         <load_address>0xd4</load_address>
         <run_address>0xd4</run_address>
         <size>0xd4</size>
         <input_file_ref idref="fl-2"/>
      </object_component>
      <object_component id="oc-89">
         <name>.debug_abbrev</name>
         <load_address>0x1a8</load_address>
         <run_address>0x1a8</run_address>
         <size>0x69</size>
         <input_file_ref idref="fl-2"/>
      </object_component>
      <object_component id="oc-3e">
         <name>.debug_abbrev</name>
         <load_address>0x211</load_address>
         <run_address>0x211</run_address>
         <size>0x1f</size>
         <input_file_ref idref="fl-2"/>
      </object_component>
      <object_component id="oc-bf">
         <name>.debug_abbrev</name>
         <load_address>0x230</load_address>
         <run_address>0x230</run_address>
         <size>0x5c</size>
         <input_file_ref idref="fl-2"/>
      </object_component>
      <object_component id="oc-82">
         <name>.debug_abbrev</name>
         <load_address>0x28c</load_address>
         <run_address>0x28c</run_address>
         <size>0x24</size>
         <input_file_ref idref="fl-2"/>
      </object_component>
      <object_component id="oc-85">
         <name>.debug_abbrev</name>
         <load_address>0x2b0</load_address>
         <run_address>0x2b0</run_address>
         <size>0x68</size>
         <input_file_ref idref="fl-3"/>
      </object_component>
      <object_component id="oc-33">
         <name>.debug_abbrev</name>
         <load_address>0x318</load_address>
         <run_address>0x318</run_address>
         <size>0x29</size>
         <input_file_ref idref="fl-3"/>
      </object_component>
      <object_component id="oc-73">
         <name>.debug_abbrev</name>
         <load_address>0x341</load_address>
         <run_address>0x341</run_address>
         <size>0xa4</size>
         <input_file_ref idref="fl-3"/>
      </object_component>
      <object_component id="oc-ce">
         <name>.debug_abbrev</name>
         <load_address>0x3e5</load_address>
         <run_address>0x3e5</run_address>
         <size>0x5d</size>
         <input_file_ref idref="fl-bd"/>
      </object_component>
      <object_component id="oc-a6">
         <name>.debug_abbrev</name>
         <load_address>0x442</load_address>
         <run_address>0x442</run_address>
         <size>0x74</size>
         <input_file_ref idref="fl-bd"/>
      </object_component>
      <object_component id="oc-9d">
         <name>.debug_abbrev</name>
         <load_address>0x4b6</load_address>
         <run_address>0x4b6</run_address>
         <size>0x24</size>
         <input_file_ref idref="fl-bd"/>
      </object_component>
      <object_component id="oc-cb">
         <name>.debug_abbrev</name>
         <load_address>0x4da</load_address>
         <run_address>0x4da</run_address>
         <size>0x24</size>
         <input_file_ref idref="fl-bd"/>
      </object_component>
      <object_component id="oc-98">
         <name>.debug_abbrev</name>
         <load_address>0x4fe</load_address>
         <run_address>0x4fe</run_address>
         <size>0x37</size>
         <input_file_ref idref="fl-be"/>
      </object_component>
      <object_component id="oc-46">
         <name>.debug_abbrev</name>
         <load_address>0x535</load_address>
         <run_address>0x535</run_address>
         <size>0x74</size>
         <input_file_ref idref="fl-be"/>
      </object_component>
      <object_component id="oc-49">
         <name>.debug_abbrev</name>
         <load_address>0x5a9</load_address>
         <run_address>0x5a9</run_address>
         <size>0x24</size>
         <input_file_ref idref="fl-be"/>
      </object_component>
      <object_component id="oc-95">
         <name>.debug_abbrev</name>
         <load_address>0x5cd</load_address>
         <run_address>0x5cd</run_address>
         <size>0x24</size>
         <input_file_ref idref="fl-be"/>
      </object_component>
      <object_component id="oc-c7">
         <name>.debug_abbrev</name>
         <load_address>0x5f1</load_address>
         <run_address>0x5f1</run_address>
         <size>0x37</size>
         <input_file_ref idref="fl-bf"/>
      </object_component>
      <object_component id="oc-36">
         <name>.debug_abbrev</name>
         <load_address>0x628</load_address>
         <run_address>0x628</run_address>
         <size>0x6f</size>
         <input_file_ref idref="fl-bf"/>
      </object_component>
      <object_component id="oc-39">
         <name>.debug_abbrev</name>
         <load_address>0x697</load_address>
         <run_address>0x697</run_address>
         <size>0x24</size>
         <input_file_ref idref="fl-bf"/>
      </object_component>
      <object_component id="oc-c4">
         <name>.debug_abbrev</name>
         <load_address>0x6bb</load_address>
         <run_address>0x6bb</run_address>
         <size>0x35</size>
         <input_file_ref idref="fl-bf"/>
      </object_component>
      <object_component id="oc-8e">
         <name>.debug_abbrev</name>
         <load_address>0x6f0</load_address>
         <run_address>0x6f0</run_address>
         <size>0x24</size>
         <input_file_ref idref="fl-bf"/>
      </object_component>
      <object_component id="oc-71">
         <name>.debug_abbrev</name>
         <load_address>0x714</load_address>
         <run_address>0x714</run_address>
         <size>0x29</size>
         <input_file_ref idref="fl-c0"/>
      </object_component>
      <object_component id="oc-b0">
         <name>.debug_abbrev</name>
         <load_address>0x73d</load_address>
         <run_address>0x73d</run_address>
         <size>0x55</size>
         <input_file_ref idref="fl-c0"/>
      </object_component>
      <object_component id="oc-92">
         <name>.debug_abbrev</name>
         <load_address>0x792</load_address>
         <run_address>0x792</run_address>
         <size>0x3e</size>
         <input_file_ref idref="fl-c1"/>
      </object_component>
      <object_component id="oc-d0">
         <name>.debug_abbrev</name>
         <load_address>0x7d0</load_address>
         <run_address>0x7d0</run_address>
         <size>0x4f</size>
         <input_file_ref idref="fl-c2"/>
      </object_component>
      <object_component id="oc-13e">
         <name>.debug_abbrev</name>
         <load_address>0x81f</load_address>
         <run_address>0x81f</run_address>
         <size>0xc0</size>
         <input_file_ref idref="fl-c3"/>
      </object_component>
      <object_component id="oc-11a">
         <name>.debug_abbrev</name>
         <load_address>0x8df</load_address>
         <run_address>0x8df</run_address>
         <size>0x7e</size>
         <input_file_ref idref="fl-c3"/>
      </object_component>
      <object_component id="oc-142">
         <name>.debug_abbrev</name>
         <load_address>0x95d</load_address>
         <run_address>0x95d</run_address>
         <size>0x24</size>
         <input_file_ref idref="fl-c3"/>
      </object_component>
      <object_component id="oc-156">
         <name>.debug_abbrev</name>
         <load_address>0x981</load_address>
         <run_address>0x981</run_address>
         <size>0x24</size>
         <input_file_ref idref="fl-c3"/>
      </object_component>
      <object_component id="oc-147">
         <name>.debug_abbrev</name>
         <load_address>0x9a5</load_address>
         <run_address>0x9a5</run_address>
         <size>0x24</size>
         <input_file_ref idref="fl-c3"/>
      </object_component>
      <object_component id="oc-14c">
         <name>.debug_abbrev</name>
         <load_address>0x9c9</load_address>
         <run_address>0x9c9</run_address>
         <size>0x4b</size>
         <input_file_ref idref="fl-c3"/>
      </object_component>
      <object_component id="oc-d1">
         <name>.debug_abbrev</name>
         <load_address>0xa14</load_address>
         <run_address>0xa14</run_address>
         <size>0x55</size>
         <input_file_ref idref="fl-c4"/>
      </object_component>
      <object_component id="oc-110">
         <name>.debug_abbrev</name>
         <load_address>0xa69</load_address>
         <run_address>0xa69</run_address>
         <size>0x45</size>
         <input_file_ref idref="fl-c6"/>
      </object_component>
      <object_component id="oc-190">
         <name>.debug_abbrev</name>
         <load_address>0xaae</load_address>
         <run_address>0xaae</run_address>
         <size>0xf</size>
      </object_component>
      <object_component id="oc-8b">
         <name>.debug_str</name>
         <load_address>0x0</load_address>
         <run_address>0x0</run_address>
         <size>0x2b3</size>
         <input_file_ref idref="fl-2"/>
      </object_component>
      <object_component id="oc-40">
         <name>.debug_str</name>
         <load_address>0x2b3</load_address>
         <run_address>0x2b3</run_address>
         <size>0xfd</size>
         <input_file_ref idref="fl-2"/>
      </object_component>
      <object_component id="oc-c1">
         <name>.debug_str</name>
         <load_address>0x3b0</load_address>
         <run_address>0x3b0</run_address>
         <size>0x349</size>
         <input_file_ref idref="fl-2"/>
      </object_component>
      <object_component id="oc-84">
         <name>.debug_str</name>
         <load_address>0x6f9</load_address>
         <run_address>0x6f9</run_address>
         <size>0x14b</size>
         <input_file_ref idref="fl-2"/>
      </object_component>
      <object_component id="oc-9f">
         <name>.debug_str</name>
         <load_address>0x844</load_address>
         <run_address>0x844</run_address>
         <size>0x105</size>
         <input_file_ref idref="fl-bd"/>
      </object_component>
      <object_component id="oc-cd">
         <name>.debug_str</name>
         <load_address>0x949</load_address>
         <run_address>0x949</run_address>
         <size>0x140</size>
         <input_file_ref idref="fl-bd"/>
      </object_component>
      <object_component id="oc-4b">
         <name>.debug_str</name>
         <load_address>0xa89</load_address>
         <run_address>0xa89</run_address>
         <size>0x10b</size>
         <input_file_ref idref="fl-be"/>
      </object_component>
      <object_component id="oc-97">
         <name>.debug_str</name>
         <load_address>0xb94</load_address>
         <run_address>0xb94</run_address>
         <size>0x140</size>
         <input_file_ref idref="fl-be"/>
      </object_component>
      <object_component id="oc-3b">
         <name>.debug_str</name>
         <load_address>0xcd4</load_address>
         <run_address>0xcd4</run_address>
         <size>0x118</size>
         <input_file_ref idref="fl-bf"/>
      </object_component>
      <object_component id="oc-c6">
         <name>.debug_str</name>
         <load_address>0xdec</load_address>
         <run_address>0xdec</run_address>
         <size>0x16b</size>
         <input_file_ref idref="fl-bf"/>
      </object_component>
      <object_component id="oc-90">
         <name>.debug_str</name>
         <load_address>0xf57</load_address>
         <run_address>0xf57</run_address>
         <size>0x158</size>
         <input_file_ref idref="fl-bf"/>
      </object_component>
      <object_component id="oc-144">
         <name>.debug_str</name>
         <load_address>0x10af</load_address>
         <run_address>0x10af</run_address>
         <size>0xed</size>
         <input_file_ref idref="fl-c3"/>
      </object_component>
      <object_component id="oc-158">
         <name>.debug_str</name>
         <load_address>0x119c</load_address>
         <run_address>0x119c</run_address>
         <size>0x157</size>
         <input_file_ref idref="fl-c3"/>
      </object_component>
      <object_component id="oc-149">
         <name>.debug_str</name>
         <load_address>0x12f3</load_address>
         <run_address>0x12f3</run_address>
         <size>0x150</size>
         <input_file_ref idref="fl-c3"/>
      </object_component>
      <object_component id="oc-14e">
         <name>.debug_str</name>
         <load_address>0x1443</load_address>
         <run_address>0x1443</run_address>
         <size>0x197</size>
         <input_file_ref idref="fl-c3"/>
      </object_component>
      <object_component id="oc-2f">
         <name>.debug_aranges</name>
         <load_address>0x0</load_address>
         <run_address>0x0</run_address>
         <size>0x60</size>
         <input_file_ref idref="fl-2"/>
      </object_component>
      <object_component id="oc-2b">
         <name>.debug_aranges</name>
         <load_address>0x60</load_address>
         <run_address>0x60</run_address>
         <size>0x410</size>
         <input_file_ref idref="fl-3"/>
      </object_component>
      <object_component id="oc-56">
         <name>.debug_aranges</name>
         <load_address>0x470</load_address>
         <run_address>0x470</run_address>
         <size>0x20</size>
         <input_file_ref idref="fl-bd"/>
      </object_component>
      <object_component id="oc-1d">
         <name>.debug_aranges</name>
         <load_address>0x490</load_address>
         <run_address>0x490</run_address>
         <size>0x20</size>
         <input_file_ref idref="fl-be"/>
      </object_component>
      <object_component id="oc-17">
         <name>.debug_aranges</name>
         <load_address>0x4b0</load_address>
         <run_address>0x4b0</run_address>
         <size>0x20</size>
         <input_file_ref idref="fl-bf"/>
      </object_component>
      <object_component id="oc-61">
         <name>.debug_aranges</name>
         <load_address>0x4d0</load_address>
         <run_address>0x4d0</run_address>
         <size>0x20</size>
         <input_file_ref idref="fl-c0"/>
      </object_component>
      <object_component id="oc-43">
         <name>.debug_aranges</name>
         <load_address>0x4f0</load_address>
         <run_address>0x4f0</run_address>
         <size>0x20</size>
         <input_file_ref idref="fl-c1"/>
      </object_component>
      <object_component id="oc-a3">
         <name>.debug_aranges</name>
         <load_address>0x510</load_address>
         <run_address>0x510</run_address>
         <size>0x28</size>
         <input_file_ref idref="fl-c2"/>
      </object_component>
      <object_component id="oc-e0">
         <name>.debug_aranges</name>
         <load_address>0x538</load_address>
         <run_address>0x538</run_address>
         <size>0x20</size>
         <input_file_ref idref="fl-c3"/>
      </object_component>
      <object_component id="oc-a9">
         <name>.debug_aranges</name>
         <load_address>0x558</load_address>
         <run_address>0x558</run_address>
         <size>0x20</size>
         <input_file_ref idref="fl-c4"/>
      </object_component>
      <object_component id="oc-d5">
         <name>.debug_aranges</name>
         <load_address>0x578</load_address>
         <run_address>0x578</run_address>
         <size>0x20</size>
         <input_file_ref idref="fl-c6"/>
      </object_component>
      <object_component id="oc-79">
         <name>.debug_pubnames</name>
         <load_address>0x0</load_address>
         <run_address>0x0</run_address>
         <size>0x48</size>
         <input_file_ref idref="fl-2"/>
      </object_component>
      <object_component id="oc-76">
         <name>.debug_pubnames</name>
         <load_address>0x48</load_address>
         <run_address>0x48</run_address>
         <size>0x265</size>
         <input_file_ref idref="fl-2"/>
      </object_component>
      <object_component id="oc-30">
         <name>.debug_pubnames</name>
         <load_address>0x2ad</load_address>
         <run_address>0x2ad</run_address>
         <size>0x97</size>
         <input_file_ref idref="fl-2"/>
      </object_component>
      <object_component id="oc-14">
         <name>.debug_pubnames</name>
         <load_address>0x344</load_address>
         <run_address>0x344</run_address>
         <size>0x23</size>
         <input_file_ref idref="fl-3"/>
      </object_component>
      <object_component id="oc-2a">
         <name>.debug_pubnames</name>
         <load_address>0x367</load_address>
         <run_address>0x367</run_address>
         <size>0xa55</size>
         <input_file_ref idref="fl-3"/>
      </object_component>
      <object_component id="oc-55">
         <name>.debug_pubnames</name>
         <load_address>0xdbc</load_address>
         <run_address>0xdbc</run_address>
         <size>0x25</size>
         <input_file_ref idref="fl-bd"/>
      </object_component>
      <object_component id="oc-1e">
         <name>.debug_pubnames</name>
         <load_address>0xde1</load_address>
         <run_address>0xde1</run_address>
         <size>0x2b</size>
         <input_file_ref idref="fl-be"/>
      </object_component>
      <object_component id="oc-18">
         <name>.debug_pubnames</name>
         <load_address>0xe0c</load_address>
         <run_address>0xe0c</run_address>
         <size>0x2b</size>
         <input_file_ref idref="fl-bf"/>
      </object_component>
      <object_component id="oc-26">
         <name>.debug_pubnames</name>
         <load_address>0xe37</load_address>
         <run_address>0xe37</run_address>
         <size>0x1e</size>
         <input_file_ref idref="fl-c0"/>
      </object_component>
      <object_component id="oc-62">
         <name>.debug_pubnames</name>
         <load_address>0xe55</load_address>
         <run_address>0xe55</run_address>
         <size>0x26</size>
         <input_file_ref idref="fl-c0"/>
      </object_component>
      <object_component id="oc-45">
         <name>.debug_pubnames</name>
         <load_address>0xe7b</load_address>
         <run_address>0xe7b</run_address>
         <size>0x1d</size>
         <input_file_ref idref="fl-c1"/>
      </object_component>
      <object_component id="oc-a4">
         <name>.debug_pubnames</name>
         <load_address>0xe98</load_address>
         <run_address>0xe98</run_address>
         <size>0x37</size>
         <input_file_ref idref="fl-c2"/>
      </object_component>
      <object_component id="oc-e1">
         <name>.debug_pubnames</name>
         <load_address>0xecf</load_address>
         <run_address>0xecf</run_address>
         <size>0x35</size>
         <input_file_ref idref="fl-c3"/>
      </object_component>
      <object_component id="oc-ac">
         <name>.debug_pubnames</name>
         <load_address>0xf04</load_address>
         <run_address>0xf04</run_address>
         <size>0x27</size>
         <input_file_ref idref="fl-c4"/>
      </object_component>
      <object_component id="oc-d7">
         <name>.debug_pubnames</name>
         <load_address>0xf2b</load_address>
         <run_address>0xf2b</run_address>
         <size>0x1c</size>
         <input_file_ref idref="fl-c6"/>
      </object_component>
      <object_component id="oc-88">
         <name>.debug_pubtypes</name>
         <load_address>0x0</load_address>
         <run_address>0x0</run_address>
         <size>0x25c</size>
         <input_file_ref idref="fl-2"/>
      </object_component>
      <object_component id="oc-3d">
         <name>.debug_pubtypes</name>
         <load_address>0x25c</load_address>
         <run_address>0x25c</run_address>
         <size>0xed</size>
         <input_file_ref idref="fl-2"/>
      </object_component>
      <object_component id="oc-be">
         <name>.debug_pubtypes</name>
         <load_address>0x349</load_address>
         <run_address>0x349</run_address>
         <size>0x330</size>
         <input_file_ref idref="fl-2"/>
      </object_component>
      <object_component id="oc-81">
         <name>.debug_pubtypes</name>
         <load_address>0x679</load_address>
         <run_address>0x679</run_address>
         <size>0xaa</size>
         <input_file_ref idref="fl-2"/>
      </object_component>
      <object_component id="oc-9c">
         <name>.debug_pubtypes</name>
         <load_address>0x723</load_address>
         <run_address>0x723</run_address>
         <size>0x48</size>
         <input_file_ref idref="fl-bd"/>
      </object_component>
      <object_component id="oc-ca">
         <name>.debug_pubtypes</name>
         <load_address>0x76b</load_address>
         <run_address>0x76b</run_address>
         <size>0x1d</size>
         <input_file_ref idref="fl-bd"/>
      </object_component>
      <object_component id="oc-48">
         <name>.debug_pubtypes</name>
         <load_address>0x788</load_address>
         <run_address>0x788</run_address>
         <size>0x48</size>
         <input_file_ref idref="fl-be"/>
      </object_component>
      <object_component id="oc-94">
         <name>.debug_pubtypes</name>
         <load_address>0x7d0</load_address>
         <run_address>0x7d0</run_address>
         <size>0x1d</size>
         <input_file_ref idref="fl-be"/>
      </object_component>
      <object_component id="oc-38">
         <name>.debug_pubtypes</name>
         <load_address>0x7ed</load_address>
         <run_address>0x7ed</run_address>
         <size>0x5d</size>
         <input_file_ref idref="fl-bf"/>
      </object_component>
      <object_component id="oc-c3">
         <name>.debug_pubtypes</name>
         <load_address>0x84a</load_address>
         <run_address>0x84a</run_address>
         <size>0x48</size>
         <input_file_ref idref="fl-bf"/>
      </object_component>
      <object_component id="oc-8d">
         <name>.debug_pubtypes</name>
         <load_address>0x892</load_address>
         <run_address>0x892</run_address>
         <size>0x35</size>
         <input_file_ref idref="fl-bf"/>
      </object_component>
      <object_component id="oc-141">
         <name>.debug_pubtypes</name>
         <load_address>0x8c7</load_address>
         <run_address>0x8c7</run_address>
         <size>0x32</size>
         <input_file_ref idref="fl-c3"/>
      </object_component>
      <object_component id="oc-155">
         <name>.debug_pubtypes</name>
         <load_address>0x8f9</load_address>
         <run_address>0x8f9</run_address>
         <size>0x30</size>
         <input_file_ref idref="fl-c3"/>
      </object_component>
      <object_component id="oc-146">
         <name>.debug_pubtypes</name>
         <load_address>0x929</load_address>
         <run_address>0x929</run_address>
         <size>0x2c</size>
         <input_file_ref idref="fl-c3"/>
      </object_component>
      <object_component id="oc-14b">
         <name>.debug_pubtypes</name>
         <load_address>0x955</load_address>
         <run_address>0x955</run_address>
         <size>0x50</size>
         <input_file_ref idref="fl-c3"/>
      </object_component>
   </object_component_list>
   <logical_group_list>
      <logical_group id="lg-3" display="no" color="cyan">
         <name>.intvecs</name>
         <load_address>0x0</load_address>
         <run_address>0x0</run_address>
         <size>0x26c</size>
         <contents>
            <object_component_ref idref="oc-12"/>
         </contents>
      </logical_group>
      <logical_group id="lg-4" display="no" color="cyan">
         <name>.text</name>
         <load_address>0x26c</load_address>
         <run_address>0x26c</run_address>
         <size>0x120e</size>
         <contents>
            <object_component_ref idref="oc-2d"/>
            <object_component_ref idref="oc-27"/>
            <object_component_ref idref="oc-41"/>
            <object_component_ref idref="oc-a1"/>
            <object_component_ref idref="oc-15"/>
            <object_component_ref idref="oc-de"/>
            <object_component_ref idref="oc-5f"/>
            <object_component_ref idref="oc-1b"/>
            <object_component_ref idref="oc-53"/>
            <object_component_ref idref="oc-a7"/>
            <object_component_ref idref="oc-d2"/>
         </contents>
      </logical_group>
      <logical_group id="lg-5" display="no" color="cyan">
         <name>.const</name>
         <run_address>0x0</run_address>
         <size>0x0</size>
         <contents>
         </contents>
      </logical_group>
      <logical_group id="lg-6" display="no" color="cyan">
         <name>.cinit</name>
         <load_address>0x1480</load_address>
         <run_address>0x1480</run_address>
         <size>0x80</size>
         <contents>
            <object_component_ref idref="oc-18b"/>
            <object_component_ref idref="oc-189"/>
            <object_component_ref idref="oc-18c"/>
            <object_component_ref idref="oc-18a"/>
         </contents>
      </logical_group>
      <logical_group id="lg-7" display="no" color="cyan">
         <name>.pinit</name>
         <run_address>0x0</run_address>
         <size>0x0</size>
         <contents>
         </contents>
      </logical_group>
      <logical_group id="lg-8" display="no" color="cyan">
         <name>.init_array</name>
         <run_address>0x0</run_address>
         <size>0x0</size>
         <contents>
         </contents>
      </logical_group>
      <logical_group id="lg-9" display="no" color="cyan">
         <name>.vtable</name>
         <run_address>0x0</run_address>
         <size>0x0</size>
         <contents>
         </contents>
      </logical_group>
      <logical_group id="lg-a" display="no" color="cyan">
         <name>.data</name>
         <run_address>0x20007740</run_address>
         <size>0xd0</size>
         <contents>
            <object_component_ref idref="oc-74"/>
         </contents>
      </logical_group>
      <logical_group id="lg-b" display="no" color="cyan">
         <name>.bss</name>
         <run_address>0x20000000</run_address>
         <size>0x753c</size>
         <contents>
            <object_component_ref idref="oc-7c"/>
            <object_component_ref idref="oc-7d"/>
            <object_component_ref idref="oc-7e"/>
            <object_component_ref idref="oc-77"/>
            <object_component_ref idref="oc-7a"/>
            <object_component_ref idref="oc-7b"/>
         </contents>
      </logical_group>
      <logical_group id="lg-c" display="no" color="cyan">
         <name>.sysmem</name>
         <run_address>0x0</run_address>
         <size>0x0</size>
         <contents>
         </contents>
      </logical_group>
      <logical_group id="lg-d" display="no" color="cyan">
         <name>.stack</name>
         <run_address>0x20007540</run_address>
         <size>0x200</size>
         <contents>
            <object_component_ref idref="oc-24"/>
            <object_component_ref idref="oc-18e"/>
         </contents>
      </logical_group>
      <logical_group id="lg-160" display="no" color="cyan">
         <name>.TI.noinit</name>
         <run_address>0x0</run_address>
         <size>0x0</size>
         <contents>
         </contents>
      </logical_group>
      <logical_group id="lg-161" display="no" color="cyan">
         <name>.TI.persistent</name>
         <run_address>0x0</run_address>
         <size>0x0</size>
         <contents>
         </contents>
      </logical_group>
      <logical_group id="lg-162" display="no" color="cyan">
         <name>__llvm_prf_cnts</name>
         <run_address>0x20000000</run_address>
         <size>0x0</size>
         <contents>
         </contents>
      </logical_group>
      <logical_group id="lg-171" display="never" color="cyan">
         <name>.debug_info</name>
         <load_address>0x0</load_address>
         <run_address>0x0</run_address>
         <size>0x7371</size>
         <contents>
            <object_component_ref idref="oc-78"/>
            <object_component_ref idref="oc-75"/>
            <object_component_ref idref="oc-2e"/>
            <object_component_ref idref="oc-87"/>
            <object_component_ref idref="oc-3c"/>
            <object_component_ref idref="oc-bd"/>
            <object_component_ref idref="oc-80"/>
            <object_component_ref idref="oc-35"/>
            <object_component_ref idref="oc-13"/>
            <object_component_ref idref="oc-29"/>
            <object_component_ref idref="oc-a0"/>
            <object_component_ref idref="oc-54"/>
            <object_component_ref idref="oc-9b"/>
            <object_component_ref idref="oc-c9"/>
            <object_component_ref idref="oc-4c"/>
            <object_component_ref idref="oc-1c"/>
            <object_component_ref idref="oc-47"/>
            <object_component_ref idref="oc-93"/>
            <object_component_ref idref="oc-91"/>
            <object_component_ref idref="oc-16"/>
            <object_component_ref idref="oc-37"/>
            <object_component_ref idref="oc-c2"/>
            <object_component_ref idref="oc-8c"/>
            <object_component_ref idref="oc-25"/>
            <object_component_ref idref="oc-60"/>
            <object_component_ref idref="oc-44"/>
            <object_component_ref idref="oc-a2"/>
            <object_component_ref idref="oc-11b"/>
            <object_component_ref idref="oc-df"/>
            <object_component_ref idref="oc-140"/>
            <object_component_ref idref="oc-154"/>
            <object_component_ref idref="oc-145"/>
            <object_component_ref idref="oc-14a"/>
            <object_component_ref idref="oc-ab"/>
            <object_component_ref idref="oc-d6"/>
            <object_component_ref idref="oc-18f"/>
         </contents>
      </logical_group>
      <logical_group id="lg-173" display="never" color="cyan">
         <name>.debug_line</name>
         <load_address>0x0</load_address>
         <run_address>0x0</run_address>
         <size>0x1d7b</size>
         <contents>
            <object_component_ref idref="oc-bc"/>
            <object_component_ref idref="oc-ba"/>
            <object_component_ref idref="oc-31"/>
            <object_component_ref idref="oc-8a"/>
            <object_component_ref idref="oc-3f"/>
            <object_component_ref idref="oc-c0"/>
            <object_component_ref idref="oc-83"/>
            <object_component_ref idref="oc-86"/>
            <object_component_ref idref="oc-34"/>
            <object_component_ref idref="oc-2c"/>
            <object_component_ref idref="oc-cf"/>
            <object_component_ref idref="oc-58"/>
            <object_component_ref idref="oc-9e"/>
            <object_component_ref idref="oc-cc"/>
            <object_component_ref idref="oc-99"/>
            <object_component_ref idref="oc-1f"/>
            <object_component_ref idref="oc-4a"/>
            <object_component_ref idref="oc-96"/>
            <object_component_ref idref="oc-c8"/>
            <object_component_ref idref="oc-1a"/>
            <object_component_ref idref="oc-3a"/>
            <object_component_ref idref="oc-c5"/>
            <object_component_ref idref="oc-8f"/>
            <object_component_ref idref="oc-72"/>
            <object_component_ref idref="oc-64"/>
            <object_component_ref idref="oc-42"/>
            <object_component_ref idref="oc-a5"/>
            <object_component_ref idref="oc-13f"/>
            <object_component_ref idref="oc-e2"/>
            <object_component_ref idref="oc-143"/>
            <object_component_ref idref="oc-157"/>
            <object_component_ref idref="oc-148"/>
            <object_component_ref idref="oc-14d"/>
            <object_component_ref idref="oc-a8"/>
            <object_component_ref idref="oc-d4"/>
         </contents>
      </logical_group>
      <logical_group id="lg-175" display="never" color="cyan">
         <name>.debug_frame</name>
         <load_address>0x0</load_address>
         <run_address>0x0</run_address>
         <size>0xd9c</size>
         <contents>
            <object_component_ref idref="oc-32"/>
            <object_component_ref idref="oc-28"/>
            <object_component_ref idref="oc-57"/>
            <object_component_ref idref="oc-20"/>
            <object_component_ref idref="oc-19"/>
            <object_component_ref idref="oc-63"/>
            <object_component_ref idref="oc-e3"/>
            <object_component_ref idref="oc-aa"/>
            <object_component_ref idref="oc-d3"/>
         </contents>
      </logical_group>
      <logical_group id="lg-177" display="never" color="cyan">
         <name>.debug_abbrev</name>
         <load_address>0x0</load_address>
         <run_address>0x0</run_address>
         <size>0xabd</size>
         <contents>
            <object_component_ref idref="oc-bb"/>
            <object_component_ref idref="oc-b9"/>
            <object_component_ref idref="oc-7f"/>
            <object_component_ref idref="oc-89"/>
            <object_component_ref idref="oc-3e"/>
            <object_component_ref idref="oc-bf"/>
            <object_component_ref idref="oc-82"/>
            <object_component_ref idref="oc-85"/>
            <object_component_ref idref="oc-33"/>
            <object_component_ref idref="oc-73"/>
            <object_component_ref idref="oc-ce"/>
            <object_component_ref idref="oc-a6"/>
            <object_component_ref idref="oc-9d"/>
            <object_component_ref idref="oc-cb"/>
            <object_component_ref idref="oc-98"/>
            <object_component_ref idref="oc-46"/>
            <object_component_ref idref="oc-49"/>
            <object_component_ref idref="oc-95"/>
            <object_component_ref idref="oc-c7"/>
            <object_component_ref idref="oc-36"/>
            <object_component_ref idref="oc-39"/>
            <object_component_ref idref="oc-c4"/>
            <object_component_ref idref="oc-8e"/>
            <object_component_ref idref="oc-71"/>
            <object_component_ref idref="oc-b0"/>
            <object_component_ref idref="oc-92"/>
            <object_component_ref idref="oc-d0"/>
            <object_component_ref idref="oc-13e"/>
            <object_component_ref idref="oc-11a"/>
            <object_component_ref idref="oc-142"/>
            <object_component_ref idref="oc-156"/>
            <object_component_ref idref="oc-147"/>
            <object_component_ref idref="oc-14c"/>
            <object_component_ref idref="oc-d1"/>
            <object_component_ref idref="oc-110"/>
            <object_component_ref idref="oc-190"/>
         </contents>
      </logical_group>
      <logical_group id="lg-179" display="never" color="cyan">
         <name>.debug_str</name>
         <load_address>0x0</load_address>
         <run_address>0x0</run_address>
         <size>0x15da</size>
         <contents>
            <object_component_ref idref="oc-8b"/>
            <object_component_ref idref="oc-40"/>
            <object_component_ref idref="oc-c1"/>
            <object_component_ref idref="oc-84"/>
            <object_component_ref idref="oc-9f"/>
            <object_component_ref idref="oc-cd"/>
            <object_component_ref idref="oc-4b"/>
            <object_component_ref idref="oc-97"/>
            <object_component_ref idref="oc-3b"/>
            <object_component_ref idref="oc-c6"/>
            <object_component_ref idref="oc-90"/>
            <object_component_ref idref="oc-144"/>
            <object_component_ref idref="oc-158"/>
            <object_component_ref idref="oc-149"/>
            <object_component_ref idref="oc-14e"/>
         </contents>
      </logical_group>
      <logical_group id="lg-17b" display="never" color="cyan">
         <name>.debug_aranges</name>
         <load_address>0x0</load_address>
         <run_address>0x0</run_address>
         <size>0x598</size>
         <contents>
            <object_component_ref idref="oc-2f"/>
            <object_component_ref idref="oc-2b"/>
            <object_component_ref idref="oc-56"/>
            <object_component_ref idref="oc-1d"/>
            <object_component_ref idref="oc-17"/>
            <object_component_ref idref="oc-61"/>
            <object_component_ref idref="oc-43"/>
            <object_component_ref idref="oc-a3"/>
            <object_component_ref idref="oc-e0"/>
            <object_component_ref idref="oc-a9"/>
            <object_component_ref idref="oc-d5"/>
         </contents>
      </logical_group>
      <logical_group id="lg-17d" display="never" color="cyan">
         <name>.debug_pubnames</name>
         <load_address>0x0</load_address>
         <run_address>0x0</run_address>
         <size>0xf47</size>
         <contents>
            <object_component_ref idref="oc-79"/>
            <object_component_ref idref="oc-76"/>
            <object_component_ref idref="oc-30"/>
            <object_component_ref idref="oc-14"/>
            <object_component_ref idref="oc-2a"/>
            <object_component_ref idref="oc-55"/>
            <object_component_ref idref="oc-1e"/>
            <object_component_ref idref="oc-18"/>
            <object_component_ref idref="oc-26"/>
            <object_component_ref idref="oc-62"/>
            <object_component_ref idref="oc-45"/>
            <object_component_ref idref="oc-a4"/>
            <object_component_ref idref="oc-e1"/>
            <object_component_ref idref="oc-ac"/>
            <object_component_ref idref="oc-d7"/>
         </contents>
      </logical_group>
      <logical_group id="lg-17f" display="never" color="cyan">
         <name>.debug_pubtypes</name>
         <load_address>0x0</load_address>
         <run_address>0x0</run_address>
         <size>0x9a5</size>
         <contents>
            <object_component_ref idref="oc-88"/>
            <object_component_ref idref="oc-3d"/>
            <object_component_ref idref="oc-be"/>
            <object_component_ref idref="oc-81"/>
            <object_component_ref idref="oc-9c"/>
            <object_component_ref idref="oc-ca"/>
            <object_component_ref idref="oc-48"/>
            <object_component_ref idref="oc-94"/>
            <object_component_ref idref="oc-38"/>
            <object_component_ref idref="oc-c3"/>
            <object_component_ref idref="oc-8d"/>
            <object_component_ref idref="oc-141"/>
            <object_component_ref idref="oc-155"/>
            <object_component_ref idref="oc-146"/>
            <object_component_ref idref="oc-14b"/>
         </contents>
      </logical_group>
      <logical_group id="lg-18d" display="no" color="cyan">
         <name>Veneer$$CMSE</name>
         <run_address>0x0</run_address>
         <size>0x0</size>
         <contents>
         </contents>
      </logical_group>
      <load_segment id="lg-192" display="no" color="cyan">
         <name>SEGMENT_0</name>
         <load_address>0x0</load_address>
         <run_address>0x0</run_address>
         <size>0x1500</size>
         <flags>0x5</flags>
         <contents>
            <logical_group_ref idref="lg-3"/>
            <logical_group_ref idref="lg-4"/>
            <logical_group_ref idref="lg-6"/>
         </contents>
      </load_segment>
      <load_segment id="lg-193" display="no" color="cyan">
         <name>SEGMENT_1</name>
         <run_address>0x20000000</run_address>
         <size>0x7810</size>
         <flags>0x6</flags>
         <contents>
            <logical_group_ref idref="lg-b"/>
            <logical_group_ref idref="lg-d"/>
            <logical_group_ref idref="lg-a"/>
         </contents>
      </load_segment>
   </logical_group_list>
   <placement_map>
      <memory_area display="yes" color="green">
         <name>FLASH</name>
         <page_id>0x0</page_id>
         <origin>0x0</origin>
         <length>0x40000</length>
         <used_space>0x14fa</used_space>
         <unused_space>0x3eb06</unused_space>
         <attributes>RX</attributes>
         <usage_details>
            <allocated_space>
               <start_address>0x0</start_address>
               <size>0x26c</size>
               <logical_group_ref idref="lg-3"/>
            </allocated_space>
            <allocated_space>
               <start_address>0x26c</start_address>
               <size>0x120e</size>
               <logical_group_ref idref="lg-4"/>
            </allocated_space>
            <available_space>
               <start_address>0x147a</start_address>
               <size>0x6</size>
            </available_space>
            <allocated_space>
               <start_address>0x1480</start_address>
               <size>0x80</size>
               <logical_group_ref idref="lg-6"/>
            </allocated_space>
            <available_space>
               <start_address>0x1500</start_address>
               <size>0x3eb00</size>
            </available_space>
         </usage_details>
      </memory_area>
      <memory_area display="yes" color="green">
         <name>SRAM</name>
         <page_id>0x0</page_id>
         <origin>0x20000000</origin>
         <length>0x8000</length>
         <used_space>0x780c</used_space>
         <unused_space>0x7f4</unused_space>
         <attributes>RWX</attributes>
         <usage_details>
            <allocated_space>
               <start_address>0x20000000</start_address>
               <size>0x0</size>
               <logical_group_ref idref="lg-162"/>
            </allocated_space>
            <allocated_space>
               <start_address>0x20000000</start_address>
               <size>0x753c</size>
               <logical_group_ref idref="lg-b"/>
            </allocated_space>
            <available_space>
               <start_address>0x2000753c</start_address>
               <size>0x4</size>
            </available_space>
            <allocated_space>
               <start_address>0x20007540</start_address>
               <size>0x200</size>
               <logical_group_ref idref="lg-d"/>
            </allocated_space>
            <allocated_space>
               <start_address>0x20007740</start_address>
               <size>0xd0</size>
               <logical_group_ref idref="lg-a"/>
            </allocated_space>
            <available_space>
               <start_address>0x20007810</start_address>
               <size>0x7f0</size>
            </available_space>
         </usage_details>
      </memory_area>
   </placement_map>
   <cptbl_list>
      <cptbl>
         <name>__TI_cinit_table</name>
         <cprec>
            <name>.data</name>
            <load_address>0x1480</load_address>
            <load_size>0x59</load_size>
            <run_address>0x20007740</run_address>
            <run_size>0xd0</run_size>
            <compression>lzss</compression>
         </cprec>
         <cprec>
            <name>.bss</name>
            <load_address>0x14e8</load_address>
            <load_size>0x8</load_size>
            <run_address>0x20000000</run_address>
            <run_size>0x753c</run_size>
            <compression>zero_init</compression>
         </cprec>
      </cptbl>
   </cptbl_list>
   <handler_table>
      <handler_table_name>__TI_handler_table</handler_table_name>
      <handler>
         <index>0x0</index>
         <name>__TI_decompress_lzss</name>
      </handler>
      <handler>
         <index>0x1</index>
         <name>__TI_decompress_none</name>
      </handler>
      <handler>
         <index>0x2</index>
         <name>__TI_zero_init</name>
      </handler>
   </handler_table>
   <symbol_table>
      <symbol id="sm-1">
         <name>__STACK_TOP</name>
         <value>0x20007740</value>
      </symbol>
      <symbol id="sm-2">
         <name>__start___llvm_prf_cnts</name>
         <value>0x20000000</value>
      </symbol>
      <symbol id="sm-3">
         <name>__stop___llvm_prf_cnts</name>
         <value>0x20000000</value>
      </symbol>
      <symbol id="sm-4">
         <name>__TI_CINIT_Base</name>
         <value>0x14f0</value>
      </symbol>
      <symbol id="sm-5">
         <name>__TI_CINIT_Limit</name>
         <value>0x1500</value>
      </symbol>
      <symbol id="sm-6">
         <name>__TI_Handler_Table_Base</name>
         <value>0x14dc</value>
      </symbol>
      <symbol id="sm-7">
         <name>__TI_Handler_Table_Limit</name>
         <value>0x14e8</value>
      </symbol>
      <symbol id="sm-8">
         <name>binit</name>
         <value>0xffffffff</value>
      </symbol>
      <symbol id="sm-9">
         <name>__binit__</name>
         <value>0xffffffff</value>
      </symbol>
      <symbol id="sm-a">
         <name>__STACK_SIZE</name>
         <value>0x200</value>
      </symbol>
      <symbol id="sm-b">
         <name>__STACK_END</name>
         <value>0x20007740</value>
      </symbol>
      <symbol id="sm-c">
         <name>__c_args__</name>
         <value>0xffffffff</value>
      </symbol>
      <symbol id="sm-d">
         <name>__TI_pprof_out_hndl</name>
         <value>0xffffffff</value>
      </symbol>
      <symbol id="sm-e">
         <name>__TI_prof_data_start</name>
         <value>0xffffffff</value>
      </symbol>
      <symbol id="sm-f">
         <name>__TI_prof_data_size</name>
         <value>0xffffffff</value>
      </symbol>
      <symbol id="sm-19b">
         <name>vet1</name>
         <value>0x20000000</value>
      </symbol>
      <symbol id="sm-19c">
         <name>vet2</name>
         <value>0x20002710</value>
      </symbol>
      <symbol id="sm-19d">
         <name>vet3</name>
         <value>0x20004e20</value>
      </symbol>
      <symbol id="sm-19e">
         <name>var1</name>
         <value>0x20007530</value>
      </symbol>
      <symbol id="sm-19f">
         <name>var2</name>
         <value>0x20007534</value>
      </symbol>
      <symbol id="sm-1a0">
         <name>var3</name>
         <value>0x20007538</value>
      </symbol>
      <symbol id="sm-1a1">
         <name>Timer0A_Init</name>
         <value>0xe15</value>
         <object_component_ref idref="oc-2d"/>
      </symbol>
      <symbol id="sm-1a2">
         <name>Timer0A_Handler</name>
         <value>0x51d</value>
         <object_component_ref idref="oc-2d"/>
      </symbol>
      <symbol id="sm-1a3">
         <name>velocidade</name>
         <value>0x20007758</value>
         <object_component_ref idref="oc-74"/>
      </symbol>
      <symbol id="sm-1a4">
         <name>Duty</name>
         <value>0x20007784</value>
         <object_component_ref idref="oc-74"/>
      </symbol>
      <symbol id="sm-1a5">
         <name>RPM_ref</name>
         <value>0x200077e4</value>
         <object_component_ref idref="oc-74"/>
      </symbol>
      <symbol id="sm-1a6">
         <name>KiRPM</name>
         <value>0x200077ec</value>
         <object_component_ref idref="oc-74"/>
      </symbol>
      <symbol id="sm-1a7">
         <name>teste</name>
         <value>0x200077a8</value>
         <object_component_ref idref="oc-74"/>
      </symbol>
      <symbol id="sm-1a8">
         <name>IFilt</name>
         <value>0x2000775c</value>
         <object_component_ref idref="oc-74"/>
      </symbol>
      <symbol id="sm-1a9">
         <name>dir</name>
         <value>0x200077c0</value>
         <object_component_ref idref="oc-74"/>
      </symbol>
      <symbol id="sm-1aa">
         <name>ADC_Init</name>
         <value>0xd4d</value>
         <object_component_ref idref="oc-2d"/>
      </symbol>
      <symbol id="sm-1ab">
         <name>Ta</name>
         <value>0x200077dc</value>
         <object_component_ref idref="oc-74"/>
      </symbol>
      <symbol id="sm-1ac">
         <name>Duty_antigo</name>
         <value>0x20007794</value>
         <object_component_ref idref="oc-74"/>
      </symbol>
      <symbol id="sm-1ad">
         <name>Vmedido</name>
         <value>0x20007774</value>
         <object_component_ref idref="oc-74"/>
      </symbol>
      <symbol id="sm-1ae">
         <name>Iref_antigo</name>
         <value>0x2000778c</value>
         <object_component_ref idref="oc-74"/>
      </symbol>
      <symbol id="sm-1af">
         <name>IFilt_antigo</name>
         <value>0x20007764</value>
         <object_component_ref idref="oc-74"/>
      </symbol>
      <symbol id="sm-1b0">
         <name>x</name>
         <value>0x200077a0</value>
         <object_component_ref idref="oc-74"/>
      </symbol>
      <symbol id="sm-1b1">
         <name>i</name>
         <value>0x200077a4</value>
         <object_component_ref idref="oc-74"/>
      </symbol>
      <symbol id="sm-1b2">
         <name>Iref</name>
         <value>0x20007780</value>
         <object_component_ref idref="oc-74"/>
      </symbol>
      <symbol id="sm-1b3">
         <name>PortE_Init</name>
         <value>0xeb7</value>
         <object_component_ref idref="oc-2d"/>
      </symbol>
      <symbol id="sm-1b4">
         <name>PortF_Init</name>
         <value>0x100d</value>
         <object_component_ref idref="oc-2d"/>
      </symbol>
      <symbol id="sm-1b5">
         <name>FREQ_AD</name>
         <value>0x20007748</value>
         <object_component_ref idref="oc-74"/>
      </symbol>
      <symbol id="sm-1b6">
         <name>main</name>
         <value>0x26d</value>
         <object_component_ref idref="oc-2d"/>
      </symbol>
      <symbol id="sm-1b7">
         <name>PWMGERAL</name>
         <value>0x20007740</value>
         <object_component_ref idref="oc-74"/>
      </symbol>
      <symbol id="sm-1b8">
         <name>delay</name>
         <value>0x20007744</value>
         <object_component_ref idref="oc-74"/>
      </symbol>
      <symbol id="sm-1b9">
         <name>Err_RPM_antigo</name>
         <value>0x20007788</value>
         <object_component_ref idref="oc-74"/>
      </symbol>
      <symbol id="sm-1ba">
         <name>Imedido_antigo</name>
         <value>0x20007760</value>
[...]
         <value>0x11b1</value>
         <object_component_ref idref="oc-27"/>
      </symbol>
      <symbol id="sm-300">
         <name>PWM0Fault_Handler</name>
         <value>0x1177</value>
         <object_component_ref idref="oc-27"/>
      </symbol>
      <symbol id="sm-301">
         <name>ExtBus_Handler</name>
         <value>0x11cf</value>
         <object_component_ref idref="oc-27"/>
      </symbol>
      <symbol id="sm-302">
         <name>GPIOPortP1_Handler</name>
         <value>0x121d</value>
         <object_component_ref idref="oc-27"/>
      </symbol>
      <symbol id="sm-303">
         <name>PWM0Generator3_Handler</name>
         <value>0x11bf</value>
         <object_component_ref idref="oc-27"/>
      </symbol>
      <symbol id="sm-304">
         <name>I2C2_Handler</name>
         <value>0x11e5</value>
         <object_component_ref idref="oc-27"/>
      </symbol>
      <symbol id="sm-305">
         <name>Timer1A_Handler</name>
         <value>0x118f</value>
         <object_component_ref idref="oc-27"/>
      </symbol>
      <symbol id="sm-306">
         <name>Timer3A_Handler</name>
         <value>0x11ab</value>
         <object_component_ref idref="oc-27"/>
      </symbol>
      <symbol id="sm-307">
         <name>Timer5A_Handler</name>
         <value>0x11ed</value>
         <object_component_ref idref="oc-27"/>
      </symbol>
      <symbol id="sm-308">
         <name>GPIOPortL_Handler</name>
         <value>0x11d5</value>
         <object_component_ref idref="oc-27"/>
      </symbol>
      <symbol id="sm-309">
         <name>WDT_Handler</name>
         <value>0x1189</value>
         <object_component_ref idref="oc-27"/>
      </symbol>
      <symbol id="sm-30a">
         <name>WideTimer3A_Handler</name>
         <value>0x11fd</value>
         <object_component_ref idref="oc-27"/>
      </symbol>
      <symbol id="sm-30b">
         <name>WideTimer1A_Handler</name>
         <value>0x11f5</value>
         <object_component_ref idref="oc-27"/>
      </symbol>
      <symbol id="sm-30c">
         <name>WideTimer5A_Handler</name>
         <value>0x1205</value>
         <object_component_ref idref="oc-27"/>
      </symbol>
      <symbol id="sm-30d">
         <name>GPIOPortG_Handler</name>
         <value>0x11a3</value>
         <object_component_ref idref="oc-27"/>
      </symbol>
      <symbol id="sm-30e">
         <name>GPIOPortQ5_Handler</name>
         <value>0x1235</value>
         <object_component_ref idref="oc-27"/>
      </symbol>
      <symbol id="sm-30f">
         <name>UART5_Handler</name>
         <value>0x11df</value>
         <object_component_ref idref="oc-27"/>
      </symbol>
      <symbol id="sm-310">
         <name>CAN2_Handler</name>
         <value>0x11b7</value>
         <object_component_ref idref="oc-27"/>
      </symbol>
      <symbol id="sm-311">
         <name>StartCritical</name>
         <value>0x1251</value>
         <object_component_ref idref="oc-27"/>
      </symbol>
      <symbol id="sm-312">
         <name>GPIOPortP3_Handler</name>
         <value>0x1221</value>
         <object_component_ref idref="oc-27"/>
      </symbol>
      <symbol id="sm-313">
         <name>GPIOPortP_Handler</name>
         <value>0x121b</value>
         <object_component_ref idref="oc-27"/>
      </symbol>
      <symbol id="sm-314">
         <name>Comp1_Handler</name>
         <value>0x1199</value>
         <object_component_ref idref="oc-27"/>
      </symbol>
      <symbol id="sm-315">
         <name>Timer0B_Handler</name>
         <value>0x118d</value>
         <object_component_ref idref="oc-27"/>
      </symbol>
      <symbol id="sm-316">
         <name>Timer2B_Handler</name>
         <value>0x1195</value>
         <object_component_ref idref="oc-27"/>
      </symbol>
      <symbol id="sm-317">
         <name>Timer4B_Handler</name>
         <value>0x11eb</value>
         <object_component_ref idref="oc-27"/>
      </symbol>
      <symbol id="sm-318">
         <name>PWM0Generator1_Handler</name>
         <value>0x117b</value>
         <object_component_ref idref="oc-27"/>
      </symbol>
      <symbol id="sm-319">
         <name>ResetISR</name>
         <value>0x1151</value>
         <object_component_ref idref="oc-27"/>
      </symbol>
      <symbol id="sm-31a">
         <name>PECI0_Handler</name>
         <value>0x120b</value>
         <object_component_ref idref="oc-27"/>
      </symbol>
      <symbol id="sm-31b">
         <name>LPC0_Handler</name>
         <value>0x120d</value>
         <object_component_ref idref="oc-27"/>
      </symbol>
      <symbol id="sm-31c">
         <name>PWM1Generator2_Handler</name>
         <value>0x1243</value>
         <object_component_ref idref="oc-27"/>
      </symbol>
      <symbol id="sm-31d">
         <name>I2C5_Handler</name>
         <value>0x1211</value>
         <object_component_ref idref="oc-27"/>
      </symbol>
      <symbol id="sm-31e">
         <name>GPIOPortN_Handler</name>
         <value>0x1215</value>
         <object_component_ref idref="oc-27"/>
      </symbol>
      <symbol id="sm-31f">
         <name>ADC1Seq2_Handler</name>
         <value>0x11c9</value>
         <object_component_ref idref="oc-27"/>
      </symbol>
      <symbol id="sm-320">
         <name>GPIOPortQ7_Handler</name>
         <value>0x1239</value>
         <object_component_ref idref="oc-27"/>
      </symbol>
      <symbol id="sm-321">
         <name>UART7_Handler</name>
         <value>0x11e3</value>
         <object_component_ref idref="oc-27"/>
      </symbol>
      <symbol id="sm-322">
         <name>ADC0Seq3_Handler</name>
         <value>0x1187</value>
         <object_component_ref idref="oc-27"/>
      </symbol>
      <symbol id="sm-323">
         <name>WideTimer2A_Handler</name>
         <value>0x11f9</value>
         <object_component_ref idref="oc-27"/>
      </symbol>
      <symbol id="sm-324">
         <name>WideTimer0A_Handler</name>
         <value>0x11f1</value>
         <object_component_ref idref="oc-27"/>
      </symbol>
      <symbol id="sm-325">
         <name>WideTimer4A_Handler</name>
         <value>0x1201</value>
         <object_component_ref idref="oc-27"/>
      </symbol>
      <symbol id="sm-326">
         <name>GPIOPortP5_Handler</name>
         <value>0x1225</value>
         <object_component_ref idref="oc-27"/>
      </symbol>
      <symbol id="sm-327">
         <name>GPIOPortR_Handler</name>
         <value>0x123b</value>
         <object_component_ref idref="oc-27"/>
      </symbol>
      <symbol id="sm-328">
         <name>USB0_Handler</name>
         <value>0x11bd</value>
         <object_component_ref idref="oc-27"/>
      </symbol>
      <symbol id="sm-329">
         <name>PWM1Generator0_Handler</name>
         <value>0x123f</value>
         <object_component_ref idref="oc-27"/>
      </symbol>
      <symbol id="sm-32a">
         <name>EndCritical</name>
         <value>0x1259</value>
         <object_component_ref idref="oc-27"/>
      </symbol>
      <symbol id="sm-32b">
         <name>SSI1_Handler</name>
         <value>0x11a9</value>
         <object_component_ref idref="oc-27"/>
      </symbol>
      <symbol id="sm-32c">
         <name>Timer1B_Handler</name>
         <value>0x1191</value>
         <object_component_ref idref="oc-27"/>
      </symbol>
      <symbol id="sm-32d">
         <name>Timer3B_Handler</name>
         <value>0x11ad</value>
         <object_component_ref idref="oc-27"/>
      </symbol>
      <symbol id="sm-32e">
         <name>Timer5B_Handler</name>
         <value>0x11ef</value>
         <object_component_ref idref="oc-27"/>
      </symbol>
      <symbol id="sm-32f">
         <name>ADC1Seq0_Handler</name>
         <value>0x11c5</value>
         <object_component_ref idref="oc-27"/>
      </symbol>
      <symbol id="sm-330">
         <name>GPIOPortK_Handler</name>
         <value>0x11d3</value>
         <object_component_ref idref="oc-27"/>
      </symbol>
      <symbol id="sm-331">
         <name>WideTimer3B_Handler</name>
         <value>0x11ff</value>
         <object_component_ref idref="oc-27"/>
      </symbol>
      <symbol id="sm-332">
         <name>WideTimer1B_Handler</name>
         <value>0x11f7</value>
         <object_component_ref idref="oc-27"/>
      </symbol>
      <symbol id="sm-333">
         <name>WideTimer5B_Handler</name>
         <value>0x1207</value>
         <object_component_ref idref="oc-27"/>
      </symbol>
      <symbol id="sm-334">
         <name>SysCtl_Handler</name>
         <value>0x119d</value>
         <object_component_ref idref="oc-27"/>
      </symbol>
      <symbol id="sm-335">
         <name>GPIOPortB_Handler</name>
         <value>0x1167</value>
         <object_component_ref idref="oc-27"/>
      </symbol>
      <symbol id="sm-336">
         <name>uDMA_Handler</name>
         <value>0x11c1</value>
         <object_component_ref idref="oc-27"/>
      </symbol>
      <symbol id="sm-337">
         <name>ADC0Seq1_Handler</name>
         <value>0x1183</value>
         <object_component_ref idref="oc-27"/>
      </symbol>
      <symbol id="sm-338">
         <name>UART0_Handler</name>
         <value>0x116f</value>
         <object_component_ref idref="oc-27"/>
      </symbol>
      <symbol id="sm-339">
         <name>GPIOPortP7_Handler</name>
         <value>0x1229</value>
         <object_component_ref idref="oc-27"/>
      </symbol>
      <symbol id="sm-33a">
         <name>PWM1Fault_Handler</name>
         <value>0x1247</value>
         <object_component_ref idref="oc-27"/>
      </symbol>
      <symbol id="sm-33b">
         <name>I2C1_Handler</name>
         <value>0x11af</value>
         <object_component_ref idref="oc-27"/>
      </symbol>
      <symbol id="sm-33c">
         <name>SSI3_Handler</name>
         <value>0x11d9</value>
         <object_component_ref idref="oc-27"/>
      </symbol>
      <symbol id="sm-33d">
         <name>GPIOPortM_Handler</name>
         <value>0x1213</value>
         <object_component_ref idref="oc-27"/>
      </symbol>
      <symbol id="sm-33e">
         <name>g_pfnVectors</name>
         <value>0x0</value>
         <object_component_ref idref="oc-12"/>
      </symbol>
      <symbol id="sm-33f">
         <name>GPIOPortD_Handler</name>
         <value>0x116b</value>
         <object_component_ref idref="oc-27"/>
      </symbol>
      <symbol id="sm-340">
         <name>GPIOPortQ2_Handler</name>
         <value>0x122f</value>
         <object_component_ref idref="oc-27"/>
      </symbol>
      <symbol id="sm-341">
         <name>UART2_Handler</name>
         <value>0x11a7</value>
         <object_component_ref idref="oc-27"/>
      </symbol>
      <symbol id="sm-342">
         <name>CAN1_Handler</name>
         <value>0x11b5</value>
         <object_component_ref idref="oc-27"/>
      </symbol>
      <symbol id="sm-343">
         <name>Quadrature0_Handler</name>
         <value>0x117f</value>
         <object_component_ref idref="oc-27"/>
      </symbol>
      <symbol id="sm-344">
         <name>WideTimer2B_Handler</name>
         <value>0x11fb</value>
         <object_component_ref idref="oc-27"/>
      </symbol>
      <symbol id="sm-345">
         <name>WideTimer0B_Handler</name>
         <value>0x11f3</value>
         <object_component_ref idref="oc-27"/>
      </symbol>
      <symbol id="sm-346">
         <name>WideTimer4B_Handler</name>
         <value>0x1203</value>
         <object_component_ref idref="oc-27"/>
      </symbol>
      <symbol id="sm-347">
         <name>GPIOPortQ_Handler</name>
         <value>0x122b</value>
         <object_component_ref idref="oc-27"/>
      </symbol>
      <symbol id="sm-348">
         <name>DisableInterrupts</name>
         <value>0x1249</value>
         <object_component_ref idref="oc-27"/>
      </symbol>
      <symbol id="sm-349">
         <name>Comp0_Handler</name>
         <value>0x1197</value>
         <object_component_ref idref="oc-27"/>
      </symbol>
      <symbol id="sm-34a">
         <name>PWM0Generator2_Handler</name>
         <value>0x117d</value>
         <object_component_ref idref="oc-27"/>
      </symbol>
      <symbol id="sm-34b">
         <name>I2C3_Handler</name>
         <value>0x11e7</value>
         <object_component_ref idref="oc-27"/>
      </symbol>
      <symbol id="sm-34c">
         <name>Ethernet_Handler</name>
         <value>0x11b9</value>
         <object_component_ref idref="oc-27"/>
      </symbol>
      <symbol id="sm-34d">
         <name>PWM1Generator3_Handler</name>
         <value>0x1245</value>
         <object_component_ref idref="oc-27"/>
      </symbol>
      <symbol id="sm-34e">
         <name>I2C4_Handler</name>
         <value>0x120f</value>
         <object_component_ref idref="oc-27"/>
      </symbol>
      <symbol id="sm-34f">
         <name>Fan0_Handler</name>
         <value>0x1219</value>
         <object_component_ref idref="oc-27"/>
      </symbol>
      <symbol id="sm-350">
         <name>WaitForInterrupt</name>
         <value>0x125f</value>
         <object_component_ref idref="oc-27"/>
      </symbol>
      <symbol id="sm-351">
         <name>ADC1Seq3_Handler</name>
         <value>0x11cb</value>
         <object_component_ref idref="oc-27"/>
      </symbol>
      <symbol id="sm-352">
         <name>GPIOPortF_Handler</name>
         <value>0x11a1</value>
         <object_component_ref idref="oc-27"/>
      </symbol>
      <symbol id="sm-353">
         <name>GPIOPortQ4_Handler</name>
         <value>0x1233</value>
         <object_component_ref idref="oc-27"/>
      </symbol>
      <symbol id="sm-354">
         <name>EnableInterrupts</name>
         <value>0x124d</value>
         <object_component_ref idref="oc-27"/>
      </symbol>
      <symbol id="sm-355">
         <name>GPIOPortA_Handler</name>
         <value>0x1165</value>
         <object_component_ref idref="oc-27"/>
      </symbol>
      <symbol id="sm-356">
         <name>UART4_Handler</name>
         <value>0x11dd</value>
         <object_component_ref idref="oc-27"/>
      </symbol>
      <symbol id="sm-357">
         <name>Quadrature2_Handler</name>
         <value>0x1217</value>
         <object_component_ref idref="oc-27"/>
      </symbol>
      <symbol id="sm-358">
         <name>GPIOPortP2_Handler</name>
         <value>0x121f</value>
         <object_component_ref idref="oc-27"/>
      </symbol>
      <symbol id="sm-359">
         <name>GPIOPortS_Handler</name>
         <value>0x123d</value>
         <object_component_ref idref="oc-27"/>
      </symbol>
      <symbol id="sm-35a">
         <name>Comp2_Handler</name>
         <value>0x119b</value>
         <object_component_ref idref="oc-27"/>
      </symbol>
      <symbol id="sm-35b">
         <name>DebugMon_Handler</name>
         <value>0x115f</value>
         <object_component_ref idref="oc-27"/>
      </symbol>
      <symbol id="sm-35c">
         <name>PWM0Generator0_Handler</name>
         <value>0x1179</value>
         <object_component_ref idref="oc-27"/>
      </symbol>
      <symbol id="sm-35d">
         <name>PWM1Generator1_Handler</name>
         <value>0x1241</value>
         <object_component_ref idref="oc-27"/>
      </symbol>
      <symbol id="sm-35e">
         <name>SSI0_Handler</name>
         <value>0x1173</value>
         <object_component_ref idref="oc-27"/>
      </symbol>
      <symbol id="sm-35f">
         <name>ADC1Seq1_Handler</name>
         <value>0x11c7</value>
         <object_component_ref idref="oc-27"/>
      </symbol>
      <symbol id="sm-360">
         <name>GPIOPortH_Handler</name>
         <value>0x11a5</value>
         <object_component_ref idref="oc-27"/>
      </symbol>
      <symbol id="sm-361">
         <name>GPIOPortQ6_Handler</name>
         <value>0x1237</value>
         <object_component_ref idref="oc-27"/>
      </symbol>
      <symbol id="sm-362">
         <name>GPIOPortC_Handler</name>
         <value>0x1169</value>
         <object_component_ref idref="oc-27"/>
      </symbol>
      <symbol id="sm-363">
         <name>GPIOPortQ1_Handler</name>
         <value>0x122d</value>
         <object_component_ref idref="oc-27"/>
      </symbol>
      <symbol id="sm-364">
         <name>UART6_Handler</name>
         <value>0x11e1</value>
         <object_component_ref idref="oc-27"/>
      </symbol>
      <symbol id="sm-365">
         <name>ADC0Seq2_Handler</name>
         <value>0x1185</value>
         <object_component_ref idref="oc-27"/>
      </symbol>
      <symbol id="sm-37c">
         <name>__TI_zero_init</name>
         <value>0x1467</value>
         <object_component_ref idref="oc-53"/>
      </symbol>
      <symbol id="sm-393">
         <name>__TI_decompress_none</name>
         <value>0x1459</value>
         <object_component_ref idref="oc-1b"/>
      </symbol>
      <symbol id="sm-3b6">
         <name>__TI_decompress_lzss</name>
         <value>0x1379</value>
         <object_component_ref idref="oc-15"/>
      </symbol>
      <symbol id="sm-3c9">
         <name>__stack</name>
         <value>0x20007540</value>
         <object_component_ref idref="oc-24"/>
      </symbol>
      <symbol id="sm-3ca">
         <name>_c_int00_noargs</name>
         <value>0x1425</value>
         <object_component_ref idref="oc-5f"/>
      </symbol>
      <symbol id="sm-3e5">
         <name>memcpy</name>
         <value>0x1263</value>
         <object_component_ref idref="oc-41"/>
      </symbol>
      <symbol id="sm-3e6">
         <name>__aeabi_memcpy</name>
         <value>0x1263</value>
         <object_component_ref idref="oc-41"/>
      </symbol>
      <symbol id="sm-3e7">
         <name>__aeabi_memcpy8</name>
         <value>0x1263</value>
         <object_component_ref idref="oc-41"/>
      </symbol>
      <symbol id="sm-3e8">
         <name>__aeabi_memcpy4</name>
         <value>0x1263</value>
         <object_component_ref idref="oc-41"/>
      </symbol>
      <symbol id="sm-3f7">
         <name>__aeabi_memset</name>
         <value>0x1301</value>
         <object_component_ref idref="oc-a1"/>
      </symbol>
      <symbol id="sm-3f8">
         <name>memset</name>
         <value>0x1307</value>
         <object_component_ref idref="oc-a1"/>
      </symbol>
      <symbol id="sm-3f9">
         <name>__aeabi_memset8</name>
         <value>0x1301</value>
         <object_component_ref idref="oc-a1"/>
      </symbol>
      <symbol id="sm-3fa">
         <name>__aeabi_memset4</name>
         <value>0x1301</value>
         <object_component_ref idref="oc-a1"/>
      </symbol>
      <symbol id="sm-3fb">
         <name>__aeabi_memclr8</name>
         <value>0x12ff</value>
         <object_component_ref idref="oc-a1"/>
      </symbol>
      <symbol id="sm-3fc">
         <name>__aeabi_memclr4</name>
         <value>0x12ff</value>
         <object_component_ref idref="oc-a1"/>
      </symbol>
      <symbol id="sm-3fd">
         <name>__aeabi_memclr</name>
         <value>0x12ff</value>
         <object_component_ref idref="oc-a1"/>
      </symbol>
      <symbol id="sm-425">
         <name>__TI_auto_init_nobinit_nopinit</name>
         <value>0x13e1</value>
         <object_component_ref idref="oc-de"/>
      </symbol>
      <symbol id="sm-42f">
         <name>_system_pre_init</name>
         <value>0x1473</value>
         <object_component_ref idref="oc-a7"/>
      </symbol>
      <symbol id="sm-43b">
         <name>C$$EXIT</name>
         <value>0x1477</value>
         <object_component_ref idref="oc-d2"/>
      </symbol>
      <symbol id="sm-43c">
         <name>abort</name>
         <value>0x1477</value>
         <object_component_ref idref="oc-d2"/>
      </symbol>
      <symbol id="sm-43f">
         <name>__TI_static_base__</name>
         <value>0x0</value>
      </symbol>
      <symbol id="sm-442">
         <name>__mpu_init</name>
         <value>0x0</value>
      </symbol>
      <symbol id="sm-443">
         <name>_system_post_cinit</name>
         <value>0x0</value>
      </symbol>
   </symbol_table>
   <title>Link successful</title>
</link_info>
