******************************************************************************
                  TI ARM Linker PC v20.2.7                     
******************************************************************************
>> Linked Wed Dec  4 20:20:14 2024

OUTPUT FILE NAME:   <CONTROLE_BANCADA.out>
ENTRY POINT SYMBOL: "_c_int00_noargs"  address: 00001425


MEMORY CONFIGURATION

         name            origin    length      used     unused   attr    fill
----------------------  --------  ---------  --------  --------  ----  --------
  FLASH                 00000000   00040000  000014fa  0003eb06  R  X
  SRAM                  20000000   00008000  0000780c  000007f4  RW X


SEGMENT ALLOCATION MAP

run origin  load origin   length   init length attrs members
----------  ----------- ---------- ----------- ----- -------
00000000    00000000    00001500   00001500    r-x
  00000000    00000000    0000026c   0000026c    r-- .intvecs
  0000026c    0000026c    0000120e   0000120e    r-x .text
  00001480    00001480    00000080   00000080    r-- .cinit
20000000    20000000    00007810   00000000    rw-
  20000000    20000000    0000753c   00000000    rw- .bss
  20007540    20007540    00000200   00000000    rw- .stack
  20007740    20007740    000000d0   00000000    rw- .data


SECTION ALLOCATION MAP

 output                                  attributes/
section   page    origin      length       input sections
--------  ----  ----------  ----------   ----------------
.intvecs   0    00000000    0000026c     
                  00000000    0000026c     tm4c123gh6pm_startup_ccs.obj (.intvecs)

.text      0    0000026c    0000120e     
                  0000026c    00000ee4     CONTROLE_CC.obj (.text)
                  00001150    00000112     tm4c123gh6pm_startup_ccs.obj (.text)
                  00001262    0000009c     rtsv7M4_T_le_v4SPD16_eabi.lib : memcpy_t2.asm.obj (.text)
                  000012fe    0000007a                                   : memset_t2.asm.obj (.text)
                  00001378    00000068                                   : copy_decompress_lzss.c.obj (.text:decompress:lzss:__TI_decompress_lzss)
                  000013e0    00000044                                   : autoinit.c.obj (.text:__TI_auto_init_nobinit_nopinit:__TI_auto_init_nobinit_nopinit)
                  00001424    00000034                                   : boot_cortex_m.c.obj (.text:_c_int00_noargs:_c_int00_noargs)
                  00001458    0000000e                                   : copy_decompress_none.c.obj (.text:decompress:none:__TI_decompress_none)
                  00001466    0000000c                                   : copy_zero_init.c.obj (.text:decompress:ZI:__TI_zero_init)
                  00001472    00000004                                   : pre_init.c.obj (.text:_system_pre_init)
                  00001476    00000004                                   : exit.c.obj (.text:abort:abort)

.cinit     0    00001480    00000080     
                  00001480    00000059     (.cinit..data.load) [load image, compression = lzss]
                  000014d9    00000003     --HOLE-- [fill = 0]
                  000014dc    0000000c     (__TI_handler_table)
                  000014e8    00000008     (.cinit..bss.load) [load image, compression = zero_init]
                  000014f0    00000010     (__TI_cinit_table)

.init_array 
*          0    00000000    00000000     UNINITIALIZED

.bss       0    20000000    0000753c     UNINITIALIZED
                  20000000    00002710     (.common:vet1)
                  20002710    00002710     (.common:vet2)
                  20004e20    00002710     (.common:vet3)
                  20007530    00000004     (.common:var1)
                  20007534    00000004     (.common:var2)
                  20007538    00000004     (.common:var3)

.data      0    20007740    000000d0     UNINITIALIZED
                  20007740    000000d0     CONTROLE_CC.obj (.data)

.stack     0    20007540    00000200     UNINITIALIZED
                  20007540    00000004     rtsv7M4_T_le_v4SPD16_eabi.lib : boot_cortex_m.c.obj (.stack)
                  20007544    000001fc     --HOLE--

__llvm_prf_cnts 
*          0    20000000    00000000     UNINITIALIZED

MODULE SUMMARY

       Module                         code   ro data   rw data
       ------                         ----   -------   -------
    .\
       CONTROLE_CC.obj                3812   0         30220  
       tm4c123gh6pm_startup_ccs.obj   274    620       0      
    +--+------------------------------+------+---------+---------+
       Total:                         4086   620       30220  
                                                              
    C:\ti\ccs1230\ccs\tools\compiler\ti-cgt-arm_20.2.7.LTS\lib\rtsv7M4_T_le_v4SPD16_eabi.lib
       memcpy_t2.asm.obj              156    0         0      
       memset_t2.asm.obj              122    0         0      
       copy_decompress_lzss.c.obj     104    0         0      
       autoinit.c.obj                 68     0         0      
       boot_cortex_m.c.obj            52     0         0      
       copy_decompress_none.c.obj     14     0         0      
       copy_zero_init.c.obj           12     0         0      
       exit.c.obj                     4      0         0      
       pre_init.c.obj                 4      0         0      
    +--+------------------------------+------+---------+---------+
       Total:                         536    0         0      
                                                              
       Stack:                         0      0         512    
       Linker Generated:              0      125       0      
    +--+------------------------------+------+---------+---------+
       Grand Total:                   4622   745       30732  


LINKER GENERATED COPY TABLES

__TI_cinit_table @ 000014f0 records: 2, size/record: 8, table size: 16
	.data: load addr=00001480, load size=00000059 bytes, run addr=20007740, run size=000000d0 bytes, compression=lzss
	.bss: load addr=000014e8, load size=00000008 bytes, run addr=20000000, run size=0000753c bytes, compression=zero_init


LINKER GENERATED HANDLER TABLE

__TI_handler_table @ 000014dc records: 3, size/record: 4, table size: 12
	index: 0, handler: __TI_decompress_lzss
	index: 1, handler: __TI_decompress_none
	index: 2, handler: __TI_zero_init


GLOBAL SYMBOLS: SORTED ALPHABETICALLY BY Name 

address   name                          
-------   ----                          
200077f8  A1                            
20007800  A2                            
20007768  AD0                           
2000776c  AD1                           
00001181  ADC0Seq0_Handler              
00001183  ADC0Seq1_Handler              
00001185  ADC0Seq2_Handler              
00001187  ADC0Seq3_Handler              
000011c5  ADC1Seq0_Handler              
000011c7  ADC1Seq1_Handler              
000011c9  ADC1Seq2_Handler              
000011cb  ADC1Seq3_Handler              
00000d4d  ADC_Init                      
200077fc  B1                            
20007804  B2                            
00001477  C$$EXIT                       
20007808  C1                            
2000780c  C2                            
000011b3  CAN0_Handler                  
000011b5  CAN1_Handler                  
000011b7  CAN2_Handler                  
00000f05  Clock_Init                    
00001197  Comp0_Handler                 
00001199  Comp1_Handler                 
0000119b  Comp2_Handler                 
20007750  DUTY                          
0000115f  DebugMon_Handler              
00001249  DisableInterrupts             
20007784  Duty                          
20007794  Duty_antigo                   
2000777c  EkI                           
20007790  EkIantigo                     
0000124d  EnableInterrupts              
00001259  EndCritical                   
20007778  Err_RPM                       
20007788  Err_RPM_antigo                
000011b9  Ethernet_Handler              
000011cf  ExtBus_Handler                
00001209  FPU_Handler                   
20007748  FREQ_AD                       
2000774c  FREQ_PWM                      
00001219  Fan0_Handler                  
0000119f  FlashCtl_Handler              
00001165  GPIOPortA_Handler             
00001167  GPIOPortB_Handler             
00001169  GPIOPortC_Handler             
0000116b  GPIOPortD_Handler             
0000116d  GPIOPortE_Handler             
000011a1  GPIOPortF_Handler             
000011a3  GPIOPortG_Handler             
000011a5  GPIOPortH_Handler             
000011d1  GPIOPortJ_Handler             
000011d3  GPIOPortK_Handler             
000011d5  GPIOPortL_Handler             
00001213  GPIOPortM_Handler             
00001215  GPIOPortN_Handler             
0000121d  GPIOPortP1_Handler            
0000121f  GPIOPortP2_Handler            
00001221  GPIOPortP3_Handler            
00001223  GPIOPortP4_Handler            
00001225  GPIOPortP5_Handler            
00001227  GPIOPortP6_Handler            
00001229  GPIOPortP7_Handler            
0000121b  GPIOPortP_Handler             
0000122d  GPIOPortQ1_Handler            
0000122f  GPIOPortQ2_Handler            
00001231  GPIOPortQ3_Handler            
00001233  GPIOPortQ4_Handler            
00001235  GPIOPortQ5_Handler            
00001237  GPIOPortQ6_Handler            
00001239  GPIOPortQ7_Handler            
0000122b  GPIOPortQ_Handler             
0000123b  GPIOPortR_Handler             
0000123d  GPIOPortS_Handler             
000011bb  Hibernate_Handler             
00001175  I2C0_Handler                  
000011af  I2C1_Handler                  
000011e5  I2C2_Handler                  
000011e7  I2C3_Handler                  
0000120f  I2C4_Handler                  
00001211  I2C5_Handler                  
000011cd  I2S0_Handler                  
2000775c  IFilt                         
20007764  IFilt_antigo                  
20007770  Imedido                       
20007760  Imedido_antigo                
20007780  Iref                          
2000778c  Iref_antigo                   
200077ec  KiRPM                         
200077f4  Kicorrente                    
200077e8  KpRPM                         
200077f0  Kpcorrente                    
0000120d  LPC0_Handler                  
0000120b  PECI0_Handler                 
00001177  PWM0Fault_Handler             
00001179  PWM0Generator0_Handler        
0000117b  PWM0Generator1_Handler        
0000117d  PWM0Generator2_Handler        
000011bf  PWM0Generator3_Handler        
00001247  PWM1Fault_Handler             
0000123f  PWM1Generator0_Handler        
00001241  PWM1Generator1_Handler        
00001243  PWM1Generator2_Handler        
00001245  PWM1Generator3_Handler        
00000e61  PWM1_1_Init                   
20007740  PWMGERAL                      
00001161  PendSV_Handler                
00000eb7  PortE_Init                    
0000100d  PortF_Init                    
00000f9d  QEI_INIT                      
0000117f  Quadrature0_Handler           
000011b1  Quadrature1_Handler           
00001217  Quadrature2_Handler           
200077e4  RPM_ref                       
00001151  ResetISR                      
00001173  SSI0_Handler                  
000011a9  SSI1_Handler                  
000011d7  SSI2_Handler                  
000011d9  SSI3_Handler                  
0000115d  SVC_Handler                   
00001251  StartCritical                 
0000119d  SysCtl_Handler                
00001163  SysTick_Handler               
200077dc  Ta                            
0000051d  Timer0A_Handler               
00000e15  Timer0A_Init                  
0000118d  Timer0B_Handler               
0000118f  Timer1A_Handler               
00001191  Timer1B_Handler               
00001193  Timer2A_Handler               
00001195  Timer2B_Handler               
000011ab  Timer3A_Handler               
000011ad  Timer3B_Handler               
000011e9  Timer4A_Handler               
000011eb  Timer4B_Handler               
000011ed  Timer5A_Handler               
000011ef  Timer5B_Handler               
0000116f  UART0_Handler                 
00001171  UART1_Handler                 
000011a7  UART2_Handler                 
000011db  UART3_Handler                 
000011dd  UART4_Handler                 
000011df  UART5_Handler                 
000011e1  UART6_Handler                 
000011e3  UART7_Handler                 
000011bd  USB0_Handler                  
2000779c  VFilt                         
20007774  Vmedido                       
00001189  WDT_Handler                   
0000125f  WaitForInterrupt              
000011f1  WideTimer0A_Handler           
000011f3  WideTimer0B_Handler           
000011f5  WideTimer1A_Handler           
000011f7  WideTimer1B_Handler           
000011f9  WideTimer2A_Handler           
000011fb  WideTimer2B_Handler           
000011fd  WideTimer3A_Handler           
000011ff  WideTimer3B_Handler           
00001201  WideTimer4A_Handler           
00001203  WideTimer4B_Handler           
00001205  WideTimer5A_Handler           
00001207  WideTimer5B_Handler           
20007740  __STACK_END                   
00000200  __STACK_SIZE                  
20007740  __STACK_TOP                   
000014f0  __TI_CINIT_Base               
00001500  __TI_CINIT_Limit              
000014dc  __TI_Handler_Table_Base       
000014e8  __TI_Handler_Table_Limit      
000013e1  __TI_auto_init_nobinit_nopinit
00001379  __TI_decompress_lzss          
00001459  __TI_decompress_none          
ffffffff  __TI_pprof_out_hndl           
ffffffff  __TI_prof_data_size           
ffffffff  __TI_prof_data_start          
00000000  __TI_static_base__            
00001467  __TI_zero_init                
000012ff  __aeabi_memclr                
000012ff  __aeabi_memclr4               
000012ff  __aeabi_memclr8               
00001263  __aeabi_memcpy                
00001263  __aeabi_memcpy4               
00001263  __aeabi_memcpy8               
00001301  __aeabi_memset                
00001301  __aeabi_memset4               
00001301  __aeabi_memset8               
ffffffff  __binit__                     
ffffffff  __c_args__                    
UNDEFED   __mpu_init                    
20007540  __stack                       
20000000  __start___llvm_prf_cnts       
20000000  __stop___llvm_prf_cnts        
00001425  _c_int00_noargs               
UNDEFED   _system_post_cinit            
00001473  _system_pre_init              
200077cc  a1                            
200077d4  a2                            
00001477  abort                         
200077d0  b1                            
200077d8  b2                            
ffffffff  binit                         
200077e0  controleON                    
20007744  delay                         
200077c0  dir                           
200077c8  direcaocorreta                
200077c4  filtrodir                     
00000000  g_pfnVectors                  
200077a4  i                             
0000026d  main                          
00001263  memcpy                        
00001307  memset                        
200077bc  novas_constantes              
200077a8  teste                         
200077ac  tipo_teste                    
20007754  trava                         
000011c3  uDMA_Error                    
000011c1  uDMA_Handler                  
20007530  var1                          
200077b0  var1soma                      
20007534  var2                          
200077b4  var2soma                      
20007538  var3                          
200077b8  var3soma                      
20007758  velocidade                    
20007798  velocidade_antiga             
20000000  vet1                          
20002710  vet2                          
20004e20  vet3                          
200077a0  x                             


GLOBAL SYMBOLS: SORTED BY Symbol Address 

address   name                          
-------   ----                          
00000000  __TI_static_base__            
00000000  g_pfnVectors                  
00000200  __STACK_SIZE                  
0000026d  main                          
0000051d  Timer0A_Handler               
00000d4d  ADC_Init                      
00000e15  Timer0A_Init                  
00000e61  PWM1_1_Init                   
00000eb7  PortE_Init                    
00000f05  Clock_Init                    
00000f9d  QEI_INIT                      
0000100d  PortF_Init                    
00001151  ResetISR                      
0000115d  SVC_Handler                   
0000115f  DebugMon_Handler              
00001161  PendSV_Handler                
00001163  SysTick_Handler               
00001165  GPIOPortA_Handler             
00001167  GPIOPortB_Handler             
00001169  GPIOPortC_Handler             
0000116b  GPIOPortD_Handler             
0000116d  GPIOPortE_Handler             
0000116f  UART0_Handler                 
00001171  UART1_Handler                 
00001173  SSI0_Handler                  
00001175  I2C0_Handler                  
00001177  PWM0Fault_Handler             
00001179  PWM0Generator0_Handler        
0000117b  PWM0Generator1_Handler        
0000117d  PWM0Generator2_Handler        
0000117f  Quadrature0_Handler           
00001181  ADC0Seq0_Handler              
00001183  ADC0Seq1_Handler              
00001185  ADC0Seq2_Handler              
00001187  ADC0Seq3_Handler              
00001189  WDT_Handler                   
0000118d  Timer0B_Handler               
0000118f  Timer1A_Handler               
00001191  Timer1B_Handler               
00001193  Timer2A_Handler               
00001195  Timer2B_Handler               
00001197  Comp0_Handler                 
00001199  Comp1_Handler                 
0000119b  Comp2_Handler                 
0000119d  SysCtl_Handler                
0000119f  FlashCtl_Handler              
000011a1  GPIOPortF_Handler             
000011a3  GPIOPortG_Handler             
000011a5  GPIOPortH_Handler             
000011a7  UART2_Handler                 
000011a9  SSI1_Handler                  
000011ab  Timer3A_Handler               
000011ad  Timer3B_Handler               
000011af  I2C1_Handler                  
000011b1  Quadrature1_Handler           
000011b3  CAN0_Handler                  
000011b5  CAN1_Handler                  
000011b7  CAN2_Handler                  
000011b9  Ethernet_Handler              
000011bb  Hibernate_Handler             
000011bd  USB0_Handler                  
000011bf  PWM0Generator3_Handler        
000011c1  uDMA_Handler                  
000011c3  uDMA_Error                    
000011c5  ADC1Seq0_Handler              
000011c7  ADC1Seq1_Handler              
000011c9  ADC1Seq2_Handler              
000011cb  ADC1Seq3_Handler              
000011cd  I2S0_Handler                  
000011cf  ExtBus_Handler                
000011d1  GPIOPortJ_Handler             
000011d3  GPIOPortK_Handler             
000011d5  GPIOPortL_Handler             
000011d7  SSI2_Handler                  
000011d9  SSI3_Handler                  
000011db  UART3_Handler                 
000011dd  UART4_Handler                 
000011df  UART5_Handler                 
000011e1  UART6_Handler                 
000011e3  UART7_Handler                 
000011e5  I2C2_Handler                  
000011e7  I2C3_Handler                  
000011e9  Timer4A_Handler               
000011eb  Timer4B_Handler               
000011ed  Timer5A_Handler               
000011ef  Timer5B_Handler               
000011f1  WideTimer0A_Handler           
000011f3  WideTimer0B_Handler           
000011f5  WideTimer1A_Handler           
000011f7  WideTimer1B_Handler           
000011f9  WideTimer2A_Handler           
000011fb  WideTimer2B_Handler           
000011fd  WideTimer3A_Handler           
000011ff  WideTimer3B_Handler           
00001201  WideTimer4A_Handler           
00001203  WideTimer4B_Handler           
00001205  WideTimer5A_Handler           
00001207  WideTimer5B_Handler           
00001209  FPU_Handler                   
0000120b  PECI0_Handler                 
0000120d  LPC0_Handler                  
0000120f  I2C4_Handler                  
00001211  I2C5_Handler                  
00001213  GPIOPortM_Handler             
00001215  GPIOPortN_Handler             
00001217  Quadrature2_Handler           
00001219  Fan0_Handler                  
0000121b  GPIOPortP_Handler             
0000121d  GPIOPortP1_Handler            
0000121f  GPIOPortP2_Handler            
00001221  GPIOPortP3_Handler            
00001223  GPIOPortP4_Handler            
00001225  GPIOPortP5_Handler            
00001227  GPIOPortP6_Handler            
00001229  GPIOPortP7_Handler            
0000122b  GPIOPortQ_Handler             
0000122d  GPIOPortQ1_Handler            
0000122f  GPIOPortQ2_Handler            
00001231  GPIOPortQ3_Handler            
00001233  GPIOPortQ4_Handler            
00001235  GPIOPortQ5_Handler            
00001237  GPIOPortQ6_Handler            
00001239  GPIOPortQ7_Handler            
0000123b  GPIOPortR_Handler             
0000123d  GPIOPortS_Handler             
0000123f  PWM1Generator0_Handler        
00001241  PWM1Generator1_Handler        
00001243  PWM1Generator2_Handler        
00001245  PWM1Generator3_Handler        
00001247  PWM1Fault_Handler             
00001249  DisableInterrupts             
0000124d  EnableInterrupts              
00001251  StartCritical                 
00001259  EndCritical                   
0000125f  WaitForInterrupt              
00001263  __aeabi_memcpy                
00001263  __aeabi_memcpy4               
00001263  __aeabi_memcpy8               
00001263  memcpy                        
000012ff  __aeabi_memclr                
000012ff  __aeabi_memclr4               
000012ff  __aeabi_memclr8               
00001301  __aeabi_memset                
00001301  __aeabi_memset4               
00001301  __aeabi_memset8               
00001307  memset                        
00001379  __TI_decompress_lzss          
000013e1  __TI_auto_init_nobinit_nopinit
00001425  _c_int00_noargs               
00001459  __TI_decompress_none          
00001467  __TI_zero_init                
00001473  _system_pre_init              
00001477  C$$EXIT                       
00001477  abort                         
000014dc  __TI_Handler_Table_Base       
000014e8  __TI_Handler_Table_Limit      
000014f0  __TI_CINIT_Base               
00001500  __TI_CINIT_Limit              
20000000  __start___llvm_prf_cnts       
20000000  __stop___llvm_prf_cnts        
20000000  vet1                          
20002710  vet2                          
20004e20  vet3                          
20007530  var1                          
20007534  var2                          
20007538  var3                          
20007540  __stack                       
20007740  PWMGERAL                      
20007740  __STACK_END                   
20007740  __STACK_TOP                   
20007744  delay                         
20007748  FREQ_AD                       
2000774c  FREQ_PWM                      
20007750  DUTY                          
20007754  trava                         
20007758  velocidade                    
2000775c  IFilt                         
20007760  Imedido_antigo                
20007764  IFilt_antigo                  
20007768  AD0                           
2000776c  AD1                           
20007770  Imedido                       
20007774  Vmedido                       
20007778  Err_RPM                       
2000777c  EkI                           
20007780  Iref                          
20007784  Duty                          
20007788  Err_RPM_antigo                
2000778c  Iref_antigo                   
20007790  EkIantigo                     
20007794  Duty_antigo                   
20007798  velocidade_antiga             
2000779c  VFilt                         
200077a0  x                             
200077a4  i                             
200077a8  teste                         
200077ac  tipo_teste                    
200077b0  var1soma                      
200077b4  var2soma                      
200077b8  var3soma                      
200077bc  novas_constantes              
200077c0  dir                           
200077c4  filtrodir                     
200077c8  direcaocorreta                
200077cc  a1                            
200077d0  b1                            
200077d4  a2                            
200077d8  b2                            
200077dc  Ta                            
200077e0  controleON                    
200077e4  RPM_ref                       
200077e8  KpRPM                         
200077ec  KiRPM                         
200077f0  Kpcorrente                    
200077f4  Kicorrente                    
200077f8  A1                            
200077fc  B1                            
20007800  A2                            
20007804  B2                            
20007808  C1                            
2000780c  C2                            
ffffffff  __TI_pprof_out_hndl           
ffffffff  __TI_prof_data_size           
ffffffff  __TI_prof_data_start          
ffffffff  __binit__                     
ffffffff  __c_args__                    
ffffffff  binit                         
UNDEFED   __mpu_init                    
UNDEFED   _system_post_cinit            

[229 symbols]
