******************************************************************************
                  TI ARM Linker PC v20.2.7                     
******************************************************************************
>> Linked Fri Jan 17 13:17:15 2025

OUTPUT FILE NAME:   <Anemometro.out>
ENTRY POINT SYMBOL: "_c_int00_noargs"  address: 0000024d


MEMORY CONFIGURATION

         name            origin    length      used     unused   attr    fill
----------------------  --------  ---------  --------  --------  ----  --------
  RAM                   00000020   ffffffe0  000004a2  fffffb3e  RWIX


SEGMENT ALLOCATION MAP

run origin  load origin   length   init length attrs members
----------  ----------- ---------- ----------- ----- -------
00000020    00000020    00000276   00000276    r-x
  00000020    00000020    00000276   00000276    r-x .text
00000298    00000298    00000218   00000000    rw-
  00000298    00000298    00000014   00000000    rw- .data
  000002b0    000002b0    00000200   00000000    rw- .stack
000004b0    000004b0    00000018   00000018    r--
  000004b0    000004b0    00000018   00000018    r-- .cinit


SECTION ALLOCATION MAP

 output                                  attributes/
section   page    origin      length       input sections
--------  ----  ----------  ----------   ----------------
.text      0    00000020    00000276     
                  00000020    000000e4     main.obj (.text)
                  00000104    0000009c     rtsv7M4_T_be_v4SPD16_eabi.lib : memcpy_t2.asm.obj (.text)
                  000001a0    00000068                                   : copy_decompress_lzss.c.obj (.text:decompress:lzss:__TI_decompress_lzss)
                  00000208    00000044                                   : autoinit.c.obj (.text:__TI_auto_init_nobinit_nopinit:__TI_auto_init_nobinit_nopinit)
                  0000024c    00000034                                   : boot_cortex_m.c.obj (.text:_c_int00_noargs:_c_int00_noargs)
                  00000280    0000000e                                   : copy_decompress_none.c.obj (.text:decompress:none:__TI_decompress_none)
                  0000028e    00000004                                   : pre_init.c.obj (.text:_system_pre_init)
                  00000292    00000004                                   : exit.c.obj (.text:abort:abort)

.data      0    00000298    00000014     UNINITIALIZED
                  00000298    00000014     main.obj (.data)

.cinit     0    000004b0    00000018     
                  000004b0    00000008     (.cinit..data.load) [load image, compression = lzss]
                  000004b8    00000008     (__TI_handler_table)
                  000004c0    00000008     (__TI_cinit_table)

.init_array 
*          0    00000020    00000000     UNINITIALIZED

__llvm_prf_cnts 
*          0    00000020    00000000     UNINITIALIZED

.stack     0    000002b0    00000200     UNINITIALIZED
                  000002b0    00000004     rtsv7M4_T_be_v4SPD16_eabi.lib : boot_cortex_m.c.obj (.stack)
                  000002b4    000001fc     --HOLE--

MODULE SUMMARY

       Module                       code   ro data   rw data
       ------                       ----   -------   -------
    .\
       main.obj                     228    0         20     
    +--+----------------------------+------+---------+---------+
       Total:                       228    0         20     
                                                            
    C:\ti\ccs1230\ccs\tools\compiler\ti-cgt-arm_20.2.7.LTS\lib\rtsv7M4_T_be_v4SPD16_eabi.lib
       memcpy_t2.asm.obj            156    0         0      
       copy_decompress_lzss.c.obj   104    0         0      
       autoinit.c.obj               68     0         0      
       boot_cortex_m.c.obj          52     0         0      
       copy_decompress_none.c.obj   14     0         0      
       exit.c.obj                   4      0         0      
       pre_init.c.obj               4      0         0      
    +--+----------------------------+------+---------+---------+
       Total:                       402    0         0      
                                                            
       Stack:                       0      0         512    
       Linker Generated:            0      24        0      
    +--+----------------------------+------+---------+---------+
       Grand Total:                 630    24        532    


LINKER GENERATED COPY TABLES

__TI_cinit_table @ 000004c0 records: 1, size/record: 8, table size: 8
	.data: load addr=000004b0, load size=00000008 bytes, run addr=00000298, run size=00000014 bytes, compression=lzss


LINKER GENERATED HANDLER TABLE

__TI_handler_table @ 000004b8 records: 2, size/record: 4, table size: 8
	index: 0, handler: __TI_decompress_lzss
	index: 1, handler: __TI_decompress_none


GLOBAL SYMBOLS: SORTED ALPHABETICALLY BY Name 

address   name                          
-------   ----                          
00000293  C$$EXIT                       
000002a0  COUNT                         
0000029c  POSICARD                      
00000298  POSIVELOC                     
UNDEFED   SysCtlClockGet                
UNDEFED   SysCtlDelay                   
000004b0  __STACK_END                   
00000200  __STACK_SIZE                  
000004c0  __TI_CINIT_Base               
000004c8  __TI_CINIT_Limit              
000004b8  __TI_Handler_Table_Base       
000004c0  __TI_Handler_Table_Limit      
00000209  __TI_auto_init_nobinit_nopinit
000001a1  __TI_decompress_lzss          
00000281  __TI_decompress_none          
ffffffff  __TI_pprof_out_hndl           
ffffffff  __TI_prof_data_size           
ffffffff  __TI_prof_data_start          
000004b0  __TI_static_base__            
00000105  __aeabi_memcpy                
00000105  __aeabi_memcpy4               
00000105  __aeabi_memcpy8               
ffffffff  __binit__                     
ffffffff  __c_args__                    
UNDEFED   __mpu_init                    
000002b0  __stack                       
00000020  __start___llvm_prf_cnts       
00000020  __stop___llvm_prf_cnts        
0000024d  _c_int00_noargs               
UNDEFED   _system_post_cinit            
0000028f  _system_pre_init              
00000293  abort                         
000002a8  angulo                        
ffffffff  binit                         
00000021  main                          
00000105  memcpy                        
000002a4  velocidade                    


GLOBAL SYMBOLS: SORTED BY Symbol Address 

address   name                          
-------   ----                          
00000020  __start___llvm_prf_cnts       
00000020  __stop___llvm_prf_cnts        
00000021  main                          
00000105  __aeabi_memcpy                
00000105  __aeabi_memcpy4               
00000105  __aeabi_memcpy8               
00000105  memcpy                        
000001a1  __TI_decompress_lzss          
00000200  __STACK_SIZE                  
00000209  __TI_auto_init_nobinit_nopinit
0000024d  _c_int00_noargs               
00000281  __TI_decompress_none          
0000028f  _system_pre_init              
00000293  C$$EXIT                       
00000293  abort                         
00000298  POSIVELOC                     
0000029c  POSICARD                      
000002a0  COUNT                         
000002a4  velocidade                    
000002a8  angulo                        
000002b0  __stack                       
000004b0  __STACK_END                   
000004b0  __TI_static_base__            
000004b8  __TI_Handler_Table_Base       
000004c0  __TI_CINIT_Base               
000004c0  __TI_Handler_Table_Limit      
000004c8  __TI_CINIT_Limit              
ffffffff  __TI_pprof_out_hndl           
ffffffff  __TI_prof_data_size           
ffffffff  __TI_prof_data_start          
ffffffff  __binit__                     
ffffffff  __c_args__                    
ffffffff  binit                         
UNDEFED   SysCtlClockGet                
UNDEFED   SysCtlDelay                   
UNDEFED   __mpu_init                    
UNDEFED   _system_post_cinit            

[37 symbols]
