******************************************************************************
                  TI ARM Linker PC v20.2.7                     
******************************************************************************
>> Linked Tue Apr 16 14:13:16 2024

OUTPUT FILE NAME:   <BANCADA_EMULACAO.out>
ENTRY POINT SYMBOL: "_c_int00_noargs"  address: 00000f05


MEMORY CONFIGURATION

         name            origin    length      used     unused   attr    fill
----------------------  --------  ---------  --------  --------  ----  --------
  FLASH                 00000000   00040000  00000fd8  0003f028  R  X
  SRAM                  20000000   00008000  00002160  00005ea0  RW X


SEGMENT ALLOCATION MAP

run origin  load origin   length   init length attrs members
----------  ----------- ---------- ----------- ----- -------
00000000    00000000    00000fd8   00000fd8    r-x
  00000000    00000000    0000026c   0000026c    r-- .intvecs
  0000026c    0000026c    00000d3c   00000d3c    r-x .text
  00000fa8    00000fa8    00000030   00000030    r-- .cinit
20000000    20000000    00002160   00000000    rw-
  20000000    20000000    00001f40   00000000    rw- .bss
  20001f40    20001f40    00000200   00000000    rw- .stack
  20002140    20002140    00000020   00000000    rw- .data


SECTION ALLOCATION MAP

 output                                  attributes/
section   page    origin      length       input sections
--------  ----  ----------  ----------   ----------------
.intvecs   0    00000000    0000026c     
                  00000000    0000026c     tm4c123gh6pm_startup_ccs.obj (.intvecs)

.text      0    0000026c    00000d3c     
                  0000026c    0000055c     PWM.obj (.text)
                  000007c8    000001b6     rtsv7M4_T_le_v4SPD16_eabi.lib : fd_add_t2.asm.obj (.text)
                  0000097e    00000136                                   : fd_div_t2.asm.obj (.text)
                  00000ab4    00000112     tm4c123gh6pm_startup_ccs.obj (.text)
                  00000bc6    000000fc     rtsv7M4_T_le_v4SPD16_eabi.lib : fd_mul_t2.asm.obj (.text)
                  00000cc2    0000009c                                   : memcpy_t2.asm.obj (.text)
                  00000d5e    0000007a                                   : memset_t2.asm.obj (.text)
                  00000dd8    00000068                                   : copy_decompress_lzss.c.obj (.text:decompress:lzss:__TI_decompress_lzss)
                  00000e40    00000048                                   : fd_toi_t2.asm.obj (.text)
                  00000e88    00000044                                   : autoinit.c.obj (.text:__TI_auto_init_nobinit_nopinit:__TI_auto_init_nobinit_nopinit)
                  00000ecc    00000038                                   : fs_tod_t2.asm.obj (.text)
                  00000f04    00000034                                   : boot_cortex_m.c.obj (.text:_c_int00_noargs:_c_int00_noargs)
                  00000f38    0000002e                                   : i_tofd_t2.asm.obj (.text)
                  00000f66    00000020                                   : u_tofd_t2.asm.obj (.text)
                  00000f86    0000000e                                   : copy_decompress_none.c.obj (.text:decompress:none:__TI_decompress_none)
                  00000f94    0000000c                                   : copy_zero_init.c.obj (.text:decompress:ZI:__TI_zero_init)
                  00000fa0    00000004                                   : pre_init.c.obj (.text:_system_pre_init)
                  00000fa4    00000004                                   : exit.c.obj (.text:abort:abort)

.cinit     0    00000fa8    00000030     
                  00000fa8    0000000c     (.cinit..data.load) [load image, compression = lzss]
                  00000fb4    0000000c     (__TI_handler_table)
                  00000fc0    00000008     (.cinit..bss.load) [load image, compression = zero_init]
                  00000fc8    00000010     (__TI_cinit_table)

.init_array 
*          0    00000000    00000000     UNINITIALIZED

.bss       0    20000000    00001f40     UNINITIALIZED
                  20000000    00000fa0     (.common:vet0)
                  20000fa0    00000fa0     (.common:vet1)

.data      0    20002140    00000020     UNINITIALIZED
                  20002140    00000020     PWM.obj (.data)

.stack     0    20001f40    00000200     UNINITIALIZED
                  20001f40    00000004     rtsv7M4_T_le_v4SPD16_eabi.lib : boot_cortex_m.c.obj (.stack)
                  20001f44    000001fc     --HOLE--

__llvm_prf_cnts 
*          0    20000000    00000000     UNINITIALIZED

MODULE SUMMARY

       Module                         code   ro data   rw data
       ------                         ----   -------   -------
    .\
       PWM.obj                        1372   0         8032   
       tm4c123gh6pm_startup_ccs.obj   274    620       0      
    +--+------------------------------+------+---------+---------+
       Total:                         1646   620       8032   
                                                              
    C:\ti\ccs1230\ccs\tools\compiler\ti-cgt-arm_20.2.7.LTS\lib\rtsv7M4_T_le_v4SPD16_eabi.lib
       fd_add_t2.asm.obj              438    0         0      
       fd_div_t2.asm.obj              310    0         0      
       fd_mul_t2.asm.obj              252    0         0      
       memcpy_t2.asm.obj              156    0         0      
       memset_t2.asm.obj              122    0         0      
       copy_decompress_lzss.c.obj     104    0         0      
       fd_toi_t2.asm.obj              72     0         0      
       autoinit.c.obj                 68     0         0      
       fs_tod_t2.asm.obj              56     0         0      
       boot_cortex_m.c.obj            52     0         0      
       i_tofd_t2.asm.obj              46     0         0      
       u_tofd_t2.asm.obj              32     0         0      
       copy_decompress_none.c.obj     14     0         0      
       copy_zero_init.c.obj           12     0         0      
       exit.c.obj                     4      0         0      
       pre_init.c.obj                 4      0         0      
    +--+------------------------------+------+---------+---------+
       Total:                         1742   0         0      
                                                              
       Stack:                         0      0         512    
       Linker Generated:              0      48        0      
    +--+------------------------------+------+---------+---------+
       Grand Total:                   3388   668       8544   


LINKER GENERATED COPY TABLES

__TI_cinit_table @ 00000fc8 records: 2, size/record: 8, table size: 16
	.data: load addr=00000fa8, load size=0000000c bytes, run addr=20002140, run size=00000020 bytes, compression=lzss
	.bss: load addr=00000fc0, load size=00000008 bytes, run addr=20000000, run size=00001f40 bytes, compression=zero_init


LINKER GENERATED HANDLER TABLE

__TI_handler_table @ 00000fb4 records: 3, size/record: 4, table size: 12
	index: 0, handler: __TI_decompress_lzss
	index: 1, handler: __TI_decompress_none
	index: 2, handler: __TI_zero_init


GLOBAL SYMBOLS: SORTED ALPHABETICALLY BY Name 

address   name                          
-------   ----                          
2000214c  AD0                           
20002150  AD1                           
00000ae5  ADC0Seq0_Handler              
00000ae7  ADC0Seq1_Handler              
00000ae9  ADC0Seq2_Handler              
00000aeb  ADC0Seq3_Handler              
00000b29  ADC1Seq0_Handler              
00000b2b  ADC1Seq1_Handler              
00000b2d  ADC1Seq2_Handler              
00000b2f  ADC1Seq3_Handler              
000003ed  ADC_Init                      
00000fa5  C$$EXIT                       
00000b17  CAN0_Handler                  
00000b19  CAN1_Handler                  
00000b1b  CAN2_Handler                  
000005ed  Clock_Init                    
00000afb  Comp0_Handler                 
00000afd  Comp1_Handler                 
00000aff  Comp2_Handler                 
00000ac3  DebugMon_Handler              
0000068d  Delay                         
00000bad  DisableInterrupts             
00000bb1  EnableInterrupts              
00000bbd  EndCritical                   
00000b1d  Ethernet_Handler              
00000b33  ExtBus_Handler                
00000b6d  FPU_Handler                   
00000b7d  Fan0_Handler                  
00000b03  FlashCtl_Handler              
00000ac9  GPIOPortA_Handler             
00000acb  GPIOPortB_Handler             
00000acd  GPIOPortC_Handler             
00000acf  GPIOPortD_Handler             
00000ad1  GPIOPortE_Handler             
00000b05  GPIOPortF_Handler             
00000b07  GPIOPortG_Handler             
00000b09  GPIOPortH_Handler             
00000b35  GPIOPortJ_Handler             
00000b37  GPIOPortK_Handler             
00000b39  GPIOPortL_Handler             
00000b77  GPIOPortM_Handler             
00000b79  GPIOPortN_Handler             
00000b81  GPIOPortP1_Handler            
00000b83  GPIOPortP2_Handler            
00000b85  GPIOPortP3_Handler            
00000b87  GPIOPortP4_Handler            
00000b89  GPIOPortP5_Handler            
00000b8b  GPIOPortP6_Handler            
00000b8d  GPIOPortP7_Handler            
00000b7f  GPIOPortP_Handler             
00000b91  GPIOPortQ1_Handler            
00000b93  GPIOPortQ2_Handler            
00000b95  GPIOPortQ3_Handler            
00000b97  GPIOPortQ4_Handler            
00000b99  GPIOPortQ5_Handler            
00000b9b  GPIOPortQ6_Handler            
00000b9d  GPIOPortQ7_Handler            
00000b8f  GPIOPortQ_Handler             
00000b9f  GPIOPortR_Handler             
00000ba1  GPIOPortS_Handler             
00000b1f  Hibernate_Handler             
00000ad9  I2C0_Handler                  
00000b13  I2C1_Handler                  
00000b49  I2C2_Handler                  
00000b4b  I2C3_Handler                  
00000b73  I2C4_Handler                  
00000b75  I2C5_Handler                  
00000b31  I2S0_Handler                  
2000215c  LOAD_QEI                      
00000b71  LPC0_Handler                  
00000b6f  PECI0_Handler                 
000003bf  PORTC_INIT                    
00000adb  PWM0Fault_Handler             
00000add  PWM0Generator0_Handler        
00000adf  PWM0Generator1_Handler        
00000ae1  PWM0Generator2_Handler        
00000b23  PWM0Generator3_Handler        
00000bab  PWM1Fault_Handler             
00000ba3  PWM1Generator0_Handler        
00000ba5  PWM1Generator1_Handler        
00000ba7  PWM1Generator2_Handler        
00000ba9  PWM1Generator3_Handler        
00000529  PWM1_3_Init                   
20002140  PWMGERAL                      
00000ac5  PendSV_Handler                
0000058f  PortF_Init                    
00000399  QEI_INIT                      
00000ae3  Quadrature0_Handler           
00000b15  Quadrature1_Handler           
00000b7b  Quadrature2_Handler           
00000ab5  ResetISR                      
00000ad7  SSI0_Handler                  
00000b0d  SSI1_Handler                  
00000b3b  SSI2_Handler                  
00000b3d  SSI3_Handler                  
00000ac1  SVC_Handler                   
00000bb5  StartCritical                 
00000b01  SysCtl_Handler                
00000ac7  SysTick_Handler               
0000034b  Timer0A_Handler               
000004dd  Timer0A_Init                  
00000af1  Timer0B_Handler               
00000af3  Timer1A_Handler               
00000af5  Timer1B_Handler               
00000af7  Timer2A_Handler               
00000af9  Timer2B_Handler               
00000b0f  Timer3A_Handler               
00000b11  Timer3B_Handler               
00000b4d  Timer4A_Handler               
00000b4f  Timer4B_Handler               
00000b51  Timer5A_Handler               
00000b53  Timer5B_Handler               
00000ad3  UART0_Handler                 
00000ad5  UART1_Handler                 
00000b0b  UART2_Handler                 
00000b3f  UART3_Handler                 
00000b41  UART4_Handler                 
00000b43  UART5_Handler                 
00000b45  UART6_Handler                 
00000b47  UART7_Handler                 
00000b21  USB0_Handler                  
00000aed  WDT_Handler                   
00000bc3  WaitForInterrupt              
00000b55  WideTimer0A_Handler           
00000b57  WideTimer0B_Handler           
00000b59  WideTimer1A_Handler           
00000b5b  WideTimer1B_Handler           
00000b5d  WideTimer2A_Handler           
00000b5f  WideTimer2B_Handler           
00000b61  WideTimer3A_Handler           
00000b63  WideTimer3B_Handler           
00000b65  WideTimer4A_Handler           
00000b67  WideTimer4B_Handler           
00000b69  WideTimer5A_Handler           
00000b6b  WideTimer5B_Handler           
20002140  __STACK_END                   
00000200  __STACK_SIZE                  
20002140  __STACK_TOP                   
00000fc8  __TI_CINIT_Base               
00000fd8  __TI_CINIT_Limit              
00000fb4  __TI_Handler_Table_Base       
00000fc0  __TI_Handler_Table_Limit      
00000e89  __TI_auto_init_nobinit_nopinit
00000dd9  __TI_decompress_lzss          
00000f87  __TI_decompress_none          
ffffffff  __TI_pprof_out_hndl           
ffffffff  __TI_prof_data_size           
ffffffff  __TI_prof_data_start          
00000000  __TI_static_base__            
00000f95  __TI_zero_init                
00000e41  __aeabi_d2iz                  
000007d3  __aeabi_dadd                  
0000097f  __aeabi_ddiv                  
00000bc7  __aeabi_dmul                  
000007c9  __aeabi_dsub                  
00000ecd  __aeabi_f2d                   
00000f39  __aeabi_i2d                   
00000d5f  __aeabi_memclr                
00000d5f  __aeabi_memclr4               
00000d5f  __aeabi_memclr8               
00000cc3  __aeabi_memcpy                
00000cc3  __aeabi_memcpy4               
00000cc3  __aeabi_memcpy8               
00000d61  __aeabi_memset                
00000d61  __aeabi_memset4               
00000d61  __aeabi_memset8               
00000f67  __aeabi_ui2d                  
ffffffff  __binit__                     
ffffffff  __c_args__                    
UNDEFED   __mpu_init                    
20001f40  __stack                       
20000000  __start___llvm_prf_cnts       
20000000  __stop___llvm_prf_cnts        
00000f05  _c_int00_noargs               
UNDEFED   _system_post_cinit            
00000fa1  _system_pre_init              
00000fa5  abort                         
ffffffff  binit                         
20002148  delay                         
00000000  g_pfnVectors                  
0000026d  main                          
00000cc3  memcpy                        
00000d67  memset                        
20002144  tensao_motor                  
00000b27  uDMA_Error                    
00000b25  uDMA_Handler                  
20002158  velocidade                    
20000000  vet0                          
20000fa0  vet1                          
20002154  x                             


GLOBAL SYMBOLS: SORTED BY Symbol Address 

address   name                          
-------   ----                          
00000000  __TI_static_base__            
00000000  g_pfnVectors                  
00000200  __STACK_SIZE                  
0000026d  main                          
0000034b  Timer0A_Handler               
00000399  QEI_INIT                      
000003bf  PORTC_INIT                    
000003ed  ADC_Init                      
000004dd  Timer0A_Init                  
00000529  PWM1_3_Init                   
0000058f  PortF_Init                    
000005ed  Clock_Init                    
0000068d  Delay                         
000007c9  __aeabi_dsub                  
000007d3  __aeabi_dadd                  
0000097f  __aeabi_ddiv                  
00000ab5  ResetISR                      
00000ac1  SVC_Handler                   
00000ac3  DebugMon_Handler              
00000ac5  PendSV_Handler                
00000ac7  SysTick_Handler               
00000ac9  GPIOPortA_Handler             
00000acb  GPIOPortB_Handler             
00000acd  GPIOPortC_Handler             
00000acf  GPIOPortD_Handler             
00000ad1  GPIOPortE_Handler             
00000ad3  UART0_Handler                 
00000ad5  UART1_Handler                 
00000ad7  SSI0_Handler                  
00000ad9  I2C0_Handler                  
00000adb  PWM0Fault_Handler             
00000add  PWM0Generator0_Handler        
00000adf  PWM0Generator1_Handler        
00000ae1  PWM0Generator2_Handler        
00000ae3  Quadrature0_Handler           
00000ae5  ADC0Seq0_Handler              
00000ae7  ADC0Seq1_Handler              
00000ae9  ADC0Seq2_Handler              
00000aeb  ADC0Seq3_Handler              
00000aed  WDT_Handler                   
00000af1  Timer0B_Handler               
00000af3  Timer1A_Handler               
00000af5  Timer1B_Handler               
00000af7  Timer2A_Handler               
00000af9  Timer2B_Handler               
00000afb  Comp0_Handler                 
00000afd  Comp1_Handler                 
00000aff  Comp2_Handler                 
00000b01  SysCtl_Handler                
00000b03  FlashCtl_Handler              
00000b05  GPIOPortF_Handler             
00000b07  GPIOPortG_Handler             
00000b09  GPIOPortH_Handler             
00000b0b  UART2_Handler                 
00000b0d  SSI1_Handler                  
00000b0f  Timer3A_Handler               
00000b11  Timer3B_Handler               
00000b13  I2C1_Handler                  
00000b15  Quadrature1_Handler           
00000b17  CAN0_Handler                  
00000b19  CAN1_Handler                  
00000b1b  CAN2_Handler                  
00000b1d  Ethernet_Handler              
00000b1f  Hibernate_Handler             
00000b21  USB0_Handler                  
00000b23  PWM0Generator3_Handler        
00000b25  uDMA_Handler                  
00000b27  uDMA_Error                    
00000b29  ADC1Seq0_Handler              
00000b2b  ADC1Seq1_Handler              
00000b2d  ADC1Seq2_Handler              
00000b2f  ADC1Seq3_Handler              
00000b31  I2S0_Handler                  
00000b33  ExtBus_Handler                
00000b35  GPIOPortJ_Handler             
00000b37  GPIOPortK_Handler             
00000b39  GPIOPortL_Handler             
00000b3b  SSI2_Handler                  
00000b3d  SSI3_Handler                  
00000b3f  UART3_Handler                 
00000b41  UART4_Handler                 
00000b43  UART5_Handler                 
00000b45  UART6_Handler                 
00000b47  UART7_Handler                 
00000b49  I2C2_Handler                  
00000b4b  I2C3_Handler                  
00000b4d  Timer4A_Handler               
00000b4f  Timer4B_Handler               
00000b51  Timer5A_Handler               
00000b53  Timer5B_Handler               
00000b55  WideTimer0A_Handler           
00000b57  WideTimer0B_Handler           
00000b59  WideTimer1A_Handler           
00000b5b  WideTimer1B_Handler           
00000b5d  WideTimer2A_Handler           
00000b5f  WideTimer2B_Handler           
00000b61  WideTimer3A_Handler           
00000b63  WideTimer3B_Handler           
00000b65  WideTimer4A_Handler           
00000b67  WideTimer4B_Handler           
00000b69  WideTimer5A_Handler           
00000b6b  WideTimer5B_Handler           
00000b6d  FPU_Handler                   
00000b6f  PECI0_Handler                 
00000b71  LPC0_Handler                  
00000b73  I2C4_Handler                  
00000b75  I2C5_Handler                  
00000b77  GPIOPortM_Handler             
00000b79  GPIOPortN_Handler             
00000b7b  Quadrature2_Handler           
00000b7d  Fan0_Handler                  
00000b7f  GPIOPortP_Handler             
00000b81  GPIOPortP1_Handler            
00000b83  GPIOPortP2_Handler            
00000b85  GPIOPortP3_Handler            
00000b87  GPIOPortP4_Handler            
00000b89  GPIOPortP5_Handler            
00000b8b  GPIOPortP6_Handler            
00000b8d  GPIOPortP7_Handler            
00000b8f  GPIOPortQ_Handler             
00000b91  GPIOPortQ1_Handler            
00000b93  GPIOPortQ2_Handler            
00000b95  GPIOPortQ3_Handler            
00000b97  GPIOPortQ4_Handler            
00000b99  GPIOPortQ5_Handler            
00000b9b  GPIOPortQ6_Handler            
00000b9d  GPIOPortQ7_Handler            
00000b9f  GPIOPortR_Handler             
00000ba1  GPIOPortS_Handler             
00000ba3  PWM1Generator0_Handler        
00000ba5  PWM1Generator1_Handler        
00000ba7  PWM1Generator2_Handler        
00000ba9  PWM1Generator3_Handler        
00000bab  PWM1Fault_Handler             
00000bad  DisableInterrupts             
00000bb1  EnableInterrupts              
00000bb5  StartCritical                 
00000bbd  EndCritical                   
00000bc3  WaitForInterrupt              
00000bc7  __aeabi_dmul                  
00000cc3  __aeabi_memcpy                
00000cc3  __aeabi_memcpy4               
00000cc3  __aeabi_memcpy8               
00000cc3  memcpy                        
00000d5f  __aeabi_memclr                
00000d5f  __aeabi_memclr4               
00000d5f  __aeabi_memclr8               
00000d61  __aeabi_memset                
00000d61  __aeabi_memset4               
00000d61  __aeabi_memset8               
00000d67  memset                        
00000dd9  __TI_decompress_lzss          
00000e41  __aeabi_d2iz                  
00000e89  __TI_auto_init_nobinit_nopinit
00000ecd  __aeabi_f2d                   
00000f05  _c_int00_noargs               
00000f39  __aeabi_i2d                   
00000f67  __aeabi_ui2d                  
00000f87  __TI_decompress_none          
00000f95  __TI_zero_init                
00000fa1  _system_pre_init              
00000fa5  C$$EXIT                       
00000fa5  abort                         
00000fb4  __TI_Handler_Table_Base       
00000fc0  __TI_Handler_Table_Limit      
00000fc8  __TI_CINIT_Base               
00000fd8  __TI_CINIT_Limit              
20000000  __start___llvm_prf_cnts       
20000000  __stop___llvm_prf_cnts        
20000000  vet0                          
20000fa0  vet1                          
20001f40  __stack                       
20002140  PWMGERAL                      
20002140  __STACK_END                   
20002140  __STACK_TOP                   
20002144  tensao_motor                  
20002148  delay                         
2000214c  AD0                           
20002150  AD1                           
20002154  x                             
20002158  velocidade                    
2000215c  LOAD_QEI                      
ffffffff  __TI_pprof_out_hndl           
ffffffff  __TI_prof_data_size           
ffffffff  __TI_prof_data_start          
ffffffff  __binit__                     
ffffffff  __c_args__                    
ffffffff  binit                         
UNDEFED   __mpu_init                    
UNDEFED   _system_post_cinit            

[190 symbols]
