******************************************************************************
                  TI ARM Linker PC v20.2.7                     
******************************************************************************
>> Linked Fri Jan 17 13:17:17 2025

OUTPUT FILE NAME:   <CONTROLE MOTOR CC.out>
ENTRY POINT SYMBOL: "_c_int00_noargs"  address: 000007bd


MEMORY CONFIGURATION

         name            origin    length      used     unused   attr    fill
----------------------  --------  ---------  --------  --------  ----  --------
  FLASH                 00000000   00040000  0000085a  0003f7a6  R  X
  SRAM                  20000000   00008000  00005040  00002fc0  RW X


SEGMENT ALLOCATION MAP

run origin  load origin   length   init length attrs members
----------  ----------- ---------- ----------- ----- -------
00000000    00000000    00000860   00000860    r-x
  00000000    00000000    0000026c   0000026c    r-- .intvecs
  0000026c    0000026c    000005a6   000005a6    r-x .text
  00000818    00000818    00000048   00000048    r-- .cinit
20000000    20000000    00005040   00000000    rw-
  20000000    20000000    00004e20   00000000    rw- .bss
  20004e20    20004e20    00000200   00000000    rw- .stack
  20005020    20005020    00000020   00000000    rw- .data


SECTION ALLOCATION MAP

 output                                  attributes/
section   page    origin      length       input sections
--------  ----  ----------  ----------   ----------------
.intvecs   0    00000000    0000026c     
                  00000000    0000026c     tm4c123gh6pm_startup_ccs.obj (.intvecs)

.text      0    0000026c    000005a6     
                  0000026c    0000027c     Malha_Aberta.obj (.text)
                  000004e8    00000112     tm4c123gh6pm_startup_ccs.obj (.text)
                  000005fa    0000009c     rtsv7M4_T_le_v4SPD16_eabi.lib : memcpy_t2.asm.obj (.text)
                  00000696    0000007a                                   : memset_t2.asm.obj (.text)
                  00000710    00000068                                   : copy_decompress_lzss.c.obj (.text:decompress:lzss:__TI_decompress_lzss)
                  00000778    00000044                                   : autoinit.c.obj (.text:__TI_auto_init_nobinit_nopinit:__TI_auto_init_nobinit_nopinit)
                  000007bc    00000034                                   : boot_cortex_m.c.obj (.text:_c_int00_noargs:_c_int00_noargs)
                  000007f0    0000000e                                   : copy_decompress_none.c.obj (.text:decompress:none:__TI_decompress_none)
                  000007fe    0000000c                                   : copy_zero_init.c.obj (.text:decompress:ZI:__TI_zero_init)
                  0000080a    00000004                                   : pre_init.c.obj (.text:_system_pre_init)
                  0000080e    00000004                                   : exit.c.obj (.text:abort:abort)

.cinit     0    00000818    00000048     
                  00000818    0000001d     (.cinit..data.load) [load image, compression = lzss]
                  00000835    00000003     --HOLE-- [fill = 0]
                  00000838    0000000c     (__TI_handler_table)
                  00000844    00000004     --HOLE-- [fill = 0]
                  00000848    00000008     (.cinit..bss.load) [load image, compression = zero_init]
                  00000850    00000010     (__TI_cinit_table)

.init_array 
*          0    00000000    00000000     UNINITIALIZED

.bss       0    20000000    00004e20     UNINITIALIZED
                  20000000    00004e20     (.common:vet)

.data      0    20005020    00000020     UNINITIALIZED
                  20005020    00000020     Malha_Aberta.obj (.data)

.stack     0    20004e20    00000200     UNINITIALIZED
                  20004e20    00000004     rtsv7M4_T_le_v4SPD16_eabi.lib : boot_cortex_m.c.obj (.stack)
                  20004e24    000001fc     --HOLE--

__llvm_prf_cnts 
*          0    20000000    00000000     UNINITIALIZED

MODULE SUMMARY

       Module                         code   ro data   rw data
       ------                         ----   -------   -------
    .\
       Malha_Aberta.obj               636    0         20032  
       tm4c123gh6pm_startup_ccs.obj   274    620       0      
    +--+------------------------------+------+---------+---------+
       Total:                         910    620       20032  
                                                              
    C:\ti\ccs1230\ccs\tools\compiler\ti-cgt-arm_20.2.7.LTS\lib\rtsv7M4_T_le_v4SPD16_eabi.lib
       memcpy_t2.asm.obj              156    0         0      
       memset_t2.asm.obj              122    0         0      
       copy_decompress_lzss.c.obj     104    0         0      
       autoinit.c.obj                 68     0         0      
       boot_cortex_m.c.obj            52     0         0      
       copy_decompress_none.c.obj     14     0         0      
       copy_zero_init.c.obj           12     0         0      
       exit.c.obj                     4      0         0      
       pre_init.c.obj                 4      0         0      
    +--+------------------------------+------+---------+---------+
       Total:                         536    0         0      
                                                              
       Stack:                         0      0         512    
       Linker Generated:              0      65        0      
    +--+------------------------------+------+---------+---------+
       Grand Total:                   1446   685       20544  


LINKER GENERATED COPY TABLES

__TI_cinit_table @ 00000850 records: 2, size/record: 8, table size: 16
	.data: load addr=00000818, load size=0000001d bytes, run addr=20005020, run size=00000020 bytes, compression=lzss
	.bss: load addr=00000848, load size=00000008 bytes, run addr=20000000, run size=00004e20 bytes, compression=zero_init


LINKER GENERATED HANDLER TABLE

__TI_handler_table @ 00000838 records: 3, size/record: 4, table size: 12
	index: 0, handler: __TI_decompress_lzss
	index: 1, handler: __TI_decompress_none
	index: 2, handler: __TI_zero_init


GLOBAL SYMBOLS: SORTED ALPHABETICALLY BY Name 

address   name                          
-------   ----                          
20005020  AD                            
00000519  ADC0Seq0_Handler              
0000051b  ADC0Seq1_Handler              
0000051d  ADC0Seq2_Handler              
0000051f  ADC0Seq3_Handler              
0000055d  ADC1Seq0_Handler              
0000055f  ADC1Seq1_Handler              
00000561  ADC1Seq2_Handler              
00000563  ADC1Seq3_Handler              
00000311  ADC_Init                      
0000080f  C$$EXIT                       
0000054b  CAN0_Handler                  
0000054d  CAN1_Handler                  
0000054f  CAN2_Handler                  
UNDEFED   Clock_Init                    
0000052f  Comp0_Handler                 
00000531  Comp1_Handler                 
00000533  Comp2_Handler                 
000004f7  DebugMon_Handler              
000005e1  DisableInterrupts             
000005e5  EnableInterrupts              
000005f1  EndCritical                   
00000551  Ethernet_Handler              
00000567  ExtBus_Handler                
000005a1  FPU_Handler                   
000005b1  Fan0_Handler                  
00000537  FlashCtl_Handler              
000004fd  GPIOPortA_Handler             
000004ff  GPIOPortB_Handler             
00000501  GPIOPortC_Handler             
00000503  GPIOPortD_Handler             
00000505  GPIOPortE_Handler             
00000539  GPIOPortF_Handler             
0000053b  GPIOPortG_Handler             
0000053d  GPIOPortH_Handler             
00000569  GPIOPortJ_Handler             
0000056b  GPIOPortK_Handler             
0000056d  GPIOPortL_Handler             
000005ab  GPIOPortM_Handler             
000005ad  GPIOPortN_Handler             
000005b5  GPIOPortP1_Handler            
000005b7  GPIOPortP2_Handler            
000005b9  GPIOPortP3_Handler            
000005bb  GPIOPortP4_Handler            
000005bd  GPIOPortP5_Handler            
000005bf  GPIOPortP6_Handler            
000005c1  GPIOPortP7_Handler            
000005b3  GPIOPortP_Handler             
000005c5  GPIOPortQ1_Handler            
000005c7  GPIOPortQ2_Handler            
000005c9  GPIOPortQ3_Handler            
000005cb  GPIOPortQ4_Handler            
000005cd  GPIOPortQ5_Handler            
000005cf  GPIOPortQ6_Handler            
000005d1  GPIOPortQ7_Handler            
000005c3  GPIOPortQ_Handler             
000005d3  GPIOPortR_Handler             
000005d5  GPIOPortS_Handler             
00000553  Hibernate_Handler             
0000050d  I2C0_Handler                  
00000547  I2C1_Handler                  
0000057d  I2C2_Handler                  
0000057f  I2C3_Handler                  
000005a7  I2C4_Handler                  
000005a9  I2C5_Handler                  
00000565  I2S0_Handler                  
000005a5  LPC0_Handler                  
000005a3  PECI0_Handler                 
2000503c  PPRenc                        
0000050f  PWM0Fault_Handler             
00000511  PWM0Generator0_Handler        
00000513  PWM0Generator1_Handler        
00000515  PWM0Generator2_Handler        
00000557  PWM0Generator3_Handler        
000005df  PWM1Fault_Handler             
000005d7  PWM1Generator0_Handler        
000005d9  PWM1Generator1_Handler        
000005db  PWM1Generator2_Handler        
000005dd  PWM1Generator3_Handler        
000003a5  PWM1_0_A_Init                 
UNDEFED   PWM1_3_B_Init                 
000004f9  PendSV_Handler                
00000405  PortF_Init                    
00000517  Quadrature0_Handler           
00000549  Quadrature1_Handler           
000005af  Quadrature2_Handler           
2000502c  RPM                           
000004e9  ResetISR                      
0000050b  SSI0_Handler                  
00000541  SSI1_Handler                  
0000056f  SSI2_Handler                  
00000571  SSI3_Handler                  
000004f5  SVC_Handler                   
000005e9  StartCritical                 
00000535  SysCtl_Handler                
000004fb  SysTick_Handler               
000002b3  Timer0A_Handler               
000002dd  Timer0A_Init                  
00000525  Timer0B_Handler               
00000527  Timer1A_Handler               
00000529  Timer1B_Handler               
0000052b  Timer2A_Handler               
0000052d  Timer2B_Handler               
00000543  Timer3A_Handler               
00000545  Timer3B_Handler               
00000581  Timer4A_Handler               
00000583  Timer4B_Handler               
00000585  Timer5A_Handler               
00000587  Timer5B_Handler               
00000507  UART0_Handler                 
00000509  UART1_Handler                 
0000053f  UART2_Handler                 
00000573  UART3_Handler                 
00000575  UART4_Handler                 
00000577  UART5_Handler                 
00000579  UART6_Handler                 
0000057b  UART7_Handler                 
00000555  USB0_Handler                  
00000521  WDT_Handler                   
000005f7  WaitForInterrupt              
00000589  WideTimer0A_Handler           
0000058b  WideTimer0B_Handler           
0000058d  WideTimer1A_Handler           
0000058f  WideTimer1B_Handler           
00000591  WideTimer2A_Handler           
00000593  WideTimer2B_Handler           
00000595  WideTimer3A_Handler           
00000597  WideTimer3B_Handler           
00000599  WideTimer4A_Handler           
0000059b  WideTimer4B_Handler           
0000059d  WideTimer5A_Handler           
0000059f  WideTimer5B_Handler           
20005020  __STACK_END                   
00000200  __STACK_SIZE                  
20005020  __STACK_TOP                   
00000850  __TI_CINIT_Base               
00000860  __TI_CINIT_Limit              
00000838  __TI_Handler_Table_Base       
00000844  __TI_Handler_Table_Limit      
00000779  __TI_auto_init_nobinit_nopinit
00000711  __TI_decompress_lzss          
000007f1  __TI_decompress_none          
ffffffff  __TI_pprof_out_hndl           
ffffffff  __TI_prof_data_size           
ffffffff  __TI_prof_data_start          
00000000  __TI_static_base__            
000007ff  __TI_zero_init                
00000697  __aeabi_memclr                
00000697  __aeabi_memclr4               
00000697  __aeabi_memclr8               
000005fb  __aeabi_memcpy                
000005fb  __aeabi_memcpy4               
000005fb  __aeabi_memcpy8               
00000699  __aeabi_memset                
00000699  __aeabi_memset4               
00000699  __aeabi_memset8               
ffffffff  __binit__                     
ffffffff  __c_args__                    
UNDEFED   __mpu_init                    
20004e20  __stack                       
20000000  __start___llvm_prf_cnts       
20000000  __stop___llvm_prf_cnts        
000007bd  _c_int00_noargs               
UNDEFED   _system_post_cinit            
0000080b  _system_pre_init              
0000080f  abort                         
ffffffff  binit                         
20005028  duty                          
20005034  freqADC                       
20005038  freqPWM                       
20005030  freqQEI                       
00000000  g_pfnVectors                  
0000026d  main                          
000005fb  memcpy                        
0000069f  memset                        
0000055b  uDMA_Error                    
00000559  uDMA_Handler                  
20000000  vet                           
20005024  x                             


GLOBAL SYMBOLS: SORTED BY Symbol Address 

address   name                          
-------   ----                          
00000000  __TI_static_base__            
00000000  g_pfnVectors                  
00000200  __STACK_SIZE                  
0000026d  main                          
000002b3  Timer0A_Handler               
000002dd  Timer0A_Init                  
00000311  ADC_Init                      
000003a5  PWM1_0_A_Init                 
00000405  PortF_Init                    
000004e9  ResetISR                      
000004f5  SVC_Handler                   
000004f7  DebugMon_Handler              
000004f9  PendSV_Handler                
000004fb  SysTick_Handler               
000004fd  GPIOPortA_Handler             
000004ff  GPIOPortB_Handler             
00000501  GPIOPortC_Handler             
00000503  GPIOPortD_Handler             
00000505  GPIOPortE_Handler             
00000507  UART0_Handler                 
00000509  UART1_Handler                 
0000050b  SSI0_Handler                  
0000050d  I2C0_Handler                  
0000050f  PWM0Fault_Handler             
00000511  PWM0Generator0_Handler        
00000513  PWM0Generator1_Handler        
00000515  PWM0Generator2_Handler        
00000517  Quadrature0_Handler           
00000519  ADC0Seq0_Handler              
0000051b  ADC0Seq1_Handler              
0000051d  ADC0Seq2_Handler              
0000051f  ADC0Seq3_Handler              
00000521  WDT_Handler                   
00000525  Timer0B_Handler               
00000527  Timer1A_Handler               
00000529  Timer1B_Handler               
0000052b  Timer2A_Handler               
0000052d  Timer2B_Handler               
0000052f  Comp0_Handler                 
00000531  Comp1_Handler                 
00000533  Comp2_Handler                 
00000535  SysCtl_Handler                
00000537  FlashCtl_Handler              
00000539  GPIOPortF_Handler             
0000053b  GPIOPortG_Handler             
0000053d  GPIOPortH_Handler             
0000053f  UART2_Handler                 
00000541  SSI1_Handler                  
00000543  Timer3A_Handler               
00000545  Timer3B_Handler               
00000547  I2C1_Handler                  
00000549  Quadrature1_Handler           
0000054b  CAN0_Handler                  
0000054d  CAN1_Handler                  
0000054f  CAN2_Handler                  
00000551  Ethernet_Handler              
00000553  Hibernate_Handler             
00000555  USB0_Handler                  
00000557  PWM0Generator3_Handler        
00000559  uDMA_Handler                  
0000055b  uDMA_Error                    
0000055d  ADC1Seq0_Handler              
0000055f  ADC1Seq1_Handler              
00000561  ADC1Seq2_Handler              
00000563  ADC1Seq3_Handler              
00000565  I2S0_Handler                  
00000567  ExtBus_Handler                
00000569  GPIOPortJ_Handler             
0000056b  GPIOPortK_Handler             
0000056d  GPIOPortL_Handler             
0000056f  SSI2_Handler                  
00000571  SSI3_Handler                  
00000573  UART3_Handler                 
00000575  UART4_Handler                 
00000577  UART5_Handler                 
00000579  UART6_Handler                 
0000057b  UART7_Handler                 
0000057d  I2C2_Handler                  
0000057f  I2C3_Handler                  
00000581  Timer4A_Handler               
00000583  Timer4B_Handler               
00000585  Timer5A_Handler               
00000587  Timer5B_Handler               
00000589  WideTimer0A_Handler           
0000058b  WideTimer0B_Handler           
0000058d  WideTimer1A_Handler           
0000058f  WideTimer1B_Handler           
00000591  WideTimer2A_Handler           
00000593  WideTimer2B_Handler           
00000595  WideTimer3A_Handler           
00000597  WideTimer3B_Handler           
00000599  WideTimer4A_Handler           
0000059b  WideTimer4B_Handler           
0000059d  WideTimer5A_Handler           
0000059f  WideTimer5B_Handler           
000005a1  FPU_Handler                   
000005a3  PECI0_Handler                 
000005a5  LPC0_Handler                  
000005a7  I2C4_Handler                  
000005a9  I2C5_Handler                  
000005ab  GPIOPortM_Handler             
000005ad  GPIOPortN_Handler             
000005af  Quadrature2_Handler           
000005b1  Fan0_Handler                  
000005b3  GPIOPortP_Handler             
000005b5  GPIOPortP1_Handler            
000005b7  GPIOPortP2_Handler            
000005b9  GPIOPortP3_Handler            
000005bb  GPIOPortP4_Handler            
000005bd  GPIOPortP5_Handler            
000005bf  GPIOPortP6_Handler            
000005c1  GPIOPortP7_Handler            
000005c3  GPIOPortQ_Handler             
000005c5  GPIOPortQ1_Handler            
000005c7  GPIOPortQ2_Handler            
000005c9  GPIOPortQ3_Handler            
000005cb  GPIOPortQ4_Handler            
000005cd  GPIOPortQ5_Handler            
000005cf  GPIOPortQ6_Handler            
000005d1  GPIOPortQ7_Handler            
000005d3  GPIOPortR_Handler             
000005d5  GPIOPortS_Handler             
000005d7  PWM1Generator0_Handler        
000005d9  PWM1Generator1_Handler        
000005db  PWM1Generator2_Handler        
000005dd  PWM1Generator3_Handler        
000005df  PWM1Fault_Handler             
000005e1  DisableInterrupts             
000005e5  EnableInterrupts              
000005e9  StartCritical                 
000005f1  EndCritical                   
000005f7  WaitForInterrupt              
000005fb  __aeabi_memcpy                
000005fb  __aeabi_memcpy4               
000005fb  __aeabi_memcpy8               
000005fb  memcpy                        
00000697  __aeabi_memclr                
00000697  __aeabi_memclr4               
00000697  __aeabi_memclr8               
00000699  __aeabi_memset                
00000699  __aeabi_memset4               
00000699  __aeabi_memset8               
0000069f  memset                        
00000711  __TI_decompress_lzss          
00000779  __TI_auto_init_nobinit_nopinit
000007bd  _c_int00_noargs               
000007f1  __TI_decompress_none          
000007ff  __TI_zero_init                
0000080b  _system_pre_init              
0000080f  C$$EXIT                       
0000080f  abort                         
00000838  __TI_Handler_Table_Base       
00000844  __TI_Handler_Table_Limit      
00000850  __TI_CINIT_Base               
00000860  __TI_CINIT_Limit              
20000000  __start___llvm_prf_cnts       
20000000  __stop___llvm_prf_cnts        
20000000  vet                           
20004e20  __stack                       
20005020  AD                            
20005020  __STACK_END                   
20005020  __STACK_TOP                   
20005024  x                             
20005028  duty                          
2000502c  RPM                           
20005030  freqQEI                       
20005034  freqADC                       
20005038  freqPWM                       
2000503c  PPRenc                        
ffffffff  __TI_pprof_out_hndl           
ffffffff  __TI_prof_data_size           
ffffffff  __TI_prof_data_start          
ffffffff  __binit__                     
ffffffff  __c_args__                    
ffffffff  binit                         
UNDEFED   Clock_Init                    
UNDEFED   PWM1_3_B_Init                 
UNDEFED   __mpu_init                    
UNDEFED   _system_post_cinit            

[179 symbols]
